<html>
<body>
<pre>
<h1>µVision Build Log</h1>
<h2>Tool Versions:</h2>
IDE-Version: ¦ÌVision V5.25.2.0
Copyright (C) 2018 ARM Ltd and ARM Germany GmbH. All rights reserved.
License Information: 1 1, 1, LIC=0VR8T-RD819-PFSIX-HAFQG-8QH67-630RF
 
Tool Versions:
Toolchain:       MDK-ARM Professional  Version: 5.25.2.0
Toolchain Path:  C:\Keil_v5\ARM\ARMCC\Bin
C Compiler:      Armcc.exe V5.06 update 6 (build 750)
Assembler:       Armasm.exe V5.06 update 6 (build 750)
Linker/Locator:  ArmLink.exe V5.06 update 6 (build 750)
Library Manager: ArmAr.exe V5.06 update 6 (build 750)
Hex Converter:   FromElf.exe V5.06 update 6 (build 750)
CPU DLL:         SARMCM3.DLL V5.25.2.0
Dialog DLL:      DARMSTM.DLL V1.68.0.0
Target DLL:      Segger\JL2CM3.dll V2.99.29.0
Dialog DLL:      TARMSTM.DLL V1.66.0.0
 
<h2>Project:</h2>
F:\plc+stm32\Ä£Äâi2c\Project\RVMDK£¨uv5£©\BH-F103.uvprojx
Project File Date:  11/29/2018

<h2>Output:</h2>
*** Using Compiler 'V5.06 update 6 (build 750)', folder: 'C:\Keil_v5\ARM\ARMCC\Bin'
Build target 'AT24C02'
compiling main.c...
..\..\User\main.c(39): warning:  #9-D: nested comment is not allowed
   /**
..\..\User\main.c(97): warning:  #223-D: function "I2C_Config" declared implicitly
      I2C_Config();
..\..\User\main.c(105): warning:  #223-D: function "E2promWriteByte" declared implicitly
  			E2promWriteByte(i,WriteBuf[i]);
..\..\User\main.c(107): warning:  #223-D: function "Delay" declared implicitly
  			Delay(15); 
..\..\User\main.c(116): warning:  #223-D: function "E2promReadBuffer" declared implicitly
       E2promReadBuffer(0,ReadBuf,62);
..\..\User\main.c(133): warning:  #223-D: function "Delay" declared implicitly
  			Delay(15); 
..\..\User\main.c(90): warning:  #177-D: variable "flg"  was declared but never referenced
  	  uint8_t flg = 0;
..\..\User\main.c: 7 warnings, 0 errors
linking...
Program Size: Code=6720 RO-data=336 RW-data=112 ZI-data=1096  
FromELF: creating hex file...
"..\..\Output\Template.axf" - 0 Error(s), 7 Warning(s).

<h2>Software Packages used:</h2>

Package Vendor: Keil
                http://www.keil.com/pack/Keil.STM32F1xx_DFP.2.2.0.pack
                Keil.STM32F1xx_DFP.2.2.0
                STMicroelectronics STM32F1 Series Device Support, Drivers and Examples

<h2>Collection of Component include folders:</h2>
  .\RTE\_AT24C02
  C:\Keil_v5\ARM\PACK\Keil\STM32F1xx_DFP\2.2.0\Device\Include

<h2>Collection of Component Files used:</h2>
Build Time Elapsed:  00:00:02
</pre>
</body>
</html>
