ARM Linker, 5.03 [Build 76] [MDK-ARM Standard]

==============================================================================

Section Cross References

    startup_stm32f10x_hd.o(STACK) refers (Special) to heapauxi.o(.text) for __use_two_region_memory
    startup_stm32f10x_hd.o(HEAP) refers (Special) to heapauxi.o(.text) for __use_two_region_memory
    startup_stm32f10x_hd.o(RESET) refers (Special) to heapauxi.o(.text) for __use_two_region_memory
    startup_stm32f10x_hd.o(RESET) refers to startup_stm32f10x_hd.o(.text) for Reset_Handler
    startup_stm32f10x_hd.o(RESET) refers to wdg.o(.text) for WWDG_IRQHandler
    startup_stm32f10x_hd.o(RESET) refers to rtc.o(.text) for RTC_IRQHandler
    startup_stm32f10x_hd.o(RESET) refers to wkup.o(.text) for EXTI0_IRQHandler
    startup_stm32f10x_hd.o(RESET) refers to exti.o(.text) for EXTI2_IRQHandler
    startup_stm32f10x_hd.o(RESET) refers to usmart.o(.text) for TIM2_IRQHandler
    startup_stm32f10x_hd.o(RESET) refers to timer.o(.text) for TIM3_IRQHandler
    startup_stm32f10x_hd.o(RESET) refers to usart.o(.text) for USART1_IRQHandler
    startup_stm32f10x_hd.o(RESET) refers to rs485.o(.text) for USART2_IRQHandler
    startup_stm32f10x_hd.o(.text) refers (Special) to heapauxi.o(.text) for __use_two_region_memory
    startup_stm32f10x_hd.o(.text) refers to startup_stm32f10x_hd.o(STACK) for __initial_sp
    startup_stm32f10x_hd.o(.text) refers to __main.o(!!!main) for __main
    startup_stm32f10x_hd.o(.text) refers to startup_stm32f10x_hd.o(HEAP) for Heap_Mem
    test.o(.text) refers to sys.o(.text) for Stm32_Clock_Init
    test.o(.text) refers to usart.o(.text) for uart_init
    test.o(.text) refers to delay.o(.text) for delay_init
    test.o(.text) refers to led.o(.text) for LED_Init
    test.o(.text) refers to ili93xx.o(.text) for LCD_Init
    test.o(.text) refers to key.o(.text) for KEY_Init
    test.o(.text) refers to rs485.o(.text) for RS485_Init
    test.o(.text) refers to usmart_config.o(.data) for usmart_dev
    test.o(.text) refers to ili93xx.o(.data) for POINT_COLOR
    delay.o(.text) refers to delay.o(.data) for fac_us
    sys.o(.text) refers to sys.o(.emb_text) for WFI_SET
    usart.o(.text) refers (Special) to use_no_semi_2.o(.text) for __use_no_semihosting
    usart.o(.text) refers to fflt_clz.o(x$fpl$ffltu) for __aeabi_ui2f
    usart.o(.text) refers to fdiv.o(x$fpl$fdiv) for __aeabi_fdiv
    usart.o(.text) refers to ffixu.o(x$fpl$ffixu) for __aeabi_f2uiz
    usart.o(.text) refers to faddsub_clz.o(x$fpl$frsb) for __aeabi_frsub
    usart.o(.text) refers to fmul.o(x$fpl$fmul) for __aeabi_fmul
    usart.o(.text) refers to sys.o(.text) for MY_NVIC_Init
    usart.o(.text) refers to usart.o(.data) for USART_RX_STA
    usart.o(.text) refers to usart.o(.bss) for USART_RX_BUF
    usart.o(.bss) refers (Special) to use_no_semi_2.o(.text) for __use_no_semihosting
    usart.o(.data) refers (Special) to use_no_semi_2.o(.text) for __use_no_semihosting
    key.o(.text) refers to delay.o(.text) for delay_ms
    key.o(.text) refers to key.o(.data) for key_up
    exti.o(.text) refers to delay.o(.text) for delay_ms
    exti.o(.text) refers to key.o(.text) for KEY_Init
    exti.o(.text) refers to sys.o(.text) for Ex_NVIC_Config
    wdg.o(.text) refers to sys.o(.text) for MY_NVIC_Init
    wdg.o(.text) refers to wdg.o(.data) for WWDG_CNT
    timer.o(.text) refers to sys.o(.text) for MY_NVIC_Init
    timer.o(.text) refers to timer.o(.data) for TIM5CH1_CAPTURE_STA
    tpad.o(.text) refers to _printf_percent.o(.ARM.Collect$$_printf_percent$$00000000) for _printf_percent
    tpad.o(.text) refers to _printf_d.o(.ARM.Collect$$_printf_percent$$00000009) for _printf_d
    tpad.o(.text) refers to _printf_dec.o(.text) for _printf_int_dec
    tpad.o(.text) refers to delay.o(.text) for delay_ms
    tpad.o(.text) refers to noretval__2printf.o(.text) for __2printf
    tpad.o(.text) refers to tpad.o(.data) for tpad_default_val
    oled.o(.text) refers to delay.o(.text) for delay_ms
    oled.o(.text) refers to oled.o(.bss) for OLED_GRAM
    oled.o(.text) refers to oled.o(.constdata) for oled_asc2_1206
    ili93xx.o(.text) refers to _printf_percent.o(.ARM.Collect$$_printf_percent$$00000000) for _printf_percent
    ili93xx.o(.text) refers to _printf_x.o(.ARM.Collect$$_printf_percent$$0000000C) for _printf_x
    ili93xx.o(.text) refers to _printf_hex_int.o(.text) for _printf_longlong_hex
    ili93xx.o(.text) refers to delay.o(.text) for delay_us
    ili93xx.o(.text) refers to ili93xx.o(.bss) for lcddev
    ili93xx.o(.text) refers to ili93xx.o(.data) for POINT_COLOR
    ili93xx.o(.text) refers to noretval__2printf.o(.text) for __2printf
    ili93xx.o(.text) refers to ili93xx.o(.constdata) for asc2_1206
    rtc.o(.text) refers to delay.o(.text) for delay_ms
    rtc.o(.text) refers to noretval__2printf.o(.text) for __2printf
    rtc.o(.text) refers to sys.o(.text) for MY_NVIC_Init
    rtc.o(.text) refers to rtc.o(.constdata) for table_week
    rtc.o(.text) refers to rtc.o(.data) for daycnt
[...]
    _printf_intcommon.o(.text) refers (Weak) to _printf_pad.o(.text) for _printf_post_padding
    _printf_char.o(.text) refers (Weak) to _printf_str.o(.text) for _printf_str
    _printf_char_file.o(.text) refers to _printf_char_common.o(.text) for _printf_char_common
    _printf_char_file.o(.text) refers to ferror.o(.text) for ferror
    _printf_char_file.o(.text) refers to usart.o(.text) for fputc
    dnaninf.o(x$fpl$dnaninf) refers (Special) to usenofp.o(x$fpl$usenofp) for __I$use$fp
    dretinf.o(x$fpl$dretinf) refers (Special) to usenofp.o(x$fpl$usenofp) for __I$use$fp
    fnaninf.o(x$fpl$fnaninf) refers (Special) to usenofp.o(x$fpl$usenofp) for __I$use$fp
    fretinf.o(x$fpl$fretinf) refers (Special) to usenofp.o(x$fpl$usenofp) for __I$use$fp
    rtentry2.o(.ARM.Collect$$rtentry$$00000008) refers to boardinit2.o(.text) for _platform_post_stackheap_init
    rtentry2.o(.ARM.Collect$$rtentry$$0000000A) refers to libinit.o(.ARM.Collect$$libinit$$00000000) for __rt_lib_init
    rtentry2.o(.ARM.Collect$$rtentry$$0000000B) refers to boardinit3.o(.text) for _platform_post_lib_init
    rtentry2.o(.ARM.Collect$$rtentry$$0000000D) refers to test.o(.text) for main
    rtentry2.o(.ARM.Collect$$rtentry$$0000000D) refers to exit.o(.text) for exit
    rtentry2.o(.ARM.exidx) refers to rtentry2.o(.ARM.Collect$$rtentry$$00000001) for .ARM.Collect$$rtentry$$00000001
    rtentry2.o(.ARM.exidx) refers to rtentry2.o(.ARM.Collect$$rtentry$$00000008) for .ARM.Collect$$rtentry$$00000008
    rtentry2.o(.ARM.exidx) refers to rtentry2.o(.ARM.Collect$$rtentry$$0000000A) for .ARM.Collect$$rtentry$$0000000A
    rtentry2.o(.ARM.exidx) refers to rtentry2.o(.ARM.Collect$$rtentry$$0000000B) for .ARM.Collect$$rtentry$$0000000B
    rtentry2.o(.ARM.exidx) refers to rtentry2.o(.ARM.Collect$$rtentry$$0000000D) for .ARM.Collect$$rtentry$$0000000D
    rtentry4.o(.ARM.Collect$$rtentry$$00000004) refers to sys_stackheap_outer.o(.text) for __user_setup_stackheap
    rtentry4.o(.ARM.exidx) refers to rtentry4.o(.ARM.Collect$$rtentry$$00000004) for .ARM.Collect$$rtentry$$00000004
    _printf_char_common.o(.text) refers to __printf_flags_ss_wp.o(.text) for __printf
    sys_stackheap_outer.o(.text) refers to libspace.o(.text) for __user_perproc_libspace
    sys_stackheap_outer.o(.text) refers to startup_stm32f10x_hd.o(.text) for __user_initial_stackheap
    exit.o(.text) refers to rtexit.o(.ARM.Collect$$rtexit$$00000000) for __rt_exit
    libinit.o(.ARM.Collect$$libinit$$00000000) refers (Special) to libinit2.o(.ARM.Collect$$libinit$$0000002C) for __rt_lib_init_alloca_1
    libinit.o(.ARM.Collect$$libinit$$00000000) refers (Special) to libinit2.o(.ARM.Collect$$libinit$$0000002A) for __rt_lib_init_argv_1
    libinit.o(.ARM.Collect$$libinit$$00000000) refers (Special) to libinit2.o(.ARM.Collect$$libinit$$00000019) for __rt_lib_init_atexit_1
    libinit.o(.ARM.Collect$$libinit$$00000000) refers (Special) to libinit2.o(.ARM.Collect$$libinit$$0000001F) for __rt_lib_init_clock_1
    libinit.o(.ARM.Collect$$libinit$$00000000) refers (Special) to libinit2.o(.ARM.Collect$$libinit$$00000030) for __rt_lib_init_cpp_1
    libinit.o(.ARM.Collect$$libinit$$00000000) refers (Special) to libinit2.o(.ARM.Collect$$libinit$$0000002E) for __rt_lib_init_exceptions_1
    libinit.o(.ARM.Collect$$libinit$$00000000) refers (Special) to libinit2.o(.ARM.Collect$$libinit$$00000002) for __rt_lib_init_fp_1
    libinit.o(.ARM.Collect$$libinit$$00000000) refers (Special) to libinit2.o(.ARM.Collect$$libinit$$0000001D) for __rt_lib_init_fp_trap_1
    libinit.o(.ARM.Collect$$libinit$$00000000) refers (Special) to libinit2.o(.ARM.Collect$$libinit$$00000021) for __rt_lib_init_getenv_1
    libinit.o(.ARM.Collect$$libinit$$00000000) refers (Special) to libinit2.o(.ARM.Collect$$libinit$$00000008) for __rt_lib_init_heap_1
    libinit.o(.ARM.Collect$$libinit$$00000000) refers (Special) to libinit2.o(.ARM.Collect$$libinit$$0000000F) for __rt_lib_init_lc_collate_1
    libinit.o(.ARM.Collect$$libinit$$00000000) refers (Special) to libinit2.o(.ARM.Collect$$libinit$$00000011) for __rt_lib_init_lc_ctype_1
    libinit.o(.ARM.Collect$$libinit$$00000000) refers (Special) to libinit2.o(.ARM.Collect$$libinit$$00000013) for __rt_lib_init_lc_monetary_1
    libinit.o(.ARM.Collect$$libinit$$00000000) refers (Special) to libinit2.o(.ARM.Collect$$libinit$$00000015) for __rt_lib_init_lc_numeric_1
    libinit.o(.ARM.Collect$$libinit$$00000000) refers (Special) to libinit2.o(.ARM.Collect$$libinit$$00000017) for __rt_lib_init_lc_time_1
    libinit.o(.ARM.Collect$$libinit$$00000000) refers (Special) to libinit2.o(.ARM.Collect$$libinit$$0000000C) for __rt_lib_init_rand_1
    libinit.o(.ARM.Collect$$libinit$$00000000) refers (Special) to libinit2.o(.ARM.Collect$$libinit$$00000031) for __rt_lib_init_return
    libinit.o(.ARM.Collect$$libinit$$00000000) refers (Special) to libinit2.o(.ARM.Collect$$libinit$$0000001B) for __rt_lib_init_signal_1
    libinit.o(.ARM.Collect$$libinit$$00000000) refers (Special) to libinit2.o(.ARM.Collect$$libinit$$00000023) for __rt_lib_init_stdio_1
    libinit.o(.ARM.Collect$$libinit$$00000000) refers (Special) to libinit2.o(.ARM.Collect$$libinit$$0000000A) for __rt_lib_init_user_alloc_1
    libspace.o(.text) refers to libspace.o(.bss) for __libspace_start
    rtexit.o(.ARM.Collect$$rtexit$$00000000) refers (Special) to rtexit2.o(.ARM.Collect$$rtexit$$00000004) for __rt_exit_exit
    rtexit.o(.ARM.Collect$$rtexit$$00000000) refers (Special) to rtexit2.o(.ARM.Collect$$rtexit$$00000003) for __rt_exit_ls
    rtexit.o(.ARM.Collect$$rtexit$$00000000) refers (Special) to rtexit2.o(.ARM.Collect$$rtexit$$00000002) for __rt_exit_prels_1
    rtexit.o(.ARM.exidx) refers (Special) to rtexit2.o(.ARM.Collect$$rtexit$$00000004) for __rt_exit_exit
    rtexit.o(.ARM.exidx) refers (Special) to rtexit2.o(.ARM.Collect$$rtexit$$00000003) for __rt_exit_ls
    rtexit.o(.ARM.exidx) refers (Special) to rtexit2.o(.ARM.Collect$$rtexit$$00000002) for __rt_exit_prels_1
    rtexit.o(.ARM.exidx) refers to rtexit.o(.ARM.Collect$$rtexit$$00000000) for .ARM.Collect$$rtexit$$00000000
    libinit2.o(.ARM.Collect$$libinit$$0000000E) refers to libinit2.o(.ARM.Collect$$libinit$$0000000D) for .ARM.Collect$$libinit$$0000000D
    libinit2.o(.ARM.Collect$$libinit$$00000010) refers to libinit2.o(.ARM.Collect$$libinit$$0000000D) for .ARM.Collect$$libinit$$0000000D
    libinit2.o(.ARM.Collect$$libinit$$00000012) refers to libinit2.o(.ARM.Collect$$libinit$$0000000D) for .ARM.Collect$$libinit$$0000000D
    libinit2.o(.ARM.Collect$$libinit$$00000014) refers to libinit2.o(.ARM.Collect$$libinit$$0000000D) for .ARM.Collect$$libinit$$0000000D
    libinit2.o(.ARM.Collect$$libinit$$00000016) refers to libinit2.o(.ARM.Collect$$libinit$$0000000D) for .ARM.Collect$$libinit$$0000000D
    libinit2.o(.ARM.Collect$$libinit$$00000024) refers to argv_veneer.o(.emb_text) for __ARM_argv_veneer
    libinit2.o(.ARM.Collect$$libinit$$00000025) refers to argv_veneer.o(.emb_text) for __ARM_argv_veneer
    rtexit2.o(.ARM.Collect$$rtexit$$00000003) refers to libshutdown.o(.ARM.Collect$$libshutdown$$00000000) for __rt_lib_shutdown
    rtexit2.o(.ARM.Collect$$rtexit$$00000004) refers to usart.o(.text) for _sys_exit
    rtexit2.o(.ARM.exidx) refers to rtexit2.o(.ARM.Collect$$rtexit$$00000001) for .ARM.Collect$$rtexit$$00000001
    rtexit2.o(.ARM.exidx) refers to rtexit2.o(.ARM.Collect$$rtexit$$00000003) for .ARM.Collect$$rtexit$$00000003
    rtexit2.o(.ARM.exidx) refers to rtexit2.o(.ARM.Collect$$rtexit$$00000004) for .ARM.Collect$$rtexit$$00000004
    argv_veneer.o(.emb_text) refers to no_argv.o(.text) for __ARM_get_argv
    _get_argv_nomalloc.o(.text) refers (Special) to hrguard.o(.text) for __heap_region$guard
    _get_argv_nomalloc.o(.text) refers to defsig_rtmem_outer.o(.text) for __rt_SIGRTMEM
    _get_argv_nomalloc.o(.text) refers to sys_command.o(.text) for _sys_command_string
    libshutdown.o(.ARM.Collect$$libshutdown$$00000000) refers (Special) to libshutdown2.o(.ARM.Collect$$libshutdown$$00000006) for __rt_lib_shutdown_fp_trap_1
    libshutdown.o(.ARM.Collect$$libshutdown$$00000000) refers (Special) to libshutdown2.o(.ARM.Collect$$libshutdown$$0000000E) for __rt_lib_shutdown_heap_1
    libshutdown.o(.ARM.Collect$$libshutdown$$00000000) refers (Special) to libshutdown2.o(.ARM.Collect$$libshutdown$$0000000F) for __rt_lib_shutdown_return
    libshutdown.o(.ARM.Collect$$libshutdown$$00000000) refers (Special) to libshutdown2.o(.ARM.Collect$$libshutdown$$00000009) for __rt_lib_shutdown_signal_1
    libshutdown.o(.ARM.Collect$$libshutdown$$00000000) refers (Special) to libshutdown2.o(.ARM.Collect$$libshutdown$$00000003) for __rt_lib_shutdown_stdio_1
    libshutdown.o(.ARM.Collect$$libshutdown$$00000000) refers (Special) to libshutdown2.o(.ARM.Collect$$libshutdown$$0000000B) for __rt_lib_shutdown_user_alloc_1
    sys_command.o(.text) refers (Special) to use_no_semi.o(.text) for __I$use$semihosting
    sys_command.o(.text) refers (Special) to indicate_semi.o(.text) for __semihosting_library_function
    defsig_rtmem_outer.o(.text) refers to defsig_rtmem_inner.o(.text) for __rt_SIGRTMEM_inner
    defsig_rtmem_outer.o(.text) refers to defsig_exit.o(.text) for __sig_exit
    defsig_rtmem_formal.o(.text) refers to rt_raise.o(.text) for __rt_raise
    rt_raise.o(.text) refers to __raise.o(.text) for __raise
    rt_raise.o(.text) refers to usart.o(.text) for _sys_exit
    defsig_exit.o(.text) refers to usart.o(.text) for _sys_exit
    defsig_rtmem_inner.o(.text) refers to defsig_general.o(.text) for __default_signal_display
    __raise.o(.text) refers to defsig.o(CL$$defsig) for __default_signal_handler
    defsig_general.o(.text) refers to sys_wrch.o(.text) for _ttywrch
    sys_wrch.o(.text) refers (Special) to use_no_semi.o(.text) for __I$use$semihosting
    sys_wrch.o(.text) refers (Special) to indicate_semi.o(.text) for __semihosting_library_function
    defsig.o(CL$$defsig) refers to defsig_rtmem_inner.o(.text) for __rt_SIGRTMEM_inner
    defsig_abrt_inner.o(.text) refers to defsig_general.o(.text) for __default_signal_display
    defsig_fpe_inner.o(.text) refers to defsig_general.o(.text) for __default_signal_display
    defsig_rtred_inner.o(.text) refers to defsig_general.o(.text) for __default_signal_display
    defsig_stak_inner.o(.text) refers to defsig_general.o(.text) for __default_signal_display
    defsig_pvfn_inner.o(.text) refers to defsig_general.o(.text) for __default_signal_display
    defsig_cppl_inner.o(.text) refers to defsig_general.o(.text) for __default_signal_display
    defsig_segv_inner.o(.text) refers to defsig_general.o(.text) for __default_signal_display
    defsig_other.o(.text) refers to defsig_general.o(.text) for __default_signal_display


==============================================================================

Removing Unused input sections from the image.

    Removing beep.o(.text), (56 bytes).
    Removing tpad.o(.text), (600 bytes).
    Removing tpad.o(.data), (3 bytes).
    Removing oled.o(.text), (1206 bytes).
    Removing oled.o(.bss), (1024 bytes).
    Removing oled.o(.constdata), (2660 bytes).
    Removing adc.o(.text), (436 bytes).
    Removing dma.o(.text), (108 bytes).
    Removing dma.o(.data), (2 bytes).
    Removing spi.o(.text), (304 bytes).
    Removing flash.o(.text), (992 bytes).
    Removing flash.o(.bss), (4096 bytes).
    Removing flash.o(.data), (2 bytes).

13 unused section(s) (total 11489 bytes) removed from the image.

==============================================================================

Image Symbol Table

    Local Symbols

    Symbol Name                              Value     Ov Type        Size  Object(Section)

    ../clib/angel/boardlib.s                 0x00000000   Number         0  boardshut.o ABSOLUTE
    ../clib/angel/boardlib.s                 0x00000000   Number         0  boardinit3.o ABSOLUTE
    ../clib/angel/boardlib.s                 0x00000000   Number         0  boardinit2.o ABSOLUTE
    ../clib/angel/boardlib.s                 0x00000000   Number         0  boardinit1.o ABSOLUTE
    ../clib/angel/dczerorl2.s                0x00000000   Number         0  __dczerorl2.o ABSOLUTE
    ../clib/angel/handlers.s                 0x00000000   Number         0  __scatter_zi.o ABSOLUTE
    ../clib/angel/kernel.s                   0x00000000   Number         0  rtentry2.o ABSOLUTE
    ../clib/angel/kernel.s                   0x00000000   Number         0  rtexit2.o ABSOLUTE
    ../clib/angel/kernel.s                   0x00000000   Number         0  rtexit.o ABSOLUTE
    ../clib/angel/kernel.s                   0x00000000   Number         0  rtentry.o ABSOLUTE
    ../clib/angel/kernel.s                   0x00000000   Number         0  rtentry4.o ABSOLUTE
    ../clib/angel/rt.s                       0x00000000   Number         0  rt_raise.o ABSOLUTE
    ../clib/angel/scatter.s                  0x00000000   Number         0  __scatter.o ABSOLUTE
    ../clib/angel/startup.s                  0x00000000   Number         0  __main.o ABSOLUTE
    ../clib/angel/sys.s                      0x00000000   Number         0  use_no_semi.o ABSOLUTE
    ../clib/angel/sys.s                      0x00000000   Number         0  indicate_semi.o ABSOLUTE
    ../clib/angel/sys.s                      0x00000000   Number         0  use_no_semi_2.o ABSOLUTE
    ../clib/angel/sys.s                      0x00000000   Number         0  sys_stackheap_outer.o ABSOLUTE
    ../clib/angel/sys.s                      0x00000000   Number         0  libspace.o ABSOLUTE
    ../clib/angel/sysapp.c                   0x00000000   Number         0  sys_command.o ABSOLUTE
    ../clib/angel/sysapp.c                   0x00000000   Number         0  sys_wrch.o ABSOLUTE
    ../clib/armsys.c                         0x00000000   Number         0  no_argv.o ABSOLUTE
    ../clib/armsys.c                         0x00000000   Number         0  _get_argv_nomalloc.o ABSOLUTE
    ../clib/armsys.c                         0x00000000   Number         0  argv_veneer.o ABSOLUTE
    ../clib/armsys.c                         0x00000000   Number         0  argv_veneer.o ABSOLUTE
    ../clib/heapalloc.c                      0x00000000   Number         0  hrguard.o ABSOLUTE
    ../clib/heapaux.c                        0x00000000   Number         0  heapauxi.o ABSOLUTE
    ../clib/libinit.s                        0x00000000   Number         0  libinit.o ABSOLUTE
    ../clib/libinit.s                        0x00000000   Number         0  libshutdown.o ABSOLUTE
    ../clib/libinit.s                        0x00000000   Number         0  libshutdown2.o ABSOLUTE
    ../clib/libinit.s                        0x00000000   Number         0  libinit2.o ABSOLUTE
    ../clib/misc.s                           0x00000000   Number         0  printf_stubs.o ABSOLUTE
    ../clib/printf.c                         0x00000000   Number         0  _printf_pad.o ABSOLUTE
    ../clib/printf.c                         0x00000000   Number         0  _printf_str.o ABSOLUTE
    ../clib/printf.c                         0x00000000   Number         0  _printf_dec.o ABSOLUTE
    ../clib/printf.c                         0x00000000   Number         0  _printf_hex_ll.o ABSOLUTE
    ../clib/printf.c                         0x00000000   Number         0  _printf_hex_int.o ABSOLUTE
    ../clib/printf.c                         0x00000000   Number         0  _printf_char_file.o ABSOLUTE
    ../clib/printf.c                         0x00000000   Number         0  _printf_char.o ABSOLUTE
    ../clib/printf.c                         0x00000000   Number         0  _printf_hex_int_ll.o ABSOLUTE
    ../clib/printf.c                         0x00000000   Number         0  _printf_hex_ptr.o ABSOLUTE
    ../clib/printf.c                         0x00000000   Number         0  _printf_hex_int_ptr.o ABSOLUTE
    ../clib/printf.c                         0x00000000   Number         0  _printf_hex_ll_ptr.o ABSOLUTE
    ../clib/printf.c                         0x00000000   Number         0  _printf_hex_int_ll_ptr.o ABSOLUTE
    ../clib/printf.c                         0x00000000   Number         0  __printf_flags.o ABSOLUTE
    ../clib/printf.c                         0x00000000   Number         0  __printf_ss.o ABSOLUTE
    ../clib/printf.c                         0x00000000   Number         0  __printf_flags_ss.o ABSOLUTE
    ../clib/printf.c                         0x00000000   Number         0  __printf_wp.o ABSOLUTE
    ../clib/printf.c                         0x00000000   Number         0  _printf_intcommon.o ABSOLUTE
    ../clib/printf.c                         0x00000000   Number         0  __printf_flags_wp.o ABSOLUTE
    ../clib/printf.c                         0x00000000   Number         0  __printf_ss_wp.o ABSOLUTE
    ../clib/printf.c                         0x00000000   Number         0  __printf_flags_ss_wp.o ABSOLUTE
    ../clib/printf.c                         0x00000000   Number         0  __printf_nopercent.o ABSOLUTE
    ../clib/printf.c                         0x00000000   Number         0  _printf_char_common.o ABSOLUTE
    ../clib/printf.c                         0x00000000   Number         0  __2printf.o ABSOLUTE
    ../clib/printf.c                         0x00000000   Number         0  noretval__2printf.o ABSOLUTE
    ../clib/printf.c                         0x00000000   Number         0  __printf.o ABSOLUTE
    ../clib/printf_percent.s                 0x00000000   Number         0  _printf_percent_end.o ABSOLUTE
    ../clib/printf_percent.s                 0x00000000   Number         0  _printf_c.o ABSOLUTE
    ../clib/printf_percent.s                 0x00000000   Number         0  _printf_u.o ABSOLUTE
    ../clib/printf_percent.s                 0x00000000   Number         0  _printf_percent.o ABSOLUTE
    ../clib/printf_percent.s                 0x00000000   Number         0  _printf_s.o ABSOLUTE
    ../clib/printf_percent.s                 0x00000000   Number         0  _printf_x.o ABSOLUTE
    ../clib/printf_percent.s                 0x00000000   Number         0  _printf_d.o ABSOLUTE
    ../clib/signal.c                         0x00000000   Number         0  defsig_abrt_inner.o ABSOLUTE
    ../clib/signal.c                         0x00000000   Number         0  defsig_pvfn_inner.o ABSOLUTE
    ../clib/signal.c                         0x00000000   Number         0  defsig_stak_inner.o ABSOLUTE
    ../clib/signal.c                         0x00000000   Number         0  defsig_rtred_inner.o ABSOLUTE
    ../clib/signal.c                         0x00000000   Number         0  defsig_fpe_inner.o ABSOLUTE
    ../clib/signal.c                         0x00000000   Number         0  defsig_general.o ABSOLUTE
    ../clib/signal.c                         0x00000000   Number         0  __raise.o ABSOLUTE
    ../clib/signal.c                         0x00000000   Number         0  defsig_rtmem_inner.o ABSOLUTE
    ../clib/signal.c                         0x00000000   Number         0  defsig_exit.o ABSOLUTE
    ../clib/signal.c                         0x00000000   Number         0  defsig_other.o ABSOLUTE
    ../clib/signal.c                         0x00000000   Number         0  defsig_segv_inner.o ABSOLUTE
    ../clib/signal.c                         0x00000000   Number         0  defsig_cppl_inner.o ABSOLUTE
    ../clib/signal.c                         0x00000000   Number         0  defsig_rtmem_formal.o ABSOLUTE
    ../clib/signal.c                         0x00000000   Number         0  defsig_rtmem_outer.o ABSOLUTE
    ../clib/signal.s                         0x00000000   Number         0  defsig.o ABSOLUTE
    ../clib/stdio.c                          0x00000000   Number         0  ferror.o ABSOLUTE
    ../clib/stdio.c                          0x00000000   Number         0  ferror_locked.o ABSOLUTE
    ../clib/stdlib.c                         0x00000000   Number         0  exit.o ABSOLUTE
    ../fplib/d2f.s                           0x00000000   Number         0  d2f.o ABSOLUTE
    ../fplib/ddiv.s                          0x00000000   Number         0  ddiv.o ABSOLUTE
    ../fplib/dnaninf.s                       0x00000000   Number         0  dnaninf.o ABSOLUTE
    ../fplib/dretinf.s                       0x00000000   Number         0  dretinf.o ABSOLUTE
    ../fplib/f2d.s                           0x00000000   Number         0  f2d.o ABSOLUTE
    ../fplib/faddsub.s                       0x00000000   Number         0  faddsub_clz.o ABSOLUTE
    ../fplib/fdiv.s                          0x00000000   Number         0  fdiv.o ABSOLUTE
    ../fplib/ffixu.s                         0x00000000   Number         0  ffixu.o ABSOLUTE
    ../fplib/fflt.s                          0x00000000   Number         0  fflt_clz.o ABSOLUTE
    ../fplib/fmul.s                          0x00000000   Number         0  fmul.o ABSOLUTE
    ../fplib/fnaninf.s                       0x00000000   Number         0  fnaninf.o ABSOLUTE
    ../fplib/fpinit.s                        0x00000000   Number         0  fpinit.o ABSOLUTE
    ../fplib/fretinf.s                       0x00000000   Number         0  fretinf.o ABSOLUTE
    ../fplib/usenofp.s                       0x00000000   Number         0  usenofp.o ABSOLUTE
    ..\HARDWARE\24CXX\24cxx.c                0x00000000   Number         0  24cxx.o ABSOLUTE
    ..\HARDWARE\24CXX\myiic.c                0x00000000   Number         0  myiic.o ABSOLUTE
    ..\HARDWARE\ADC\adc.c                    0x00000000   Number         0  adc.o ABSOLUTE
    ..\HARDWARE\BEEP\beep.c                  0x00000000   Number         0  beep.o ABSOLUTE
    ..\HARDWARE\DAC\dac.c                    0x00000000   Number         0  dac.o ABSOLUTE
    ..\HARDWARE\DMA\dma.c                    0x00000000   Number         0  dma.o ABSOLUTE
    ..\HARDWARE\EXTI\exti.c                  0x00000000   Number         0  exti.o ABSOLUTE
    ..\HARDWARE\FLASH\flash.c                0x00000000   Number         0  flash.o ABSOLUTE
    ..\HARDWARE\KEY\key.c                    0x00000000   Number         0  key.o ABSOLUTE
    ..\HARDWARE\LCD\ILI93xx.c                0x00000000   Number         0  ili93xx.o ABSOLUTE
    ..\HARDWARE\LED\led.c                    0x00000000   Number         0  led.o ABSOLUTE
    ..\HARDWARE\OLED\oled.c                  0x00000000   Number         0  oled.o ABSOLUTE
    ..\HARDWARE\RS485\rs485.c                0x00000000   Number         0  rs485.o ABSOLUTE
    ..\HARDWARE\RTC\rtc.c                    0x00000000   Number         0  rtc.o ABSOLUTE
    ..\HARDWARE\SPI\spi.c                    0x00000000   Number         0  spi.o ABSOLUTE
    ..\HARDWARE\TIMER\timer.c                0x00000000   Number         0  timer.o ABSOLUTE
    ..\HARDWARE\TPAD\tpad.c                  0x00000000   Number         0  tpad.o ABSOLUTE
    ..\HARDWARE\WDG\wdg.c                    0x00000000   Number         0  wdg.o ABSOLUTE
    ..\HARDWARE\WKUP\wkup.c                  0x00000000   Number         0  wkup.o ABSOLUTE
    ..\SYSTEM\delay\delay.c                  0x00000000   Number         0  delay.o ABSOLUTE
    ..\SYSTEM\sys\sys.c                      0x00000000   Number         0  sys.o ABSOLUTE
    ..\SYSTEM\usart\usart.c                  0x00000000   Number         0  usart.o ABSOLUTE
    ..\USMART\usmart.c                       0x00000000   Number         0  usmart.o ABSOLUTE
    ..\USMART\usmart_config.c                0x00000000   Number         0  usmart_config.o ABSOLUTE
    ..\USMART\usmart_str.c                   0x00000000   Number         0  usmart_str.o ABSOLUTE
    ..\\SYSTEM\\sys\\sys.c                   0x00000000   Number         0  sys.o ABSOLUTE
    dc.s                                     0x00000000   Number         0  dc.o ABSOLUTE
    startup_stm32f10x_hd.s                   0x00000000   Number         0  startup_stm32f10x_hd.o ABSOLUTE
    test.c                                   0x00000000   Number         0  test.o ABSOLUTE
    RESET                                    0x08000000   Section      304  startup_stm32f10x_hd.o(RESET)
    !!!main                                  0x08000130   Section        8  __main.o(!!!main)
    !!!scatter                               0x08000138   Section       52  __scatter.o(!!!scatter)
    !!dczerorl2                              0x0800016c   Section       90  __dczerorl2.o(!!dczerorl2)
    !!handler_zi                             0x080001c8   Section       28  __scatter_zi.o(!!handler_zi)
    .ARM.Collect$$_printf_percent$$00000000  0x080001e4   Section        0  _printf_percent.o(.ARM.Collect$$_printf_percent$$00000000)
    .ARM.Collect$$_printf_percent$$00000009  0x080001e4   Section        6  _printf_d.o(.ARM.Collect$$_printf_percent$$00000009)
    .ARM.Collect$$_printf_percent$$0000000A  0x080001ea   Section        6  _printf_u.o(.ARM.Collect$$_printf_percent$$0000000A)
    .ARM.Collect$$_printf_percent$$0000000C  0x080001f0   Section        6  _printf_x.o(.ARM.Collect$$_printf_percent$$0000000C)
    .ARM.Collect$$_printf_percent$$00000013  0x080001f6   Section        6  _printf_c.o(.ARM.Collect$$_printf_percent$$00000013)
    .ARM.Collect$$_printf_percent$$00000014  0x080001fc   Section        6  _printf_s.o(.ARM.Collect$$_printf_percent$$00000014)
    .ARM.Collect$$_printf_percent$$00000017  0x08000202   Section        4  _printf_percent_end.o(.ARM.Collect$$_printf_percent$$00000017)
    .ARM.Collect$$libinit$$00000000          0x08000206   Section        2  libinit.o(.ARM.Collect$$libinit$$00000000)
    .ARM.Collect$$libinit$$00000002          0x08000208   Section        0  libinit2.o(.ARM.Collect$$libinit$$00000002)
    .ARM.Collect$$libinit$$00000008          0x08000208   Section        0  libinit2.o(.ARM.Collect$$libinit$$00000008)
    .ARM.Collect$$libinit$$0000000A          0x08000208   Section        0  libinit2.o(.ARM.Collect$$libinit$$0000000A)
    .ARM.Collect$$libinit$$0000000C          0x08000208   Section        0  libinit2.o(.ARM.Collect$$libinit$$0000000C)
    .ARM.Collect$$libinit$$0000000F          0x08000208   Section        0  libinit2.o(.ARM.Collect$$libinit$$0000000F)
    .ARM.Collect$$libinit$$00000011          0x08000208   Section        0  libinit2.o(.ARM.Collect$$libinit$$00000011)
    .ARM.Collect$$libinit$$00000013          0x08000208   Section        0  libinit2.o(.ARM.Collect$$libinit$$00000013)
    .ARM.Collect$$libinit$$00000015          0x08000208   Section        0  libinit2.o(.ARM.Collect$$libinit$$00000015)
    .ARM.Collect$$libinit$$00000017          0x08000208   Section        0  libinit2.o(.ARM.Collect$$libinit$$00000017)
    .ARM.Collect$$libinit$$00000019          0x08000208   Section        0  libinit2.o(.ARM.Collect$$libinit$$00000019)
    .ARM.Collect$$libinit$$0000001B          0x08000208   Section        0  libinit2.o(.ARM.Collect$$libinit$$0000001B)
    .ARM.Collect$$libinit$$0000001D          0x08000208   Section        0  libinit2.o(.ARM.Collect$$libinit$$0000001D)
    .ARM.Collect$$libinit$$0000001F          0x08000208   Section        0  libinit2.o(.ARM.Collect$$libinit$$0000001F)
    .ARM.Collect$$libinit$$00000021          0x08000208   Section        0  libinit2.o(.ARM.Collect$$libinit$$00000021)
    .ARM.Collect$$libinit$$00000023          0x08000208   Section        0  libinit2.o(.ARM.Collect$$libinit$$00000023)
    .ARM.Collect$$libinit$$0000002A          0x08000208   Section        0  libinit2.o(.ARM.Collect$$libinit$$0000002A)
    .ARM.Collect$$libinit$$0000002C          0x08000208   Section        0  libinit2.o(.ARM.Collect$$libinit$$0000002C)
    .ARM.Collect$$libinit$$0000002E          0x08000208   Section        0  libinit2.o(.ARM.Collect$$libinit$$0000002E)
    .ARM.Collect$$libinit$$00000030          0x08000208   Section        0  libinit2.o(.ARM.Collect$$libinit$$00000030)
    .ARM.Collect$$libinit$$00000031          0x08000208   Section        2  libinit2.o(.ARM.Collect$$libinit$$00000031)
    .ARM.Collect$$libshutdown$$00000000      0x0800020a   Section        2  libshutdown.o(.ARM.Collect$$libshutdown$$00000000)
    .ARM.Collect$$libshutdown$$00000003      0x0800020c   Section        0  libshutdown2.o(.ARM.Collect$$libshutdown$$00000003)
    .ARM.Collect$$libshutdown$$00000006      0x0800020c   Section        0  libshutdown2.o(.ARM.Collect$$libshutdown$$00000006)
    .ARM.Collect$$libshutdown$$00000009      0x0800020c   Section        0  libshutdown2.o(.ARM.Collect$$libshutdown$$00000009)
    .ARM.Collect$$libshutdown$$0000000B      0x0800020c   Section        0  libshutdown2.o(.ARM.Collect$$libshutdown$$0000000B)
    .ARM.Collect$$libshutdown$$0000000E      0x0800020c   Section        0  libshutdown2.o(.ARM.Collect$$libshutdown$$0000000E)
    .ARM.Collect$$libshutdown$$0000000F      0x0800020c   Section        2  libshutdown2.o(.ARM.Collect$$libshutdown$$0000000F)
    .ARM.Collect$$rtentry$$00000000          0x0800020e   Section        0  rtentry.o(.ARM.Collect$$rtentry$$00000000)
    .ARM.Collect$$rtentry$$00000002          0x0800020e   Section        0  rtentry2.o(.ARM.Collect$$rtentry$$00000002)
    .ARM.Collect$$rtentry$$00000004          0x0800020e   Section        6  rtentry4.o(.ARM.Collect$$rtentry$$00000004)
    .ARM.Collect$$rtentry$$00000009          0x08000214   Section        0  rtentry2.o(.ARM.Collect$$rtentry$$00000009)
    .ARM.Collect$$rtentry$$0000000A          0x08000214   Section        4  rtentry2.o(.ARM.Collect$$rtentry$$0000000A)
    .ARM.Collect$$rtentry$$0000000C          0x08000218   Section        0  rtentry2.o(.ARM.Collect$$rtentry$$0000000C)
    .ARM.Collect$$rtentry$$0000000D          0x08000218   Section        8  rtentry2.o(.ARM.Collect$$rtentry$$0000000D)
    .ARM.Collect$$rtexit$$00000000           0x08000220   Section        2  rtexit.o(.ARM.Collect$$rtexit$$00000000)
    .ARM.Collect$$rtexit$$00000002           0x08000222   Section        0  rtexit2.o(.ARM.Collect$$rtexit$$00000002)
    .ARM.Collect$$rtexit$$00000003           0x08000222   Section        4  rtexit2.o(.ARM.Collect$$rtexit$$00000003)
    .ARM.Collect$$rtexit$$00000004           0x08000226   Section        6  rtexit2.o(.ARM.Collect$$rtexit$$00000004)
    .emb_text                                0x0800022c   Section       12  sys.o(.emb_text)
    .text                                    0x08000238   Section       72  startup_stm32f10x_hd.o(.text)
    .text                                    0x08000280   Section        0  test.o(.text)
    .text                                    0x080004fc   Section        0  delay.o(.text)
    .text                                    0x080005a8   Section        0  sys.o(.text)
    .text                                    0x08000890   Section        0  usart.o(.text)
    .text                                    0x08000a10   Section        0  led.o(.text)
    .text                                    0x08000a80   Section        0  key.o(.text)
    .text                                    0x08000b88   Section        0  exti.o(.text)
    .text                                    0x08000c90   Section        0  wdg.o(.text)
    .text                                    0x08000d78   Section        0  timer.o(.text)
    .text                                    0x0800108c   Section        0  ili93xx.o(.text)
    .text                                    0x080035e4   Section        0  rtc.o(.text)
    .text                                    0x08003a84   Section        0  wkup.o(.text)
    .text                                    0x08003b58   Section        0  dac.o(.text)
    .text                                    0x08003c20   Section        0  myiic.o(.text)
    .text                                    0x08003e98   Section        0  24cxx.o(.text)
    .text                                    0x08004014   Section        0  rs485.o(.text)
    .text                                    0x08004214   Section        0  usmart.o(.text)
    .text                                    0x08004d10   Section        0  usmart_str.o(.text)
    .text                                    0x0800522c   Section        2  use_no_semi_2.o(.text)
    .text                                    0x08005230   Section        0  noretval__2printf.o(.text)
    .text                                    0x08005248   Section        0  _printf_pad.o(.text)
    .text                                    0x0800529a   Section        0  _printf_str.o(.text)
    .text                                    0x080052ec   Section        0  _printf_dec.o(.text)
    .text                                    0x08005364   Section        0  _printf_hex_int.o(.text)
    .text                                    0x080053c0   Section        0  __printf_flags_ss_wp.o(.text)
    .text                                    0x0800554c   Section        0  heapauxi.o(.text)
    .text                                    0x08005552   Section        2  use_no_semi.o(.text)
    .text                                    0x08005554   Section        0  _printf_intcommon.o(.text)
    .text                                    0x0800560c   Section        0  _printf_char.o(.text)
    .text                                    0x08005638   Section        0  _printf_char_file.o(.text)
    .text                                    0x0800565c   Section        0  _printf_char_common.o(.text)
    _printf_input_char                       0x0800565d   Thumb Code    10  _printf_char_common.o(.text)
    .text                                    0x0800568c   Section        0  ferror.o(.text)
    .text                                    0x08005694   Section       74  sys_stackheap_outer.o(.text)
    .text                                    0x080056de   Section        0  exit.o(.text)
    .text                                    0x080056ec   Section        8  libspace.o(.text)
    i._is_digit                              0x080056f4   Section        0  __printf_wp.o(i._is_digit)
    x$fpl$d2f                                0x08005704   Section       98  d2f.o(x$fpl$d2f)
    x$fpl$ddiv                               0x08005768   Section      688  ddiv.o(x$fpl$ddiv)
    ddiv_entry                               0x0800576f   Thumb Code     0  ddiv.o(x$fpl$ddiv)
    x$fpl$dnaninf                            0x08005a18   Section      156  dnaninf.o(x$fpl$dnaninf)
    x$fpl$dretinf                            0x08005ab4   Section       12  dretinf.o(x$fpl$dretinf)
    x$fpl$f2d                                0x08005ac0   Section       86  f2d.o(x$fpl$f2d)
    x$fpl$fadd                               0x08005b18   Section      196  faddsub_clz.o(x$fpl$fadd)
    _fadd1                                   0x08005b27   Thumb Code     0  faddsub_clz.o(x$fpl$fadd)
    x$fpl$fdiv                               0x08005bdc   Section      388  fdiv.o(x$fpl$fdiv)
    _fdiv1                                   0x08005bdd   Thumb Code     0  fdiv.o(x$fpl$fdiv)
    x$fpl$ffixu                              0x08005d60   Section       62  ffixu.o(x$fpl$ffixu)
    x$fpl$ffltu                              0x08005da0   Section       38  fflt_clz.o(x$fpl$ffltu)
    x$fpl$fmul                               0x08005dc8   Section      258  fmul.o(x$fpl$fmul)
    x$fpl$fnaninf                            0x08005eca   Section      140  fnaninf.o(x$fpl$fnaninf)
    x$fpl$fretinf                            0x08005f56   Section       10  fretinf.o(x$fpl$fretinf)
    x$fpl$frsb                               0x08005f60   Section       20  faddsub_clz.o(x$fpl$frsb)
    x$fpl$fsub                               0x08005f74   Section      234  faddsub_clz.o(x$fpl$fsub)
    _fsub1                                   0x08005f83   Thumb Code     0  faddsub_clz.o(x$fpl$fsub)
    .constdata                               0x0800605e   Section     2660  ili93xx.o(.constdata)
    x$fpl$usenofp                            0x0800605e   Section        0  usenofp.o(x$fpl$usenofp)
    .constdata                               0x08006ac2   Section       24  rtc.o(.constdata)
    .constdata                               0x08006ada   Section       40  _printf_hex_int.o(.constdata)
    uc_hextab                                0x08006ada   Data          20  _printf_hex_int.o(.constdata)
    lc_hextab                                0x08006aee   Data          20  _printf_hex_int.o(.constdata)
    .constdata                               0x08006b02   Section       17  __printf_flags_ss_wp.o(.constdata)
    maptable                                 0x08006b02   Data          17  __printf_flags_ss_wp.o(.constdata)
    .conststring                             0x08006b13   Section       23  usmart.o(.conststring)
    .conststring                             0x08006b2a   Section      284  usmart_config.o(.conststring)
    .data                                    0x20000000   Section        4  delay.o(.data)
    fac_us                                   0x20000000   Data           1  delay.o(.data)
    fac_ms                                   0x20000002   Data           2  delay.o(.data)
    .data                                    0x20000004   Section        8  usart.o(.data)
    .data                                    0x2000000c   Section        1  key.o(.data)
    key_up                                   0x2000000c   Data           1  key.o(.data)
    .data                                    0x2000000d   Section        1  wdg.o(.data)
    .data                                    0x2000000e   Section        4  timer.o(.data)
    .data                                    0x20000012   Section        4  ili93xx.o(.data)
    .data                                    0x20000016   Section        2  rtc.o(.data)
    daycnt                                   0x20000016   Data           2  rtc.o(.data)
    .data                                    0x20000018   Section        1  rs485.o(.data)
    .data                                    0x2000001c   Section       24  usmart.o(.data)
    .data                                    0x20000034   Section      300  usmart_config.o(.data)
    .bss                                     0x20000160   Section      200  usart.o(.bss)
    .bss                                     0x20000228   Section       10  ili93xx.o(.bss)
    .bss                                     0x20000232   Section       10  rtc.o(.bss)
    .bss                                     0x2000023c   Section       64  rs485.o(.bss)
    .bss                                     0x2000027c   Section       96  libspace.o(.bss)
    HEAP                                     0x200002e0   Section        0  startup_stm32f10x_hd.o(HEAP)
    STACK                                    0x200002e0   Section     2048  startup_stm32f10x_hd.o(STACK)
    Heap_Mem                                 0x200002e0   Data           0  startup_stm32f10x_hd.o(HEAP)
    Stack_Mem                                0x200002e0   Data        2048  startup_stm32f10x_hd.o(STACK)
    __initial_sp                             0x20000ae0   Data           0  startup_stm32f10x_hd.o(STACK)

    Global Symbols

    Symbol Name                              Value     Ov Type        Size  Object(Section)

    BuildAttributes$$THM_ISAv4$P$D$K$B$S$PE$A:L22UL41UL21$X:L11$S22US41US21$IEEE1$IW$USESV6$~STKCKD$USESV7$~SHL$OSPACE$ROPI$EBA8$UX$STANDARDLIB$REQ8$PRES8$EABIv2 0x00000000   Number         0  anon$$obj.o ABSOLUTE
    __ARM_use_no_argv                        0x00000000   Number         0  test.o ABSOLUTE
    _printf_flags                            0x00000000   Number         0  printf_stubs.o ABSOLUTE
    _printf_return_value                     0x00000000   Number         0  printf_stubs.o ABSOLUTE
    _printf_sizespec                         0x00000000   Number         0  printf_stubs.o ABSOLUTE
    _printf_widthprec                        0x00000000   Number         0  printf_stubs.o ABSOLUTE
    __ARM_exceptions_init                     - Undefined Weak Reference
    __alloca_initialize                       - Undefined Weak Reference
    __cpp_initialize__aeabi_                  - Undefined Weak Reference
    __cxa_finalize                            - Undefined Weak Reference
    __rt_locale                               - Undefined Weak Reference
    __sigvec_lookup                           - Undefined Weak Reference
    _atexit_init                              - Undefined Weak Reference
    _call_atexit_fns                          - Undefined Weak Reference
    _clock_init                               - Undefined Weak Reference
    _fp_trap_init                             - Undefined Weak Reference
    _fp_trap_shutdown                         - Undefined Weak Reference
    _get_lc_collate                           - Undefined Weak Reference
    _get_lc_ctype                             - Undefined Weak Reference
    _get_lc_monetary                          - Undefined Weak Reference
    _get_lc_numeric                           - Undefined Weak Reference
    _get_lc_time                              - Undefined Weak Reference
    _getenv_init                              - Undefined Weak Reference
    _handle_redirection                       - Undefined Weak Reference
    _init_alloc                               - Undefined Weak Reference
    _init_user_alloc                          - Undefined Weak Reference
    _initio                                   - Undefined Weak Reference
    _mutex_acquire                            - Undefined Weak Reference
    _mutex_release                            - Undefined Weak Reference
    _printf_mbtowc                            - Undefined Weak Reference
    _printf_truncate_signed                   - Undefined Weak Reference
    _printf_truncate_unsigned                 - Undefined Weak Reference
    _rand_init                                - Undefined Weak Reference
    _signal_finish                            - Undefined Weak Reference
    _signal_init                              - Undefined Weak Reference
    _terminate_alloc                          - Undefined Weak Reference
    _terminate_user_alloc                     - Undefined Weak Reference
    _terminateio                              - Undefined Weak Reference
    __Vectors_Size                           0x00000130   Number         0  startup_stm32f10x_hd.o ABSOLUTE
    __Vectors                                0x08000000   Data           4  startup_stm32f10x_hd.o(RESET)
    __Vectors_End                            0x08000130   Data           0  startup_stm32f10x_hd.o(RESET)
    __main                                   0x08000131   Thumb Code     8  __main.o(!!!main)
    __scatterload                            0x08000139   Thumb Code     0  __scatter.o(!!!scatter)
    __scatterload_rt2                        0x08000139   Thumb Code    44  __scatter.o(!!!scatter)
    __scatterload_rt2_thumb_only             0x08000139   Thumb Code     0  __scatter.o(!!!scatter)
    __scatterload_null                       0x08000147   Thumb Code     0  __scatter.o(!!!scatter)
    __decompress                             0x0800016d   Thumb Code    90  __dczerorl2.o(!!dczerorl2)
    __decompress1                            0x0800016d   Thumb Code     0  __dczerorl2.o(!!dczerorl2)
    __scatterload_zeroinit                   0x080001c9   Thumb Code    28  __scatter_zi.o(!!handler_zi)
    _printf_d                                0x080001e5   Thumb Code     0  _printf_d.o(.ARM.Collect$$_printf_percent$$00000009)
    _printf_percent                          0x080001e5   Thumb Code     0  _printf_percent.o(.ARM.Collect$$_printf_percent$$00000000)
    _printf_u                                0x080001eb   Thumb Code     0  _printf_u.o(.ARM.Collect$$_printf_percent$$0000000A)
    _printf_x                                0x080001f1   Thumb Code     0  _printf_x.o(.ARM.Collect$$_printf_percent$$0000000C)
    _printf_c                                0x080001f7   Thumb Code     0  _printf_c.o(.ARM.Collect$$_printf_percent$$00000013)
    _printf_s                                0x080001fd   Thumb Code     0  _printf_s.o(.ARM.Collect$$_printf_percent$$00000014)
    _printf_percent_end                      0x08000203   Thumb Code     0  _printf_percent_end.o(.ARM.Collect$$_printf_percent$$00000017)
    __rt_lib_init                            0x08000207   Thumb Code     0  libinit.o(.ARM.Collect$$libinit$$00000000)
    __rt_lib_init_alloca_1                   0x08000209   Thumb Code     0  libinit2.o(.ARM.Collect$$libinit$$0000002C)
    __rt_lib_init_argv_1                     0x08000209   Thumb Code     0  libinit2.o(.ARM.Collect$$libinit$$0000002A)
    __rt_lib_init_atexit_1                   0x08000209   Thumb Code     0  libinit2.o(.ARM.Collect$$libinit$$00000019)
    __rt_lib_init_clock_1                    0x08000209   Thumb Code     0  libinit2.o(.ARM.Collect$$libinit$$0000001F)
    __rt_lib_init_cpp_1                      0x08000209   Thumb Code     0  libinit2.o(.ARM.Collect$$libinit$$00000030)
    __rt_lib_init_exceptions_1               0x08000209   Thumb Code     0  libinit2.o(.ARM.Collect$$libinit$$0000002E)
    __rt_lib_init_fp_1                       0x08000209   Thumb Code     0  libinit2.o(.ARM.Collect$$libinit$$00000002)
    __rt_lib_init_fp_trap_1                  0x08000209   Thumb Code     0  libinit2.o(.ARM.Collect$$libinit$$0000001D)
    __rt_lib_init_getenv_1                   0x08000209   Thumb Code     0  libinit2.o(.ARM.Collect$$libinit$$00000021)
    __rt_lib_init_heap_1                     0x08000209   Thumb Code     0  libinit2.o(.ARM.Collect$$libinit$$00000008)
    __rt_lib_init_lc_collate_1               0x08000209   Thumb Code     0  libinit2.o(.ARM.Collect$$libinit$$0000000F)
    __rt_lib_init_lc_ctype_1                 0x08000209   Thumb Code     0  libinit2.o(.ARM.Collect$$libinit$$00000011)
    __rt_lib_init_lc_monetary_1              0x08000209   Thumb Code     0  libinit2.o(.ARM.Collect$$libinit$$00000013)
    __rt_lib_init_lc_numeric_1               0x08000209   Thumb Code     0  libinit2.o(.ARM.Collect$$libinit$$00000015)
    __rt_lib_init_lc_time_1                  0x08000209   Thumb Code     0  libinit2.o(.ARM.Collect$$libinit$$00000017)
    __rt_lib_init_rand_1                     0x08000209   Thumb Code     0  libinit2.o(.ARM.Collect$$libinit$$0000000C)
    __rt_lib_init_return                     0x08000209   Thumb Code     0  libinit2.o(.ARM.Collect$$libinit$$00000031)
    __rt_lib_init_signal_1                   0x08000209   Thumb Code     0  libinit2.o(.ARM.Collect$$libinit$$0000001B)
    __rt_lib_init_stdio_1                    0x08000209   Thumb Code     0  libinit2.o(.ARM.Collect$$libinit$$00000023)
    __rt_lib_init_user_alloc_1               0x08000209   Thumb Code     0  libinit2.o(.ARM.Collect$$libinit$$0000000A)
    __rt_lib_shutdown                        0x0800020b   Thumb Code     0  libshutdown.o(.ARM.Collect$$libshutdown$$00000000)
    __rt_lib_shutdown_fp_trap_1              0x0800020d   Thumb Code     0  libshutdown2.o(.ARM.Collect$$libshutdown$$00000006)
    __rt_lib_shutdown_heap_1                 0x0800020d   Thumb Code     0  libshutdown2.o(.ARM.Collect$$libshutdown$$0000000E)
    __rt_lib_shutdown_return                 0x0800020d   Thumb Code     0  libshutdown2.o(.ARM.Collect$$libshutdown$$0000000F)
    __rt_lib_shutdown_signal_1               0x0800020d   Thumb Code     0  libshutdown2.o(.ARM.Collect$$libshutdown$$00000009)
    __rt_lib_shutdown_stdio_1                0x0800020d   Thumb Code     0  libshutdown2.o(.ARM.Collect$$libshutdown$$00000003)
    __rt_lib_shutdown_user_alloc_1           0x0800020d   Thumb Code     0  libshutdown2.o(.ARM.Collect$$libshutdown$$0000000B)
    __rt_entry                               0x0800020f   Thumb Code     0  rtentry.o(.ARM.Collect$$rtentry$$00000000)
    __rt_entry_presh_1                       0x0800020f   Thumb Code     0  rtentry2.o(.ARM.Collect$$rtentry$$00000002)
    __rt_entry_sh                            0x0800020f   Thumb Code     0  rtentry4.o(.ARM.Collect$$rtentry$$00000004)
    __rt_entry_li                            0x08000215   Thumb Code     0  rtentry2.o(.ARM.Collect$$rtentry$$0000000A)
    __rt_entry_postsh_1                      0x08000215   Thumb Code     0  rtentry2.o(.ARM.Collect$$rtentry$$00000009)
    __rt_entry_main                          0x08000219   Thumb Code     0  rtentry2.o(.ARM.Collect$$rtentry$$0000000D)
    __rt_entry_postli_1                      0x08000219   Thumb Code     0  rtentry2.o(.ARM.Collect$$rtentry$$0000000C)
    __rt_exit                                0x08000221   Thumb Code     0  rtexit.o(.ARM.Collect$$rtexit$$00000000)
    __rt_exit_ls                             0x08000223   Thumb Code     0  rtexit2.o(.ARM.Collect$$rtexit$$00000003)
    __rt_exit_prels_1                        0x08000223   Thumb Code     0  rtexit2.o(.ARM.Collect$$rtexit$$00000002)
    __rt_exit_exit                           0x08000227   Thumb Code     0  rtexit2.o(.ARM.Collect$$rtexit$$00000004)
    WFI_SET                                  0x0800022d   Thumb Code     2  sys.o(.emb_text)
    INTX_DISABLE                             0x0800022f   Thumb Code     2  sys.o(.emb_text)
    INTX_ENABLE                              0x08000231   Thumb Code     2  sys.o(.emb_text)
    MSR_MSP                                  0x08000233   Thumb Code     6  sys.o(.emb_text)
    SystemInit_ExtMemCtl                     0x08000239   Thumb Code     2  startup_stm32f10x_hd.o(.text)
    Reset_Handler                            0x0800023b   Thumb Code    14  startup_stm32f10x_hd.o(.text)
    NMI_Handler                              0x08000249   Thumb Code     2  startup_stm32f10x_hd.o(.text)
    HardFault_Handler                        0x0800024b   Thumb Code     2  startup_stm32f10x_hd.o(.text)
    MemManage_Handler                        0x0800024d   Thumb Code     2  startup_stm32f10x_hd.o(.text)
    BusFault_Handler                         0x0800024f   Thumb Code     2  startup_stm32f10x_hd.o(.text)
    UsageFault_Handler                       0x08000251   Thumb Code     2  startup_stm32f10x_hd.o(.text)
    SVC_Handler                              0x08000253   Thumb Code     2  startup_stm32f10x_hd.o(.text)
    DebugMon_Handler                         0x08000255   Thumb Code     2  startup_stm32f10x_hd.o(.text)
    PendSV_Handler                           0x08000257   Thumb Code     2  startup_stm32f10x_hd.o(.text)
    SysTick_Handler                          0x08000259   Thumb Code     2  startup_stm32f10x_hd.o(.text)
    ADC1_2_IRQHandler                        0x0800025b   Thumb Code     0  startup_stm32f10x_hd.o(.text)
    ADC3_IRQHandler                          0x0800025b   Thumb Code     0  startup_stm32f10x_hd.o(.text)
    CAN1_RX1_IRQHandler                      0x0800025b   Thumb Code     0  startup_stm32f10x_hd.o(.text)
    CAN1_SCE_IRQHandler                      0x0800025b   Thumb Code     0  startup_stm32f10x_hd.o(.text)
    DMA1_Channel1_IRQHandler                 0x0800025b   Thumb Code     0  startup_stm32f10x_hd.o(.text)
    DMA1_Channel2_IRQHandler                 0x0800025b   Thumb Code     0  startup_stm32f10x_hd.o(.text)
    DMA1_Channel3_IRQHandler                 0x0800025b   Thumb Code     0  startup_stm32f10x_hd.o(.text)
    DMA1_Channel4_IRQHandler                 0x0800025b   Thumb Code     0  startup_stm32f10x_hd.o(.text)
    DMA1_Channel5_IRQHandler                 0x0800025b   Thumb Code     0  startup_stm32f10x_hd.o(.text)
    DMA1_Channel6_IRQHandler                 0x0800025b   Thumb Code     0  startup_stm32f10x_hd.o(.text)
    DMA1_Channel7_IRQHandler                 0x0800025b   Thumb Code     0  startup_stm32f10x_hd.o(.text)
    DMA2_Channel1_IRQHandler                 0x0800025b   Thumb Code     0  startup_stm32f10x_hd.o(.text)
    DMA2_Channel2_IRQHandler                 0x0800025b   Thumb Code     0  startup_stm32f10x_hd.o(.text)
    DMA2_Channel3_IRQHandler                 0x0800025b   Thumb Code     0  startup_stm32f10x_hd.o(.text)
    DMA2_Channel4_5_IRQHandler               0x0800025b   Thumb Code     0  startup_stm32f10x_hd.o(.text)
    EXTI15_10_IRQHandler                     0x0800025b   Thumb Code     0  startup_stm32f10x_hd.o(.text)
    EXTI1_IRQHandler                         0x0800025b   Thumb Code     0  startup_stm32f10x_hd.o(.text)
    EXTI9_5_IRQHandler                       0x0800025b   Thumb Code     0  startup_stm32f10x_hd.o(.text)
    FLASH_IRQHandler                         0x0800025b   Thumb Code     0  startup_stm32f10x_hd.o(.text)
    FSMC_IRQHandler                          0x0800025b   Thumb Code     0  startup_stm32f10x_hd.o(.text)
    I2C1_ER_IRQHandler                       0x0800025b   Thumb Code     0  startup_stm32f10x_hd.o(.text)
    I2C1_EV_IRQHandler                       0x0800025b   Thumb Code     0  startup_stm32f10x_hd.o(.text)
    I2C2_ER_IRQHandler                       0x0800025b   Thumb Code     0  startup_stm32f10x_hd.o(.text)
    I2C2_EV_IRQHandler                       0x0800025b   Thumb Code     0  startup_stm32f10x_hd.o(.text)
    PVD_IRQHandler                           0x0800025b   Thumb Code     0  startup_stm32f10x_hd.o(.text)
    RCC_IRQHandler                           0x0800025b   Thumb Code     0  startup_stm32f10x_hd.o(.text)
    RTCAlarm_IRQHandler                      0x0800025b   Thumb Code     0  startup_stm32f10x_hd.o(.text)
    SDIO_IRQHandler                          0x0800025b   Thumb Code     0  startup_stm32f10x_hd.o(.text)
    SPI1_IRQHandler                          0x0800025b   Thumb Code     0  startup_stm32f10x_hd.o(.text)
    SPI2_IRQHandler                          0x0800025b   Thumb Code     0  startup_stm32f10x_hd.o(.text)
    SPI3_IRQHandler                          0x0800025b   Thumb Code     0  startup_stm32f10x_hd.o(.text)
    TAMPER_IRQHandler                        0x0800025b   Thumb Code     0  startup_stm32f10x_hd.o(.text)
    TIM1_BRK_IRQHandler                      0x0800025b   Thumb Code     0  startup_stm32f10x_hd.o(.text)
    TIM1_CC_IRQHandler                       0x0800025b   Thumb Code     0  startup_stm32f10x_hd.o(.text)
    TIM1_TRG_COM_IRQHandler                  0x0800025b   Thumb Code     0  startup_stm32f10x_hd.o(.text)
    TIM1_UP_IRQHandler                       0x0800025b   Thumb Code     0  startup_stm32f10x_hd.o(.text)
    TIM4_IRQHandler                          0x0800025b   Thumb Code     0  startup_stm32f10x_hd.o(.text)
    TIM6_IRQHandler                          0x0800025b   Thumb Code     0  startup_stm32f10x_hd.o(.text)
    TIM7_IRQHandler                          0x0800025b   Thumb Code     0  startup_stm32f10x_hd.o(.text)
    TIM8_BRK_IRQHandler                      0x0800025b   Thumb Code     0  startup_stm32f10x_hd.o(.text)
    TIM8_CC_IRQHandler                       0x0800025b   Thumb Code     0  startup_stm32f10x_hd.o(.text)
    TIM8_TRG_COM_IRQHandler                  0x0800025b   Thumb Code     0  startup_stm32f10x_hd.o(.text)
    TIM8_UP_IRQHandler                       0x0800025b   Thumb Code     0  startup_stm32f10x_hd.o(.text)
    UART4_IRQHandler                         0x0800025b   Thumb Code     0  startup_stm32f10x_hd.o(.text)
    UART5_IRQHandler                         0x0800025b   Thumb Code     0  startup_stm32f10x_hd.o(.text)
    USART3_IRQHandler                        0x0800025b   Thumb Code     0  startup_stm32f10x_hd.o(.text)
    USBWakeUp_IRQHandler                     0x0800025b   Thumb Code     0  startup_stm32f10x_hd.o(.text)
    USB_HP_CAN1_TX_IRQHandler                0x0800025b   Thumb Code     0  startup_stm32f10x_hd.o(.text)
    USB_LP_CAN1_RX0_IRQHandler               0x0800025b   Thumb Code     0  startup_stm32f10x_hd.o(.text)
    __user_initial_stackheap                 0x0800025d   Thumb Code     0  startup_stm32f10x_hd.o(.text)
    main                                     0x08000281   Thumb Code   498  test.o(.text)
    delay_init                               0x080004fd   Thumb Code    56  delay.o(.text)
    delay_us                                 0x08000535   Thumb Code    54  delay.o(.text)
    delay_ms                                 0x0800056b   Thumb Code    54  delay.o(.text)
    MY_NVIC_SetVectorTable                   0x080005a9   Thumb Code    12  sys.o(.text)
    MY_NVIC_PriorityGroupConfig              0x080005b5   Thumb Code    36  sys.o(.text)
    MY_NVIC_Init                             0x080005d9   Thumb Code   156  sys.o(.text)
    Ex_NVIC_Config                           0x08000675   Thumb Code   146  sys.o(.text)
    MYRCC_DeInit                             0x08000707   Thumb Code    90  sys.o(.text)
    Sys_Standby                              0x08000761   Thumb Code    68  sys.o(.text)
    Sys_Soft_Reset                           0x080007a5   Thumb Code    12  sys.o(.text)
    JTAG_Set                                 0x080007b1   Thumb Code    42  sys.o(.text)
    Stm32_Clock_Init                         0x080007db   Thumb Code   130  sys.o(.text)
    _sys_exit                                0x08000891   Thumb Code     6  usart.o(.text)
    fputc                                    0x08000897   Thumb Code    22  usart.o(.text)
    USART1_IRQHandler                        0x080008ad   Thumb Code   118  usart.o(.text)
    uart_init                                0x08000923   Thumb Code   214  usart.o(.text)
    LED_Init                                 0x08000a11   Thumb Code   100  led.o(.text)
    KEY_Init                                 0x08000a81   Thumb Code    86  key.o(.text)
    KEY_Scan                                 0x08000ad7   Thumb Code   138  key.o(.text)
    EXTI2_IRQHandler                         0x08000b89   Thumb Code    40  exti.o(.text)
    EXTI3_IRQHandler                         0x08000bb1   Thumb Code    40  exti.o(.text)
    EXTI4_IRQHandler                         0x08000bd9   Thumb Code    58  exti.o(.text)
    EXTIX_Init                               0x08000c13   Thumb Code    96  exti.o(.text)
    IWDG_Init                                0x08000c91   Thumb Code    28  wdg.o(.text)
    IWDG_Feed                                0x08000cad   Thumb Code    10  wdg.o(.text)
    WWDG_Init                                0x08000cb7   Thumb Code   124  wdg.o(.text)
    WWDG_Set_Counter                         0x08000d33   Thumb Code    12  wdg.o(.text)
    WWDG_IRQHandler                          0x08000d3f   Thumb Code    36  wdg.o(.text)
    TIM3_IRQHandler                          0x08000d79   Thumb Code    40  timer.o(.text)
    TIM3_Int_Init                            0x08000da1   Thumb Code    74  timer.o(.text)
    TIM3_PWM_Init                            0x08000deb   Thumb Code   150  timer.o(.text)
    TIM5_Cap_Init                            0x08000e81   Thumb Code   176  timer.o(.text)
    TIM5_IRQHandler                          0x08000f31   Thumb Code   184  timer.o(.text)
    TIM4_PWM_Init                            0x08000fe9   Thumb Code   124  timer.o(.text)
    LCD_WR_REG                               0x0800108d   Thumb Code     6  ili93xx.o(.text)
    LCD_WR_DATA                              0x08001093   Thumb Code     8  ili93xx.o(.text)
    LCD_RD_DATA                              0x0800109b   Thumb Code     8  ili93xx.o(.text)
    LCD_WriteReg                             0x080010a3   Thumb Code    10  ili93xx.o(.text)
    LCD_ReadReg                              0x080010ad   Thumb Code    22  ili93xx.o(.text)
    LCD_WriteRAM_Prepare                     0x080010c3   Thumb Code    10  ili93xx.o(.text)
    LCD_WriteRAM                             0x080010cd   Thumb Code     8  ili93xx.o(.text)
    LCD_BGR2RGB                              0x080010d5   Thumb Code    26  ili93xx.o(.text)
    opt_delay                                0x080010ef   Thumb Code    14  ili93xx.o(.text)
    LCD_SetCursor                            0x080010fd   Thumb Code   172  ili93xx.o(.text)
    LCD_ReadPoint                            0x080011a9   Thumb Code   278  ili93xx.o(.text)
    LCD_DisplayOn                            0x080012bf   Thumb Code    46  ili93xx.o(.text)
    LCD_DisplayOff                           0x080012ed   Thumb Code    44  ili93xx.o(.text)
    LCD_Scan_Dir                             0x08001319   Thumb Code   472  ili93xx.o(.text)
    LCD_DrawPoint                            0x080014f1   Thumb Code    28  ili93xx.o(.text)
    LCD_Fast_DrawPoint                       0x0800150d   Thumb Code   188  ili93xx.o(.text)
    LCD_Display_Dir                          0x080015c9   Thumb Code   266  ili93xx.o(.text)
    LCD_Clear                                0x080016d3   Thumb Code   100  ili93xx.o(.text)
    LCD_Init                                 0x08001737   Thumb Code  6356  ili93xx.o(.text)
    LCD_Fill                                 0x0800300b   Thumb Code   178  ili93xx.o(.text)
    LCD_Color_Fill                           0x080030bd   Thumb Code   100  ili93xx.o(.text)
    LCD_DrawLine                             0x08003121   Thumb Code   176  ili93xx.o(.text)
    LCD_DrawRectangle                        0x080031d1   Thumb Code    60  ili93xx.o(.text)
    Draw_Circle                              0x0800320d   Thumb Code   152  ili93xx.o(.text)
    LCD_ShowChar                             0x080032a5   Thumb Code   340  ili93xx.o(.text)
    LCD_Pow                                  0x080033f9   Thumb Code    22  ili93xx.o(.text)
    LCD_ShowNum                              0x0800340f   Thumb Code   148  ili93xx.o(.text)
    LCD_ShowxNum                             0x080034a3   Thumb Code   218  ili93xx.o(.text)
    LCD_ShowString                           0x0800357d   Thumb Code   102  ili93xx.o(.text)
    RTC_Get_Week                             0x080035e5   Thumb Code   116  rtc.o(.text)
    Is_Leap_Year                             0x08003659   Thumb Code    58  rtc.o(.text)
    RTC_Get                                  0x08003693   Thumb Code   246  rtc.o(.text)
    RTC_Set                                  0x08003789   Thumb Code   254  rtc.o(.text)
    RTC_Init                                 0x08003887   Thumb Code   368  rtc.o(.text)
    RTC_IRQHandler                           0x080039f7   Thumb Code    80  rtc.o(.text)
    Sys_Enter_Standby                        0x08003a85   Thumb Code    20  wkup.o(.text)
    Check_WKUP                               0x08003a99   Thumb Code    72  wkup.o(.text)
    EXTI0_IRQHandler                         0x08003ae1   Thumb Code    20  wkup.o(.text)
    WKUP_Init                                0x08003af5   Thumb Code    80  wkup.o(.text)
    Dac1_Init                                0x08003b59   Thumb Code   102  dac.o(.text)
    Dac1_Set_Vol                             0x08003bbf   Thumb Code    76  dac.o(.text)
    IIC_Init                                 0x08003c21   Thumb Code    52  myiic.o(.text)
    IIC_Start                                0x08003c55   Thumb Code    68  myiic.o(.text)
    IIC_Stop                                 0x08003c99   Thumb Code    66  myiic.o(.text)
    IIC_Wait_Ack                             0x08003cdb   Thumb Code    82  myiic.o(.text)
    IIC_Ack                                  0x08003d2d   Thumb Code    72  myiic.o(.text)
    IIC_NAck                                 0x08003d75   Thumb Code    72  myiic.o(.text)
    IIC_Send_Byte                            0x08003dbd   Thumb Code    96  myiic.o(.text)
    IIC_Read_Byte                            0x08003e1d   Thumb Code    98  myiic.o(.text)
    AT24CXX_Init                             0x08003e99   Thumb Code     8  24cxx.o(.text)
    AT24CXX_ReadOneByte                      0x08003ea1   Thumb Code    88  24cxx.o(.text)
    AT24CXX_WriteOneByte                     0x08003ef9   Thumb Code    80  24cxx.o(.text)
    AT24CXX_WriteLenByte                     0x08003f49   Thumb Code    42  24cxx.o(.text)
    AT24CXX_ReadLenByte                      0x08003f73   Thumb Code    44  24cxx.o(.text)
    AT24CXX_Check                            0x08003f9f   Thumb Code    46  24cxx.o(.text)
    AT24CXX_Read                             0x08003fcd   Thumb Code    34  24cxx.o(.text)
    AT24CXX_Write                            0x08003fef   Thumb Code    36  24cxx.o(.text)
    USART2_IRQHandler                        0x08004015   Thumb Code    90  rs485.o(.text)
    RS485_Init                               0x0800406f   Thumb Code   254  rs485.o(.text)
    RS485_Send_Data                          0x0800416d   Thumb Code    68  rs485.o(.text)
    RS485_Receive_Data                       0x080041b1   Thumb Code    68  rs485.o(.text)
    usmart_sys_cmd_exe                       0x08004215   Thumb Code  1570  usmart.o(.text)
    TIM2_IRQHandler                          0x08004837   Thumb Code    38  usmart.o(.text)
    Timer2_Init                              0x0800485d   Thumb Code    68  usmart.o(.text)
    usmart_init                              0x080048a1   Thumb Code    36  usmart.o(.text)
    usmart_cmd_rec                           0x080048c5   Thumb Code   170  usmart.o(.text)
    usmart_exe                               0x0800496f   Thumb Code   712  usmart.o(.text)
    usmart_scan                              0x08004c37   Thumb Code   118  usmart.o(.text)
    read_addr                                0x08004cad   Thumb Code     6  usmart.o(.text)
    write_addr                               0x08004cb3   Thumb Code     4  usmart.o(.text)
    usmart_strcmp                            0x08004d11   Thumb Code    34  usmart_str.o(.text)
    usmart_strcopy                           0x08004d33   Thumb Code    22  usmart_str.o(.text)
    usmart_strlen                            0x08004d49   Thumb Code    24  usmart_str.o(.text)
    usmart_pow                               0x08004d61   Thumb Code    22  usmart_str.o(.text)
    usmart_str2num                           0x08004d77   Thumb Code   202  usmart_str.o(.text)
    usmart_get_cmdname                       0x08004e41   Thumb Code    54  usmart_str.o(.text)
    usmart_search_nextc                      0x08004e77   Thumb Code    22  usmart_str.o(.text)
    usmart_get_fname                         0x08004e8d   Thumb Code   440  usmart_str.o(.text)
    usmart_get_aparm                         0x08005045   Thumb Code   188  usmart_str.o(.text)
    usmart_get_parmpos                       0x08005101   Thumb Code    26  usmart_str.o(.text)
    usmart_get_fparam                        0x0800511b   Thumb Code   262  usmart_str.o(.text)
    __use_no_semihosting                     0x0800522d   Thumb Code     2  use_no_semi_2.o(.text)
    __2printf                                0x08005231   Thumb Code    20  noretval__2printf.o(.text)
    _printf_pre_padding                      0x08005249   Thumb Code    46  _printf_pad.o(.text)
    _printf_post_padding                     0x08005277   Thumb Code    36  _printf_pad.o(.text)
    _printf_str                              0x0800529b   Thumb Code    82  _printf_str.o(.text)
    _printf_int_dec                          0x080052ed   Thumb Code   102  _printf_dec.o(.text)
    _printf_int_hex                          0x08005365   Thumb Code    88  _printf_hex_int.o(.text)
    _printf_longlong_hex                     0x08005365   Thumb Code     0  _printf_hex_int.o(.text)
    __printf                                 0x080053c1   Thumb Code   390  __printf_flags_ss_wp.o(.text)
    __use_two_region_memory                  0x0800554d   Thumb Code     2  heapauxi.o(.text)
    __rt_heap_escrow$2region                 0x0800554f   Thumb Code     2  heapauxi.o(.text)
    __rt_heap_expand$2region                 0x08005551   Thumb Code     2  heapauxi.o(.text)
    __I$use$semihosting                      0x08005553   Thumb Code     0  use_no_semi.o(.text)
    __use_no_semihosting_swi                 0x08005553   Thumb Code     2  use_no_semi.o(.text)
    _printf_int_common                       0x08005555   Thumb Code   184  _printf_intcommon.o(.text)
    _printf_cs_common                        0x0800560d   Thumb Code    20  _printf_char.o(.text)
    _printf_char                             0x08005621   Thumb Code    16  _printf_char.o(.text)
    _printf_string                           0x08005631   Thumb Code     8  _printf_char.o(.text)
    _printf_char_file                        0x08005639   Thumb Code    32  _printf_char_file.o(.text)
    _printf_char_common                      0x08005667   Thumb Code    32  _printf_char_common.o(.text)
    ferror                                   0x0800568d   Thumb Code     8  ferror.o(.text)
    __user_setup_stackheap                   0x08005695   Thumb Code    74  sys_stackheap_outer.o(.text)
    exit                                     0x080056df   Thumb Code    12  exit.o(.text)
    __user_libspace                          0x080056ed   Thumb Code     8  libspace.o(.text)
    __user_perproc_libspace                  0x080056ed   Thumb Code     0  libspace.o(.text)
    __user_perthread_libspace                0x080056ed   Thumb Code     0  libspace.o(.text)
    _is_digit                                0x080056f5   Thumb Code    14  __printf_wp.o(i._is_digit)
    __aeabi_d2f                              0x08005705   Thumb Code     0  d2f.o(x$fpl$d2f)
    _d2f                                     0x08005705   Thumb Code    98  d2f.o(x$fpl$d2f)
    __aeabi_ddiv                             0x08005769   Thumb Code     0  ddiv.o(x$fpl$ddiv)
    _ddiv                                    0x08005769   Thumb Code   552  ddiv.o(x$fpl$ddiv)
    __fpl_dnaninf                            0x08005a19   Thumb Code   156  dnaninf.o(x$fpl$dnaninf)
    __fpl_dretinf                            0x08005ab5   Thumb Code    12  dretinf.o(x$fpl$dretinf)
    __aeabi_f2d                              0x08005ac1   Thumb Code     0  f2d.o(x$fpl$f2d)
    _f2d                                     0x08005ac1   Thumb Code    86  f2d.o(x$fpl$f2d)
    __aeabi_fadd                             0x08005b19   Thumb Code     0  faddsub_clz.o(x$fpl$fadd)
    _fadd                                    0x08005b19   Thumb Code   196  faddsub_clz.o(x$fpl$fadd)
    __aeabi_fdiv                             0x08005bdd   Thumb Code     0  fdiv.o(x$fpl$fdiv)
    _fdiv                                    0x08005bdd   Thumb Code   384  fdiv.o(x$fpl$fdiv)
    __aeabi_f2uiz                            0x08005d61   Thumb Code     0  ffixu.o(x$fpl$ffixu)
    _ffixu                                   0x08005d61   Thumb Code    62  ffixu.o(x$fpl$ffixu)
    __aeabi_ui2f                             0x08005da1   Thumb Code     0  fflt_clz.o(x$fpl$ffltu)
    _ffltu                                   0x08005da1   Thumb Code    38  fflt_clz.o(x$fpl$ffltu)
    __aeabi_fmul                             0x08005dc9   Thumb Code     0  fmul.o(x$fpl$fmul)
    _fmul                                    0x08005dc9   Thumb Code   258  fmul.o(x$fpl$fmul)
    __fpl_fnaninf                            0x08005ecb   Thumb Code   140  fnaninf.o(x$fpl$fnaninf)
    __fpl_fretinf                            0x08005f57   Thumb Code    10  fretinf.o(x$fpl$fretinf)
    __aeabi_frsub                            0x08005f61   Thumb Code     0  faddsub_clz.o(x$fpl$frsb)
    _frsb                                    0x08005f61   Thumb Code    20  faddsub_clz.o(x$fpl$frsb)
    __aeabi_fsub                             0x08005f75   Thumb Code     0  faddsub_clz.o(x$fpl$fsub)
    _fsub                                    0x08005f75   Thumb Code   234  faddsub_clz.o(x$fpl$fsub)
    __I$use$fp                               0x0800605e   Number         0  usenofp.o(x$fpl$usenofp)
    asc2_1206                                0x0800605e   Data        1140  ili93xx.o(.constdata)
    asc2_1608                                0x080064d2   Data        1520  ili93xx.o(.constdata)
    table_week                               0x08006ac2   Data          12  rtc.o(.constdata)
    mon_table                                0x08006ace   Data          12  rtc.o(.constdata)
    Region$$Table$$Base                      0x08006c48   Number         0  anon$$obj.o(Region$$Table)
    Region$$Table$$Limit                     0x08006c68   Number         0  anon$$obj.o(Region$$Table)
    USART_RX_STA                             0x20000004   Data           2  usart.o(.data)
    __stdout                                 0x20000008   Data           4  usart.o(.data)
    WWDG_CNT                                 0x2000000d   Data           1  wdg.o(.data)
    TIM5CH1_CAPTURE_STA                      0x2000000e   Data           1  timer.o(.data)
    TIM5CH1_CAPTURE_VAL                      0x20000010   Data           2  timer.o(.data)
    POINT_COLOR                              0x20000012   Data           2  ili93xx.o(.data)
    BACK_COLOR                               0x20000014   Data           2  ili93xx.o(.data)
    RS485_RX_CNT                             0x20000018   Data           1  rs485.o(.data)
    sys_cmd_tab                              0x2000001c   Data          24  usmart.o(.data)
    usmart_nametab                           0x20000034   Data          64  usmart_config.o(.data)
    usmart_dev                               0x20000074   Data         236  usmart_config.o(.data)
    USART_RX_BUF                             0x20000160   Data         200  usart.o(.bss)
    lcddev                                   0x20000228   Data          10  ili93xx.o(.bss)
    calendar                                 0x20000232   Data          10  rtc.o(.bss)
    RS485_RX_BUF                             0x2000023c   Data          64  rs485.o(.bss)
    __libspace_start                         0x2000027c   Data          96  libspace.o(.bss)
    __temporary_stack_top$libspace           0x200002dc   Data           0  libspace.o(.bss)



==============================================================================

Memory Map of the image

  Image Entry point : 0x08000131

  Load Region LR_IROM1 (Base: 0x08000000, Size: 0x00006dc8, Max: 0x00080000, ABSOLUTE, COMPRESSED[0x00006cd0])

    Execution Region ER_IROM1 (Base: 0x08000000, Size: 0x00006c68, Max: 0x00080000, ABSOLUTE)

    Base Addr    Size         Type   Attr      Idx    E Section Name        Object

    0x08000000   0x00000130   Data   RO            3    RESET               startup_stm32f10x_hd.o
    0x08000130   0x00000008   Code   RO          602  * !!!main             c_w.l(__main.o)
    0x08000138   0x00000034   Code   RO          810    !!!scatter          c_w.l(__scatter.o)
    0x0800016c   0x0000005a   Code   RO          808    !!dczerorl2         c_w.l(__dczerorl2.o)
    0x080001c6   0x00000002   PAD
    0x080001c8   0x0000001c   Code   RO          812    !!handler_zi        c_w.l(__scatter_zi.o)
    0x080001e4   0x00000000   Code   RO          599    .ARM.Collect$$_printf_percent$$00000000  c_w.l(_printf_percent.o)
    0x080001e4   0x00000006   Code   RO          597    .ARM.Collect$$_printf_percent$$00000009  c_w.l(_printf_d.o)
    0x080001ea   0x00000006   Code   RO          598    .ARM.Collect$$_printf_percent$$0000000A  c_w.l(_printf_u.o)
    0x080001f0   0x00000006   Code   RO          596    .ARM.Collect$$_printf_percent$$0000000C  c_w.l(_printf_x.o)
    0x080001f6   0x00000006   Code   RO          594    .ARM.Collect$$_printf_percent$$00000013  c_w.l(_printf_c.o)
    0x080001fc   0x00000006   Code   RO          595    .ARM.Collect$$_printf_percent$$00000014  c_w.l(_printf_s.o)
    0x08000202   0x00000004   Code   RO          643    .ARM.Collect$$_printf_percent$$00000017  c_w.l(_printf_percent_end.o)
    0x08000206   0x00000002   Code   RO          685    .ARM.Collect$$libinit$$00000000  c_w.l(libinit.o)
    0x08000208   0x00000000   Code   RO          692    .ARM.Collect$$libinit$$00000002  c_w.l(libinit2.o)
    0x08000208   0x00000000   Code   RO          695    .ARM.Collect$$libinit$$00000008  c_w.l(libinit2.o)
    0x08000208   0x00000000   Code   RO          697    .ARM.Collect$$libinit$$0000000A  c_w.l(libinit2.o)
    0x08000208   0x00000000   Code   RO          699    .ARM.Collect$$libinit$$0000000C  c_w.l(libinit2.o)
    0x08000208   0x00000000   Code   RO          702    .ARM.Collect$$libinit$$0000000F  c_w.l(libinit2.o)
    0x08000208   0x00000000   Code   RO          704    .ARM.Collect$$libinit$$00000011  c_w.l(libinit2.o)
    0x08000208   0x00000000   Code   RO          706    .ARM.Collect$$libinit$$00000013  c_w.l(libinit2.o)
    0x08000208   0x00000000   Code   RO          708    .ARM.Collect$$libinit$$00000015  c_w.l(libinit2.o)
    0x08000208   0x00000000   Code   RO          710    .ARM.Collect$$libinit$$00000017  c_w.l(libinit2.o)
    0x08000208   0x00000000   Code   RO          712    .ARM.Collect$$libinit$$00000019  c_w.l(libinit2.o)
    0x08000208   0x00000000   Code   RO          714    .ARM.Collect$$libinit$$0000001B  c_w.l(libinit2.o)
    0x08000208   0x00000000   Code   RO          716    .ARM.Collect$$libinit$$0000001D  c_w.l(libinit2.o)
    0x08000208   0x00000000   Code   RO          718    .ARM.Collect$$libinit$$0000001F  c_w.l(libinit2.o)
    0x08000208   0x00000000   Code   RO          720    .ARM.Collect$$libinit$$00000021  c_w.l(libinit2.o)
    0x08000208   0x00000000   Code   RO          722    .ARM.Collect$$libinit$$00000023  c_w.l(libinit2.o)
    0x08000208   0x00000000   Code   RO          726    .ARM.Collect$$libinit$$0000002A  c_w.l(libinit2.o)
    0x08000208   0x00000000   Code   RO          728    .ARM.Collect$$libinit$$0000002C  c_w.l(libinit2.o)
    0x08000208   0x00000000   Code   RO          730    .ARM.Collect$$libinit$$0000002E  c_w.l(libinit2.o)
    0x08000208   0x00000000   Code   RO          732    .ARM.Collect$$libinit$$00000030  c_w.l(libinit2.o)
    0x08000208   0x00000002   Code   RO          733    .ARM.Collect$$libinit$$00000031  c_w.l(libinit2.o)
    0x0800020a   0x00000002   Code   RO          751    .ARM.Collect$$libshutdown$$00000000  c_w.l(libshutdown.o)
    0x0800020c   0x00000000   Code   RO          762    .ARM.Collect$$libshutdown$$00000003  c_w.l(libshutdown2.o)
    0x0800020c   0x00000000   Code   RO          765    .ARM.Collect$$libshutdown$$00000006  c_w.l(libshutdown2.o)
    0x0800020c   0x00000000   Code   RO          768    .ARM.Collect$$libshutdown$$00000009  c_w.l(libshutdown2.o)
    0x0800020c   0x00000000   Code   RO          770    .ARM.Collect$$libshutdown$$0000000B  c_w.l(libshutdown2.o)
    0x0800020c   0x00000000   Code   RO          773    .ARM.Collect$$libshutdown$$0000000E  c_w.l(libshutdown2.o)
    0x0800020c   0x00000002   Code   RO          774    .ARM.Collect$$libshutdown$$0000000F  c_w.l(libshutdown2.o)
    0x0800020e   0x00000000   Code   RO          636    .ARM.Collect$$rtentry$$00000000  c_w.l(rtentry.o)
    0x0800020e   0x00000000   Code   RO          654    .ARM.Collect$$rtentry$$00000002  c_w.l(rtentry2.o)
    0x0800020e   0x00000006   Code   RO          666    .ARM.Collect$$rtentry$$00000004  c_w.l(rtentry4.o)
    0x08000214   0x00000000   Code   RO          656    .ARM.Collect$$rtentry$$00000009  c_w.l(rtentry2.o)
    0x08000214   0x00000004   Code   RO          657    .ARM.Collect$$rtentry$$0000000A  c_w.l(rtentry2.o)
    0x08000218   0x00000000   Code   RO          659    .ARM.Collect$$rtentry$$0000000C  c_w.l(rtentry2.o)
    0x08000218   0x00000008   Code   RO          660    .ARM.Collect$$rtentry$$0000000D  c_w.l(rtentry2.o)
    0x08000220   0x00000002   Code   RO          689    .ARM.Collect$$rtexit$$00000000  c_w.l(rtexit.o)
    0x08000222   0x00000000   Code   RO          735    .ARM.Collect$$rtexit$$00000002  c_w.l(rtexit2.o)
    0x08000222   0x00000004   Code   RO          736    .ARM.Collect$$rtexit$$00000003  c_w.l(rtexit2.o)
    0x08000226   0x00000006   Code   RO          737    .ARM.Collect$$rtexit$$00000004  c_w.l(rtexit2.o)
    0x0800022c   0x0000000c   Code   RO          135    .emb_text           sys.o
    0x08000238   0x00000048   Code   RO            4    .text               startup_stm32f10x_hd.o
    0x08000280   0x0000027c   Code   RO           10    .text               test.o
    0x080004fc   0x000000ac   Code   RO          121    .text               delay.o
    0x080005a8   0x000002e8   Code   RO          136    .text               sys.o
    0x08000890   0x00000180   Code   RO          151    .text               usart.o
    0x08000a10   0x00000070   Code   RO          174    .text               led.o
    0x08000a80   0x00000108   Code   RO          198    .text               key.o
    0x08000b88   0x00000108   Code   RO          211    .text               exti.o
    0x08000c90   0x000000e8   Code   RO          223    .text               wdg.o
    0x08000d78   0x00000314   Code   RO          238    .text               timer.o
    0x0800108c   0x00002556   Code   RO          293    .text               ili93xx.o
    0x080035e2   0x00000002   PAD
    0x080035e4   0x000004a0   Code   RO          320    .text               rtc.o
    0x08003a84   0x000000d4   Code   RO          340    .text               wkup.o
    0x08003b58   0x000000c8   Code   RO          364    .text               dac.o
    0x08003c20   0x00000278   Code   RO          391    .text               myiic.o
    0x08003e98   0x0000017a   Code   RO          403    .text               24cxx.o
    0x08004012   0x00000002   PAD
    0x08004014   0x00000200   Code   RO          449    .text               rs485.o
    0x08004214   0x00000afc   Code   RO          468    .text               usmart.o
    0x08004d10   0x0000051c   Code   RO          525    .text               usmart_str.o
    0x0800522c   0x00000002   Code   RO          539    .text               c_w.l(use_no_semi_2.o)
    0x0800522e   0x00000002   PAD
    0x08005230   0x00000018   Code   RO          543    .text               c_w.l(noretval__2printf.o)
    0x08005248   0x00000052   Code   RO          547    .text               c_w.l(_printf_pad.o)
    0x0800529a   0x00000052   Code   RO          549    .text               c_w.l(_printf_str.o)
    0x080052ec   0x00000078   Code   RO          551    .text               c_w.l(_printf_dec.o)
    0x08005364   0x0000005c   Code   RO          556    .text               c_w.l(_printf_hex_int.o)
    0x080053c0   0x0000018c   Code   RO          591    .text               c_w.l(__printf_flags_ss_wp.o)
    0x0800554c   0x00000006   Code   RO          600    .text               c_w.l(heapauxi.o)
    0x08005552   0x00000002   Code   RO          634    .text               c_w.l(use_no_semi.o)
    0x08005554   0x000000b8   Code   RO          637    .text               c_w.l(_printf_intcommon.o)
    0x0800560c   0x0000002c   Code   RO          639    .text               c_w.l(_printf_char.o)
    0x08005638   0x00000024   Code   RO          641    .text               c_w.l(_printf_char_file.o)
    0x0800565c   0x00000030   Code   RO          668    .text               c_w.l(_printf_char_common.o)
    0x0800568c   0x00000008   Code   RO          670    .text               c_w.l(ferror.o)
    0x08005694   0x0000004a   Code   RO          674    .text               c_w.l(sys_stackheap_outer.o)
    0x080056de   0x0000000c   Code   RO          678    .text               c_w.l(exit.o)
    0x080056ea   0x00000002   PAD
    0x080056ec   0x00000008   Code   RO          686    .text               c_w.l(libspace.o)
    0x080056f4   0x0000000e   Code   RO          584    i._is_digit         c_w.l(__printf_wp.o)
    0x08005702   0x00000002   PAD
    0x08005704   0x00000062   Code   RO          604    x$fpl$d2f           fz_ws.l(d2f.o)
    0x08005766   0x00000002   PAD
    0x08005768   0x000002b0   Code   RO          607    x$fpl$ddiv          fz_ws.l(ddiv.o)
    0x08005a18   0x0000009c   Code   RO          644    x$fpl$dnaninf       fz_ws.l(dnaninf.o)
    0x08005ab4   0x0000000c   Code   RO          646    x$fpl$dretinf       fz_ws.l(dretinf.o)
    0x08005ac0   0x00000056   Code   RO          610    x$fpl$f2d           fz_ws.l(f2d.o)
    0x08005b16   0x00000002   PAD
    0x08005b18   0x000000c4   Code   RO          612    x$fpl$fadd          fz_ws.l(faddsub_clz.o)
    0x08005bdc   0x00000184   Code   RO          619    x$fpl$fdiv          fz_ws.l(fdiv.o)
    0x08005d60   0x0000003e   Code   RO          622    x$fpl$ffixu         fz_ws.l(ffixu.o)
    0x08005d9e   0x00000002   PAD
    0x08005da0   0x00000026   Code   RO          626    x$fpl$ffltu         fz_ws.l(fflt_clz.o)
    0x08005dc6   0x00000002   PAD
    0x08005dc8   0x00000102   Code   RO          632    x$fpl$fmul          fz_ws.l(fmul.o)
    0x08005eca   0x0000008c   Code   RO          648    x$fpl$fnaninf       fz_ws.l(fnaninf.o)
    0x08005f56   0x0000000a   Code   RO          650    x$fpl$fretinf       fz_ws.l(fretinf.o)
    0x08005f60   0x00000014   Code   RO          613    x$fpl$frsb          fz_ws.l(faddsub_clz.o)
    0x08005f74   0x000000ea   Code   RO          614    x$fpl$fsub          fz_ws.l(faddsub_clz.o)
    0x0800605e   0x00000000   Code   RO          652    x$fpl$usenofp       fz_ws.l(usenofp.o)
    0x0800605e   0x00000a64   Data   RO          295    .constdata          ili93xx.o
    0x08006ac2   0x00000018   Data   RO          322    .constdata          rtc.o
    0x08006ada   0x00000028   Data   RO          557    .constdata          c_w.l(_printf_hex_int.o)
    0x08006b02   0x00000011   Data   RO          592    .constdata          c_w.l(__printf_flags_ss_wp.o)
    0x08006b13   0x00000017   Data   RO          469    .conststring        usmart.o
    0x08006b2a   0x0000011c   Data   RO          504    .conststring        usmart_config.o
    0x08006c46   0x00000002   PAD
    0x08006c48   0x00000020   Data   RO          806    Region$$Table       anon$$obj.o


    Execution Region RW_IRAM1 (Base: 0x20000000, Size: 0x00000ae0, Max: 0x00010000, ABSOLUTE, COMPRESSED[0x00000068])

    Base Addr    Size         Type   Attr      Idx    E Section Name        Object

    0x20000000   0x00000004   Data   RW          122    .data               delay.o
    0x20000004   0x00000008   Data   RW          153    .data               usart.o
    0x2000000c   0x00000001   Data   RW          199    .data               key.o
    0x2000000d   0x00000001   Data   RW          224    .data               wdg.o
    0x2000000e   0x00000004   Data   RW          239    .data               timer.o
    0x20000012   0x00000004   Data   RW          296    .data               ili93xx.o
    0x20000016   0x00000002   Data   RW          323    .data               rtc.o
    0x20000018   0x00000001   Data   RW          451    .data               rs485.o
    0x20000019   0x00000003   PAD
    0x2000001c   0x00000018   Data   RW          470    .data               usmart.o
    0x20000034   0x0000012c   Data   RW          505    .data               usmart_config.o
    0x20000160   0x000000c8   Zero   RW          152    .bss                usart.o
    0x20000228   0x0000000a   Zero   RW          294    .bss                ili93xx.o
    0x20000232   0x0000000a   Zero   RW          321    .bss                rtc.o
    0x2000023c   0x00000040   Zero   RW          450    .bss                rs485.o
    0x2000027c   0x00000060   Zero   RW          687    .bss                c_w.l(libspace.o)
    0x200002dc   0x00000004   PAD
    0x200002e0   0x00000000   Zero   RW            2    HEAP                startup_stm32f10x_hd.o
    0x200002e0   0x00000800   Zero   RW            1    STACK               startup_stm32f10x_hd.o


==============================================================================

Image component sizes


      Code (inc. data)   RO Data    RW Data    ZI Data      Debug   Object Name

       378          0          0          0          0       2650   24cxx.o
       200         22          0          0          0        713   dac.o
       172          8          0          4          0       1035   delay.o
       264         30          0          0          0        908   exti.o
      9558        144       2660          4         10      16152   ili93xx.o
       264         40          0          1          0        828   key.o
       112         12          0          0          0        447   led.o
       632         26          0          0          0       1852   myiic.o
       512         32          0          1         64       2178   rs485.o
      1184         62         24          2         10       3592   rtc.o
        72         26        304          0       2048        824   startup_stm32f10x_hd.o
       756         52          0          0          0       2787   sys.o
       636        138          0          0          0       3463   test.o
       788         40          0          4          0       1984   timer.o
       384         24          0          8        200       3130   usart.o
      2812       1162         23         24          0       4238   usmart.o
         0          0        284        300          0       1664   usmart_config.o
      1308         12          0          0          0       5045   usmart_str.o
       232         22          0          1          0       1448   wdg.o
       212         20          0          0          0       1002   wkup.o

    ----------------------------------------------------------------------
     20480       1872       3329        352       2332      55940   Object Totals
         0          0         32          0          0          0   (incl. Generated)
         4          0          2          3          0          0   (incl. Padding)

    ----------------------------------------------------------------------

      Code (inc. data)   RO Data    RW Data    ZI Data      Debug   Library Member Name

        90          0          0          0          0          0   __dczerorl2.o
         8          0          0          0          0         68   __main.o
       396          6         17          0          0         92   __printf_flags_ss_wp.o
        14          0          0          0          0         68   __printf_wp.o
        52          8          0          0          0          0   __scatter.o
        28          0          0          0          0          0   __scatter_zi.o
         6          0          0          0          0          0   _printf_c.o
        44          0          0          0          0        108   _printf_char.o
        48          6          0          0          0         96   _printf_char_common.o
        36          4          0          0          0         80   _printf_char_file.o
         6          0          0          0          0          0   _printf_d.o
       120         18          0          0          0         92   _printf_dec.o
        92          4         40          0          0         88   _printf_hex_int.o
       184          0          0          0          0         88   _printf_intcommon.o
        82          0          0          0          0        108   _printf_pad.o
         0          0          0          0          0          0   _printf_percent.o
         4          0          0          0          0          0   _printf_percent_end.o
         6          0          0          0          0          0   _printf_s.o
        82          0          0          0          0         80   _printf_str.o
         6          0          0          0          0          0   _printf_u.o
         6          0          0          0          0          0   _printf_x.o
        12          0          0          0          0         72   exit.o
         8          0          0          0          0         68   ferror.o
         6          0          0          0          0        152   heapauxi.o
         2          0          0          0          0          0   libinit.o
         2          0          0          0          0          0   libinit2.o
         2          0          0          0          0          0   libshutdown.o
         2          0          0          0          0          0   libshutdown2.o
         8          4          0          0         96         68   libspace.o
        24          4          0          0          0         84   noretval__2printf.o
         0          0          0          0          0          0   rtentry.o
        12          0          0          0          0          0   rtentry2.o
         6          0          0          0          0          0   rtentry4.o
         2          0          0          0          0          0   rtexit.o
        10          0          0          0          0          0   rtexit2.o
        74          0          0          0          0         80   sys_stackheap_outer.o
         2          0          0          0          0         68   use_no_semi.o
         2          0          0          0          0         68   use_no_semi_2.o
        98          4          0          0          0         92   d2f.o
       688        140          0          0          0        208   ddiv.o
       156          4          0          0          0         92   dnaninf.o
        12          0          0          0          0         68   dretinf.o
        86          4          0          0          0         84   f2d.o
       450          8          0          0          0        236   faddsub_clz.o
       388         76          0          0          0         96   fdiv.o
        62          4          0          0          0         84   ffixu.o
        38          0          0          0          0         68   fflt_clz.o
       258          4          0          0          0         84   fmul.o
       140          4          0          0          0         84   fnaninf.o
        10          0          0          0          0         68   fretinf.o
         0          0          0          0          0          0   usenofp.o

    ----------------------------------------------------------------------
      3886        302         57          0        100       2892   Library Totals
        16          0          0          0          4          0   (incl. Padding)

    ----------------------------------------------------------------------

      Code (inc. data)   RO Data    RW Data    ZI Data      Debug   Library Name

      1484         54         57          0         96       1628   c_w.l
      2386        248          0          0          0       1264   fz_ws.l

    ----------------------------------------------------------------------
      3886        302         57          0        100       2892   Library Totals

    ----------------------------------------------------------------------

==============================================================================


      Code (inc. data)   RO Data    RW Data    ZI Data      Debug   

     24366       2174       3386        352       2432      55452   Grand Totals
     24366       2174       3386        104       2432      55452   ELF Image Totals (compressed)
     24366       2174       3386        104          0          0   ROM Totals

==============================================================================

    Total RO  Size (Code + RO Data)                27752 (  27.10kB)
    Total RW  Size (RW Data + ZI Data)              2784 (   2.72kB)
    Total ROM Size (Code + RO Data + RW Data)      27856 (  27.20kB)

==============================================================================

