ARM Linker, RVCT4.0 [Build 524] for uVision [Standard]

==============================================================================

Section Cross References

    startup_stm32f10x_hd.o(RESET) refers to startup_stm32f10x_hd.o(STACK) for __initial_sp
    startup_stm32f10x_hd.o(RESET) refers to startup_stm32f10x_hd.o(.text) for Reset_Handler
    startup_stm32f10x_hd.o(RESET) refers to stm32f10x_it.o(.text) for NMI_Handler
    startup_stm32f10x_hd.o(.text) refers to system_stm32f10x.o(.text) for SystemInit
    startup_stm32f10x_hd.o(.text) refers to entry.o(.ARM.Collect$$$$00000000) for __main
    system_stm32f10x.o(.text) refers to system_stm32f10x.o(.data) for SystemCoreClock
    stm32f10x_adc.o(.text) refers to stm32f10x_rcc.o(.text) for RCC_APB2PeriphResetCmd
    stm32f10x_bkp.o(.text) refers to stm32f10x_rcc.o(.text) for RCC_BackupResetCmd
    stm32f10x_can.o(.text) refers to stm32f10x_rcc.o(.text) for RCC_APB1PeriphResetCmd
    stm32f10x_cec.o(.text) refers to stm32f10x_rcc.o(.text) for RCC_APB1PeriphResetCmd
    stm32f10x_dac.o(.text) refers to stm32f10x_rcc.o(.text) for RCC_APB1PeriphResetCmd
    stm32f10x_gpio.o(.text) refers to stm32f10x_rcc.o(.text) for RCC_APB2PeriphResetCmd
    stm32f10x_i2c.o(.text) refers to stm32f10x_rcc.o(.text) for RCC_APB1PeriphResetCmd
    stm32f10x_pwr.o(.text) refers to stm32f10x_rcc.o(.text) for RCC_APB1PeriphResetCmd
    stm32f10x_rcc.o(.text) refers to stm32f10x_rcc.o(.data) for .data
    stm32f10x_spi.o(.text) refers to stm32f10x_rcc.o(.text) for RCC_APB2PeriphResetCmd
    stm32f10x_tim.o(.text) refers to stm32f10x_rcc.o(.text) for RCC_APB2PeriphResetCmd
    stm32f10x_usart.o(.text) refers to stm32f10x_rcc.o(.text) for RCC_APB2PeriphResetCmd
    stm32f10x_wwdg.o(.text) refers to stm32f10x_rcc.o(.text) for RCC_APB1PeriphResetCmd
    main.o(.text) refers to usart1.o(.text) for USARTx_Config
    main.o(.text) refers to systick.o(.text) for SysTick_Init
    main.o(.text) refers to esp8266.o(.text) for ESP8266_Init
    main.o(.text) refers to dht11.o(.text) for DHT11_Init
    main.o(.text) refers to printfa.o(i.__0printf) for __2printf
    main.o(.text) refers to send.o(.text) for ESP8266_StaTcpClient_UnvarnishTest
    stm32f10x_it.o(.text) refers to systick.o(.text) for TimingDelay_Decrement
    stm32f10x_it.o(.text) refers to stm32f10x_usart.o(.text) for USART_GetITStatus
    stm32f10x_it.o(.text) refers to strstr.o(.text) for strstr
    stm32f10x_it.o(.text) refers to esp8266.o(.bss) for strEsp8266_Fram_Record
    stm32f10x_it.o(.text) refers to send.o(.data) for ucTcpClosedFlag
    common.o(.text) refers to stm32f10x_usart.o(.text) for USART_SendData
    ds18b20.o(.text) refers to systick.o(.text) for Delay_us
    ds18b20.o(.text) refers to stm32f10x_rcc.o(.text) for RCC_APB2PeriphClockCmd
    ds18b20.o(.text) refers to stm32f10x_gpio.o(.text) for GPIO_Init
    ds18b20.o(.text) refers to fflti.o(.text) for __aeabi_i2f
    ds18b20.o(.text) refers to f2d.o(.text) for __aeabi_f2d
    ds18b20.o(.text) refers to dmul.o(.text) for __aeabi_dmul
    ds18b20.o(.text) refers to d2f.o(.text) for __aeabi_d2f
    sys.o(.text) refers to misc.o(.text) for NVIC_PriorityGroupConfig
    esp8266.o(.text) refers to misc.o(.text) for NVIC_PriorityGroupConfig
    esp8266.o(.text) refers to stm32f10x_rcc.o(.text) for RCC_APB1PeriphClockCmd
    esp8266.o(.text) refers to stm32f10x_gpio.o(.text) for GPIO_Init
    esp8266.o(.text) refers to stm32f10x_usart.o(.text) for USART_Init
    esp8266.o(.text) refers to systick.o(.text) for Delay_us
    esp8266.o(.text) refers to common.o(.text) for USART_printf
    esp8266.o(.text) refers to printfa.o(i.__0printf) for __2printf
    esp8266.o(.text) refers to strstr.o(.text) for strstr
    esp8266.o(.text) refers to printfa.o(i.__0sprintf) for __2sprintf
    esp8266.o(.text) refers to memseta.o(.text) for __aeabi_memclr4
    esp8266.o(.text) refers to esp8266.o(.bss) for strEsp8266_Fram_Record
    systick.o(.text) refers to system_stm32f10x.o(.data) for SystemCoreClock
    systick.o(.text) refers to systick.o(.data) for .data
    usart1.o(.text) refers to stm32f10x_rcc.o(.text) for RCC_APB2PeriphClockCmd
    usart1.o(.text) refers to stm32f10x_gpio.o(.text) for GPIO_Init
    usart1.o(.text) refers to stm32f10x_usart.o(.text) for USART_Init
    dht11.o(.text) refers to stm32f10x_rcc.o(.text) for RCC_APB2PeriphClockCmd
    dht11.o(.text) refers to stm32f10x_gpio.o(.text) for GPIO_Init
    dht11.o(.text) refers to systick.o(.text) for Delay_us
    send.o(.text) refers to memseta.o(.text) for __aeabi_memclr4
    send.o(.text) refers to printfa.o(i.__0printf) for __2printf
    send.o(.text) refers to stm32f10x_gpio.o(.text) for GPIO_SetBits
    send.o(.text) refers to esp8266.o(.text) for ESP8266_AT_Test
    send.o(.text) refers to ds18b20.o(.text) for DS18B20_Check
    send.o(.text) refers to mq.o(.text) for Get_Adc_Convert
    send.o(.text) refers to cfrcmple.o(.text) for __aeabi_cfrcmple
    send.o(.text) refers to f2d.o(.text) for __aeabi_f2d
    send.o(.text) refers to printfa.o(i.__0sprintf) for __2sprintf
    send.o(.text) refers to systick.o(.text) for Delay_us
    send.o(.text) refers to send.o(.data) for ucTcpClosedFlag
    mq.o(.text) refers to stm32f10x_rcc.o(.text) for RCC_APB2PeriphClockCmd
    mq.o(.text) refers to stm32f10x_gpio.o(.text) for GPIO_Init
    mq.o(.text) refers to stm32f10x_adc.o(.text) for ADC_DeInit
    mq.o(.text) refers to systick.o(.text) for Delay_us
    mq.o(.text) refers to ffltui.o(.text) for __aeabi_ui2f
    mq.o(.text) refers to f2d.o(.text) for __aeabi_f2d
    mq.o(.text) refers to dmul.o(.text) for __aeabi_dmul
    mq.o(.text) refers to d2f.o(.text) for __aeabi_d2f
    mq.o(.text) refers to ffixui.o(.text) for __aeabi_f2uiz
    mq.o(.text) refers to fadd.o(.text) for __aeabi_frsub
    mq.o(.text) refers to fmul.o(.text) for __aeabi_fmul
    entry.o(.ARM.Collect$$$$00000000) refers (Special) to entry7.o(.ARM.Collect$$$$00000007) for _main_init
    entry.o(.ARM.Collect$$$$00000000) refers (Special) to entry5.o(.ARM.Collect$$$$00000004) for _main_scatterload
    entry.o(.ARM.Collect$$$$00000000) refers (Special) to entry2.o(.ARM.Collect$$$$00000001) for _main_stk
    printfb.o(i.__0fprintf$bare) refers to printfb.o(i._printf_core) for _printf_core
    printfb.o(i.__0fprintf$bare) refers to usart1.o(.text) for fputc
    printfb.o(i.__0printf$bare) refers to printfb.o(i._printf_core) for _printf_core
    printfb.o(i.__0printf$bare) refers to usart1.o(.text) for fputc
    printfb.o(i.__0printf$bare) refers to stdout.o(.data) for __stdout
    printfb.o(i.__0snprintf$bare) refers to printfb.o(i._printf_core) for _printf_core
    printfb.o(i.__0snprintf$bare) refers to printfb.o(i._snputc) for _snputc
    printfb.o(i.__0sprintf$bare) refers to printfb.o(i._printf_core) for _printf_core
    printfb.o(i.__0sprintf$bare) refers to printfb.o(i._sputc) for _sputc
    printfb.o(i.__0vfprintf$bare) refers to printfb.o(i._printf_core) for _printf_core
    printfb.o(i.__0vfprintf$bare) refers to usart1.o(.text) for fputc
    printfb.o(i.__0vprintf$bare) refers to printfb.o(i._printf_core) for _printf_core
    printfb.o(i.__0vprintf$bare) refers to usart1.o(.text) for fputc
    printfb.o(i.__0vprintf$bare) refers to stdout.o(.data) for __stdout
    printfb.o(i.__0vsnprintf$bare) refers to printfb.o(i._printf_core) for _printf_core
    printfb.o(i.__0vsnprintf$bare) refers to printfb.o(i._snputc) for _snputc
    printfb.o(i.__0vsprintf$bare) refers to printfb.o(i._printf_core) for _printf_core
    printfb.o(i.__0vsprintf$bare) refers to printfb.o(i._sputc) for _sputc
    printf0.o(i.__0fprintf$0) refers to printf0.o(i._printf_core) for _printf_core
    printf0.o(i.__0fprintf$0) refers to usart1.o(.text) for fputc
    printf0.o(i.__0printf$0) refers to printf0.o(i._printf_core) for _printf_core
    printf0.o(i.__0printf$0) refers to usart1.o(.text) for fputc
    printf0.o(i.__0printf$0) refers to stdout.o(.data) for __stdout
    printf0.o(i.__0snprintf$0) refers to printf0.o(i._printf_core) for _printf_core
    printf0.o(i.__0snprintf$0) refers to printf0.o(i._snputc) for _snputc
    printf0.o(i.__0sprintf$0) refers to printf0.o(i._printf_core) for _printf_core
    printf0.o(i.__0sprintf$0) refers to printf0.o(i._sputc) for _sputc
    printf0.o(i.__0vfprintf$0) refers to printf0.o(i._printf_core) for _printf_core
    printf0.o(i.__0vfprintf$0) refers to usart1.o(.text) for fputc
    printf0.o(i.__0vprintf$0) refers to printf0.o(i._printf_core) for _printf_core
    printf0.o(i.__0vprintf$0) refers to usart1.o(.text) for fputc
    printf0.o(i.__0vprintf$0) refers to stdout.o(.data) for __stdout
    printf0.o(i.__0vsnprintf$0) refers to printf0.o(i._printf_core) for _printf_core
    printf0.o(i.__0vsnprintf$0) refers to printf0.o(i._snputc) for _snputc
    printf0.o(i.__0vsprintf$0) refers to printf0.o(i._printf_core) for _printf_core
    printf0.o(i.__0vsprintf$0) refers to printf0.o(i._sputc) for _sputc
    printf1.o(i.__0fprintf$1) refers to printf1.o(i._printf_core) for _printf_core
    printf1.o(i.__0fprintf$1) refers to usart1.o(.text) for fputc
    printf1.o(i.__0printf$1) refers to printf1.o(i._printf_core) for _printf_core
    printf1.o(i.__0printf$1) refers to usart1.o(.text) for fputc
    printf1.o(i.__0printf$1) refers to stdout.o(.data) for __stdout
    printf1.o(i.__0snprintf$1) refers to printf1.o(i._printf_core) for _printf_core
    printf1.o(i.__0snprintf$1) refers to printf1.o(i._snputc) for _snputc
    printf1.o(i.__0sprintf$1) refers to printf1.o(i._printf_core) for _printf_core
    printf1.o(i.__0sprintf$1) refers to printf1.o(i._sputc) for _sputc
    printf1.o(i.__0vfprintf$1) refers to printf1.o(i._printf_core) for _printf_core
    printf1.o(i.__0vfprintf$1) refers to usart1.o(.text) for fputc
    printf1.o(i.__0vprintf$1) refers to printf1.o(i._printf_core) for _printf_core
    printf1.o(i.__0vprintf$1) refers to usart1.o(.text) for fputc
    printf1.o(i.__0vprintf$1) refers to stdout.o(.data) for __stdout
    printf1.o(i.__0vsnprintf$1) refers to printf1.o(i._printf_core) for _printf_core
    printf1.o(i.__0vsnprintf$1) refers to printf1.o(i._snputc) for _snputc
    printf1.o(i.__0vsprintf$1) refers to printf1.o(i._printf_core) for _printf_core
    printf1.o(i.__0vsprintf$1) refers to printf1.o(i._sputc) for _sputc
    printf1.o(i._printf_core) refers to uidiv.o(.text) for __aeabi_uidivmod
    printf2.o(i.__0fprintf$2) refers to printf2.o(i._printf_core) for _printf_core
    printf2.o(i.__0fprintf$2) refers to usart1.o(.text) for fputc
    printf2.o(i.__0printf$2) refers to printf2.o(i._printf_core) for _printf_core
    printf2.o(i.__0printf$2) refers to usart1.o(.text) for fputc
    printf2.o(i.__0printf$2) refers to stdout.o(.data) for __stdout
    printf2.o(i.__0snprintf$2) refers to printf2.o(i._printf_core) for _printf_core
    printf2.o(i.__0snprintf$2) refers to printf2.o(i._snputc) for _snputc
    printf2.o(i.__0sprintf$2) refers to printf2.o(i._printf_core) for _printf_core
    printf2.o(i.__0sprintf$2) refers to printf2.o(i._sputc) for _sputc
    printf2.o(i.__0vfprintf$2) refers to printf2.o(i._printf_core) for _printf_core
    printf2.o(i.__0vfprintf$2) refers to usart1.o(.text) for fputc
    printf2.o(i.__0vprintf$2) refers to printf2.o(i._printf_core) for _printf_core
    printf2.o(i.__0vprintf$2) refers to usart1.o(.text) for fputc
    printf2.o(i.__0vprintf$2) refers to stdout.o(.data) for __stdout
    printf2.o(i.__0vsnprintf$2) refers to printf2.o(i._printf_core) for _printf_core
    printf2.o(i.__0vsnprintf$2) refers to printf2.o(i._snputc) for _snputc
    printf2.o(i.__0vsprintf$2) refers to printf2.o(i._printf_core) for _printf_core
    printf2.o(i.__0vsprintf$2) refers to printf2.o(i._sputc) for _sputc
    printf3.o(i.__0fprintf$3) refers to printf3.o(i._printf_core) for _printf_core
    printf3.o(i.__0fprintf$3) refers to usart1.o(.text) for fputc
    printf3.o(i.__0printf$3) refers to printf3.o(i._printf_core) for _printf_core
    printf3.o(i.__0printf$3) refers to usart1.o(.text) for fputc
    printf3.o(i.__0printf$3) refers to stdout.o(.data) for __stdout
    printf3.o(i.__0snprintf$3) refers to printf3.o(i._printf_core) for _printf_core
    printf3.o(i.__0snprintf$3) refers to printf3.o(i._snputc) for _snputc
    printf3.o(i.__0sprintf$3) refers to printf3.o(i._printf_core) for _printf_core
    printf3.o(i.__0sprintf$3) refers to printf3.o(i._sputc) for _sputc
    printf3.o(i.__0vfprintf$3) refers to printf3.o(i._printf_core) for _printf_core
    printf3.o(i.__0vfprintf$3) refers to usart1.o(.text) for fputc
    printf3.o(i.__0vprintf$3) refers to printf3.o(i._printf_core) for _printf_core
    printf3.o(i.__0vprintf$3) refers to usart1.o(.text) for fputc
    printf3.o(i.__0vprintf$3) refers to stdout.o(.data) for __stdout
    printf3.o(i.__0vsnprintf$3) refers to printf3.o(i._printf_core) for _printf_core
    printf3.o(i.__0vsnprintf$3) refers to printf3.o(i._snputc) for _snputc
    printf3.o(i.__0vsprintf$3) refers to printf3.o(i._printf_core) for _printf_core
    printf3.o(i.__0vsprintf$3) refers to printf3.o(i._sputc) for _sputc
    printf3.o(i._printf_core) refers to uidiv.o(.text) for __aeabi_uidivmod
    printf4.o(i.__0fprintf$4) refers to printf4.o(i._printf_core) for _printf_core
    printf4.o(i.__0fprintf$4) refers to usart1.o(.text) for fputc
    printf4.o(i.__0printf$4) refers to printf4.o(i._printf_core) for _printf_core
    printf4.o(i.__0printf$4) refers to usart1.o(.text) for fputc
    printf4.o(i.__0printf$4) refers to stdout.o(.data) for __stdout
    printf4.o(i.__0snprintf$4) refers to printf4.o(i._printf_core) for _printf_core
    printf4.o(i.__0snprintf$4) refers to printf4.o(i._snputc) for _snputc
    printf4.o(i.__0sprintf$4) refers to printf4.o(i._printf_core) for _printf_core
    printf4.o(i.__0sprintf$4) refers to printf4.o(i._sputc) for _sputc
    printf4.o(i.__0vfprintf$4) refers to printf4.o(i._printf_core) for _printf_core
    printf4.o(i.__0vfprintf$4) refers to usart1.o(.text) for fputc
    printf4.o(i.__0vprintf$4) refers to printf4.o(i._printf_core) for _printf_core
    printf4.o(i.__0vprintf$4) refers to usart1.o(.text) for fputc
    printf4.o(i.__0vprintf$4) refers to stdout.o(.data) for __stdout
    printf4.o(i.__0vsnprintf$4) refers to printf4.o(i._printf_core) for _printf_core
    printf4.o(i.__0vsnprintf$4) refers to printf4.o(i._snputc) for _snputc
    printf4.o(i.__0vsprintf$4) refers to printf4.o(i._printf_core) for _printf_core
    printf4.o(i.__0vsprintf$4) refers to printf4.o(i._sputc) for _sputc
    printf4.o(i._printf_core) refers to uldiv.o(.text) for __aeabi_uldivmod
    printf5.o(i.__0fprintf$5) refers to printf5.o(i._printf_core) for _printf_core
    printf5.o(i.__0fprintf$5) refers to usart1.o(.text) for fputc
    printf5.o(i.__0printf$5) refers to printf5.o(i._printf_core) for _printf_core
    printf5.o(i.__0printf$5) refers to usart1.o(.text) for fputc
    printf5.o(i.__0printf$5) refers to stdout.o(.data) for __stdout
    printf5.o(i.__0snprintf$5) refers to printf5.o(i._printf_core) for _printf_core
    printf5.o(i.__0snprintf$5) refers to printf5.o(i._snputc) for _snputc
    printf5.o(i.__0sprintf$5) refers to printf5.o(i._printf_core) for _printf_core
    printf5.o(i.__0sprintf$5) refers to printf5.o(i._sputc) for _sputc
    printf5.o(i.__0vfprintf$5) refers to printf5.o(i._printf_core) for _printf_core
    printf5.o(i.__0vfprintf$5) refers to usart1.o(.text) for fputc
    printf5.o(i.__0vprintf$5) refers to printf5.o(i._printf_core) for _printf_core
    printf5.o(i.__0vprintf$5) refers to usart1.o(.text) for fputc
    printf5.o(i.__0vprintf$5) refers to stdout.o(.data) for __stdout
    printf5.o(i.__0vsnprintf$5) refers to printf5.o(i._printf_core) for _printf_core
    printf5.o(i.__0vsnprintf$5) refers to printf5.o(i._snputc) for _snputc
    printf5.o(i.__0vsprintf$5) refers to printf5.o(i._printf_core) for _printf_core
    printf5.o(i.__0vsprintf$5) refers to printf5.o(i._sputc) for _sputc
    printf5.o(i._printf_core) refers to uldiv.o(.text) for __aeabi_uldivmod
    printf6.o(i.__0fprintf$6) refers to printf6.o(i._printf_core) for _printf_core
    printf6.o(i.__0fprintf$6) refers to usart1.o(.text) for fputc
    printf6.o(i.__0printf$6) refers to printf6.o(i._printf_core) for _printf_core
    printf6.o(i.__0printf$6) refers to usart1.o(.text) for fputc
    printf6.o(i.__0printf$6) refers to stdout.o(.data) for __stdout
    printf6.o(i.__0snprintf$6) refers to printf6.o(i._printf_core) for _printf_core
    printf6.o(i.__0snprintf$6) refers to printf6.o(i._snputc) for _snputc
    printf6.o(i.__0sprintf$6) refers to printf6.o(i._printf_core) for _printf_core
    printf6.o(i.__0sprintf$6) refers to printf6.o(i._sputc) for _sputc
    printf6.o(i.__0vfprintf$6) refers to printf6.o(i._printf_core) for _printf_core
    printf6.o(i.__0vfprintf$6) refers to usart1.o(.text) for fputc
    printf6.o(i.__0vprintf$6) refers to printf6.o(i._printf_core) for _printf_core
    printf6.o(i.__0vprintf$6) refers to usart1.o(.text) for fputc
    printf6.o(i.__0vprintf$6) refers to stdout.o(.data) for __stdout
    printf6.o(i.__0vsnprintf$6) refers to printf6.o(i._printf_core) for _printf_core
    printf6.o(i.__0vsnprintf$6) refers to printf6.o(i._snputc) for _snputc
    printf6.o(i.__0vsprintf$6) refers to printf6.o(i._printf_core) for _printf_core
    printf6.o(i.__0vsprintf$6) refers to printf6.o(i._sputc) for _sputc
    printf6.o(i._printf_core) refers to printf6.o(i._printf_pre_padding) for _printf_pre_padding
    printf6.o(i._printf_core) refers to uidiv.o(.text) for __aeabi_uidivmod
    printf6.o(i._printf_core) refers to printf6.o(i._printf_post_padding) for _printf_post_padding
    printf7.o(i.__0fprintf$7) refers to printf7.o(i._printf_core) for _printf_core
    printf7.o(i.__0fprintf$7) refers to usart1.o(.text) for fputc
    printf7.o(i.__0printf$7) refers to printf7.o(i._printf_core) for _printf_core
    printf7.o(i.__0printf$7) refers to usart1.o(.text) for fputc
    printf7.o(i.__0printf$7) refers to stdout.o(.data) for __stdout
    printf7.o(i.__0snprintf$7) refers to printf7.o(i._printf_core) for _printf_core
    printf7.o(i.__0snprintf$7) refers to printf7.o(i._snputc) for _snputc
    printf7.o(i.__0sprintf$7) refers to printf7.o(i._printf_core) for _printf_core
    printf7.o(i.__0sprintf$7) refers to printf7.o(i._sputc) for _sputc
    printf7.o(i.__0vfprintf$7) refers to printf7.o(i._printf_core) for _printf_core
    printf7.o(i.__0vfprintf$7) refers to usart1.o(.text) for fputc
    printf7.o(i.__0vprintf$7) refers to printf7.o(i._printf_core) for _printf_core
    printf7.o(i.__0vprintf$7) refers to usart1.o(.text) for fputc
    printf7.o(i.__0vprintf$7) refers to stdout.o(.data) for __stdout
    printf7.o(i.__0vsnprintf$7) refers to printf7.o(i._printf_core) for _printf_core
    printf7.o(i.__0vsnprintf$7) refers to printf7.o(i._snputc) for _snputc
    printf7.o(i.__0vsprintf$7) refers to printf7.o(i._printf_core) for _printf_core
    printf7.o(i.__0vsprintf$7) refers to printf7.o(i._sputc) for _sputc
    printf7.o(i._printf_core) refers to printf7.o(i._printf_pre_padding) for _printf_pre_padding
    printf7.o(i._printf_core) refers to uldiv.o(.text) for __aeabi_uldivmod
    printf7.o(i._printf_core) refers to printf7.o(i._printf_post_padding) for _printf_post_padding
    printf8.o(i.__0fprintf$8) refers to printf8.o(i._printf_core) for _printf_core
    printf8.o(i.__0fprintf$8) refers to usart1.o(.text) for fputc
    printf8.o(i.__0printf$8) refers to printf8.o(i._printf_core) for _printf_core
    printf8.o(i.__0printf$8) refers to usart1.o(.text) for fputc
    printf8.o(i.__0printf$8) refers to stdout.o(.data) for __stdout
    printf8.o(i.__0snprintf$8) refers to printf8.o(i._printf_core) for _printf_core
    printf8.o(i.__0snprintf$8) refers to printf8.o(i._snputc) for _snputc
    printf8.o(i.__0sprintf$8) refers to printf8.o(i._printf_core) for _printf_core
    printf8.o(i.__0sprintf$8) refers to printf8.o(i._sputc) for _sputc
    printf8.o(i.__0vfprintf$8) refers to printf8.o(i._printf_core) for _printf_core
    printf8.o(i.__0vfprintf$8) refers to usart1.o(.text) for fputc
    printf8.o(i.__0vprintf$8) refers to printf8.o(i._printf_core) for _printf_core
    printf8.o(i.__0vprintf$8) refers to usart1.o(.text) for fputc
    printf8.o(i.__0vprintf$8) refers to stdout.o(.data) for __stdout
    printf8.o(i.__0vsnprintf$8) refers to printf8.o(i._printf_core) for _printf_core
    printf8.o(i.__0vsnprintf$8) refers to printf8.o(i._snputc) for _snputc
    printf8.o(i.__0vsprintf$8) refers to printf8.o(i._printf_core) for _printf_core
    printf8.o(i.__0vsprintf$8) refers to printf8.o(i._sputc) for _sputc
    printf8.o(i._printf_core) refers to printf8.o(i._printf_pre_padding) for _printf_pre_padding
    printf8.o(i._printf_core) refers to uldiv.o(.text) for __aeabi_uldivmod
    printf8.o(i._printf_core) refers to printf8.o(i._printf_post_padding) for _printf_post_padding
    printfa.o(i.__0fprintf) refers (Special) to iusefp.o(.text) for __I$use$fp
    printfa.o(i.__0fprintf) refers to printfa.o(i._printf_core) for _printf_core
    printfa.o(i.__0fprintf) refers to usart1.o(.text) for fputc
    printfa.o(i.__0printf) refers (Special) to iusefp.o(.text) for __I$use$fp
    printfa.o(i.__0printf) refers to printfa.o(i._printf_core) for _printf_core
    printfa.o(i.__0printf) refers to usart1.o(.text) for fputc
    printfa.o(i.__0printf) refers to stdout.o(.data) for __stdout
    printfa.o(i.__0snprintf) refers (Special) to iusefp.o(.text) for __I$use$fp
    printfa.o(i.__0snprintf) refers to printfa.o(i._printf_core) for _printf_core
    printfa.o(i.__0snprintf) refers to printfa.o(i._snputc) for _snputc
    printfa.o(i.__0sprintf) refers (Special) to iusefp.o(.text) for __I$use$fp
    printfa.o(i.__0sprintf) refers to printfa.o(i._printf_core) for _printf_core
    printfa.o(i.__0sprintf) refers to printfa.o(i._sputc) for _sputc
    printfa.o(i.__0vfprintf) refers (Special) to iusefp.o(.text) for __I$use$fp
    printfa.o(i.__0vfprintf) refers to printfa.o(i._printf_core) for _printf_core
    printfa.o(i.__0vfprintf) refers to usart1.o(.text) for fputc
    printfa.o(i.__0vprintf) refers (Special) to iusefp.o(.text) for __I$use$fp
    printfa.o(i.__0vprintf) refers to printfa.o(i._printf_core) for _printf_core
    printfa.o(i.__0vprintf) refers to usart1.o(.text) for fputc
    printfa.o(i.__0vprintf) refers to stdout.o(.data) for __stdout
    printfa.o(i.__0vsnprintf) refers (Special) to iusefp.o(.text) for __I$use$fp
    printfa.o(i.__0vsnprintf) refers to printfa.o(i._printf_core) for _printf_core
    printfa.o(i.__0vsnprintf) refers to printfa.o(i._snputc) for _snputc
    printfa.o(i.__0vsprintf) refers (Special) to iusefp.o(.text) for __I$use$fp
    printfa.o(i.__0vsprintf) refers to printfa.o(i._printf_core) for _printf_core
    printfa.o(i.__0vsprintf) refers to printfa.o(i._sputc) for _sputc
    printfa.o(i._fp_digits) refers (Special) to iusefp.o(.text) for __I$use$fp
    printfa.o(i._fp_digits) refers to dmul.o(.text) for __aeabi_dmul
    printfa.o(i._fp_digits) refers to ddiv.o(.text) for __aeabi_ddiv
    printfa.o(i._fp_digits) refers to cdrcmple.o(.text) for __aeabi_cdrcmple
    printfa.o(i._fp_digits) refers to dadd.o(.text) for __aeabi_dadd
    printfa.o(i._fp_digits) refers to dfixul.o(.text) for __aeabi_d2ulz
    printfa.o(i._fp_digits) refers to uldiv.o(.text) for __aeabi_uldivmod
    printfa.o(i._printf_core) refers (Special) to iusefp.o(.text) for __I$use$fp
    printfa.o(i._printf_core) refers to printfa.o(i._printf_pre_padding) for _printf_pre_padding
    printfa.o(i._printf_core) refers to uldiv.o(.text) for __aeabi_uldivmod
    printfa.o(i._printf_core) refers to printfa.o(i._printf_post_padding) for _printf_post_padding
    printfa.o(i._printf_core) refers to printfa.o(i._fp_digits) for _fp_digits
    printfa.o(i._printf_core) refers to uidiv.o(.text) for __aeabi_uidivmod
    printfa.o(i._printf_post_padding) refers (Special) to iusefp.o(.text) for __I$use$fp
    printfa.o(i._printf_pre_padding) refers (Special) to iusefp.o(.text) for __I$use$fp
    printfa.o(i._snputc) refers (Special) to iusefp.o(.text) for __I$use$fp
    printfa.o(i._sputc) refers (Special) to iusefp.o(.text) for __I$use$fp
    fadd.o(.text) refers (Special) to iusefp.o(.text) for __I$use$fp
    fadd.o(.text) refers to fepilogue.o(.text) for _float_epilogue
    fmul.o(.text) refers (Special) to iusefp.o(.text) for __I$use$fp
    dmul.o(.text) refers (Special) to iusefp.o(.text) for __I$use$fp
    dmul.o(.text) refers to depilogue.o(.text) for _double_epilogue
    fflti.o(.text) refers (Special) to iusefp.o(.text) for __I$use$fp
    fflti.o(.text) refers to fepilogue.o(.text) for _float_epilogue
    ffltui.o(.text) refers (Special) to iusefp.o(.text) for __I$use$fp
    ffltui.o(.text) refers to fepilogue.o(.text) for _float_epilogue
    ffixui.o(.text) refers (Special) to iusefp.o(.text) for __I$use$fp
    f2d.o(.text) refers (Special) to iusefp.o(.text) for __I$use$fp
    d2f.o(.text) refers (Special) to iusefp.o(.text) for __I$use$fp
    d2f.o(.text) refers to fepilogue.o(.text) for _float_epilogue
    cfrcmple.o(.text) refers (Special) to iusefp.o(.text) for __I$use$fp
    entry2.o(.ARM.Collect$$$$00000001) refers to entry2.o(.ARM.Collect$$$$00002712) for __lit__00000000
    entry2.o(.ARM.Collect$$$$00002712) refers to startup_stm32f10x_hd.o(STACK) for __initial_sp
    entry2.o(__vectab_stack_and_reset_area) refers to startup_stm32f10x_hd.o(STACK) for __initial_sp
    entry2.o(__vectab_stack_and_reset_area) refers to entry.o(.ARM.Collect$$$$00000000) for __main
    entry5.o(.ARM.Collect$$$$00000004) refers to init.o(.text) for __scatterload
    entry7.o(.ARM.Collect$$$$00000007) refers to main.o(.text) for main
    uldiv.o(.text) refers to llushr.o(.text) for __aeabi_llsr
    uldiv.o(.text) refers to llshl.o(.text) for __aeabi_llsl
    dadd.o(.text) refers to llushr.o(.text) for __aeabi_llsr
    dadd.o(.text) refers to llshl.o(.text) for __aeabi_llsl
    dadd.o(.text) refers to depilogue.o(.text) for _double_epilogue
    ddiv.o(.text) refers to depilogue.o(.text) for _double_epilogue
    dfixul.o(.text) refers to llushr.o(.text) for __aeabi_llsr
    dfixul.o(.text) refers to llshl.o(.text) for __aeabi_llsl
    init.o(.text) refers to entry5.o(.ARM.Collect$$$$00000004) for __main_after_scatterload


==============================================================================

Removing Unused input sections from the image.

    Removing startup_stm32f10x_hd.o(HEAP), (512 bytes).
    Removing core_cm3.o(.emb_text), (32 bytes).
    Removing stm32f10x_bkp.o(.text), (176 bytes).
    Removing stm32f10x_can.o(.text), (2568 bytes).
    Removing stm32f10x_cec.o(.text), (292 bytes).
    Removing stm32f10x_crc.o(.text), (72 bytes).
    Removing stm32f10x_dac.o(.text), (372 bytes).
    Removing stm32f10x_dbgmcu.o(.text), (48 bytes).
    Removing stm32f10x_dma.o(.text), (604 bytes).
    Removing stm32f10x_exti.o(.text), (304 bytes).
    Removing stm32f10x_flash.o(.text), (1484 bytes).
    Removing stm32f10x_fsmc.o(.text), (1544 bytes).
    Removing stm32f10x_i2c.o(.text), (1016 bytes).
    Removing stm32f10x_iwdg.o(.text), (64 bytes).
    Removing stm32f10x_pwr.o(.text), (212 bytes).
    Removing stm32f10x_rtc.o(.text), (356 bytes).
    Removing stm32f10x_sdio.o(.text), (460 bytes).
    Removing stm32f10x_spi.o(.text), (780 bytes).
    Removing stm32f10x_tim.o(.text), (3426 bytes).
    Removing stm32f10x_wwdg.o(.text), (132 bytes).
    Removing sys.o(.text), (12 bytes).

21 unused section(s) (total 14466 bytes) removed from the image.

==============================================================================

Image Symbol Table

    Local Symbols

    Symbol Name                              Value     Ov Type        Size  Object(Section)

    ../../microlib/d2f.c                     0x00000000   Number         0  d2f.o ABSOLUTE
    ../../microlib/division.c                0x00000000   Number         0  uldiv.o ABSOLUTE
    ../../microlib/division.c                0x00000000   Number         0  uidiv.o ABSOLUTE
    ../../microlib/f2d.c                     0x00000000   Number         0  f2d.o ABSOLUTE
    ../../microlib/fpadd.c                   0x00000000   Number         0  fadd.o ABSOLUTE
    ../../microlib/fpadd.c                   0x00000000   Number         0  dadd.o ABSOLUTE
    ../../microlib/fpdiv.c                   0x00000000   Number         0  ddiv.o ABSOLUTE
    ../../microlib/fpepilogue.c              0x00000000   Number         0  depilogue.o ABSOLUTE
    ../../microlib/fpepilogue.c              0x00000000   Number         0  fepilogue.o ABSOLUTE
    ../../microlib/fpfix.c                   0x00000000   Number         0  ffixui.o ABSOLUTE
    ../../microlib/fpfix.c                   0x00000000   Number         0  dfixul.o ABSOLUTE
    ../../microlib/fpflt.c                   0x00000000   Number         0  ffltui.o ABSOLUTE
    ../../microlib/fpflt.c                   0x00000000   Number         0  fflti.o ABSOLUTE
    ../../microlib/fpmul.c                   0x00000000   Number         0  fmul.o ABSOLUTE
    ../../microlib/fpmul.c                   0x00000000   Number         0  dmul.o ABSOLUTE
    ../../microlib/init/entry.s              0x00000000   Number         0  entry.o ABSOLUTE
    ../../microlib/init/entry.s              0x00000000   Number         0  entry5.o ABSOLUTE
    ../../microlib/init/entry.s              0x00000000   Number         0  entry7.o ABSOLUTE
    ../../microlib/init/entry.s              0x00000000   Number         0  entry2.o ABSOLUTE
    ../../microlib/longlong.c                0x00000000   Number         0  llushr.o ABSOLUTE
    ../../microlib/longlong.c                0x00000000   Number         0  llshl.o ABSOLUTE
    ../../microlib/printf/printf.c           0x00000000   Number         0  printf6.o ABSOLUTE
    ../../microlib/printf/printf.c           0x00000000   Number         0  printf5.o ABSOLUTE
    ../../microlib/printf/printf.c           0x00000000   Number         0  printf1.o ABSOLUTE
    ../../microlib/printf/printf.c           0x00000000   Number         0  printfb.o ABSOLUTE
    ../../microlib/printf/printf.c           0x00000000   Number         0  printf2.o ABSOLUTE
    ../../microlib/printf/printf.c           0x00000000   Number         0  printf3.o ABSOLUTE
    ../../microlib/printf/printf.c           0x00000000   Number         0  printf4.o ABSOLUTE
    ../../microlib/printf/printf.c           0x00000000   Number         0  printf0.o ABSOLUTE
    ../../microlib/printf/printf.c           0x00000000   Number         0  printfa.o ABSOLUTE
    ../../microlib/printf/printf.c           0x00000000   Number         0  printf8.o ABSOLUTE
    ../../microlib/printf/printf.c           0x00000000   Number         0  printf7.o ABSOLUTE
    ../../microlib/printf/stubs.s            0x00000000   Number         0  stubs.o ABSOLUTE
    ../../microlib/stdio/streams.c           0x00000000   Number         0  stdout.o ABSOLUTE
    ../../microlib/string/memset.c           0x00000000   Number         0  memseta.o ABSOLUTE
    ../../microlib/string/strstr.c           0x00000000   Number         0  strstr.o ABSOLUTE
    ../../microlib/stubs.s                   0x00000000   Number         0  iusefp.o ABSOLUTE
    ..\..\Libraries\CMSIS\core_cm3.c         0x00000000   Number         0  core_cm3.o ABSOLUTE
    ..\..\Libraries\CMSIS\startup\startup_stm32f10x_hd.s 0x00000000   Number         0  startup_stm32f10x_hd.o ABSOLUTE
    ..\..\Libraries\CMSIS\system_stm32f10x.c 0x00000000   Number         0  system_stm32f10x.o ABSOLUTE
    ..\..\Libraries\FWlib\src\misc.c         0x00000000   Number         0  misc.o ABSOLUTE
    ..\..\Libraries\FWlib\src\stm32f10x_adc.c 0x00000000   Number         0  stm32f10x_adc.o ABSOLUTE
    ..\..\Libraries\FWlib\src\stm32f10x_bkp.c 0x00000000   Number         0  stm32f10x_bkp.o ABSOLUTE
    ..\..\Libraries\FWlib\src\stm32f10x_can.c 0x00000000   Number         0  stm32f10x_can.o ABSOLUTE
    ..\..\Libraries\FWlib\src\stm32f10x_cec.c 0x00000000   Number         0  stm32f10x_cec.o ABSOLUTE
    ..\..\Libraries\FWlib\src\stm32f10x_crc.c 0x00000000   Number         0  stm32f10x_crc.o ABSOLUTE
    ..\..\Libraries\FWlib\src\stm32f10x_dac.c 0x00000000   Number         0  stm32f10x_dac.o ABSOLUTE
    ..\..\Libraries\FWlib\src\stm32f10x_dbgmcu.c 0x00000000   Number         0  stm32f10x_dbgmcu.o ABSOLUTE
    ..\..\Libraries\FWlib\src\stm32f10x_dma.c 0x00000000   Number         0  stm32f10x_dma.o ABSOLUTE
    ..\..\Libraries\FWlib\src\stm32f10x_exti.c 0x00000000   Number         0  stm32f10x_exti.o ABSOLUTE
    ..\..\Libraries\FWlib\src\stm32f10x_flash.c 0x00000000   Number         0  stm32f10x_flash.o ABSOLUTE
    ..\..\Libraries\FWlib\src\stm32f10x_fsmc.c 0x00000000   Number         0  stm32f10x_fsmc.o ABSOLUTE
    ..\..\Libraries\FWlib\src\stm32f10x_gpio.c 0x00000000   Number         0  stm32f10x_gpio.o ABSOLUTE
    ..\..\Libraries\FWlib\src\stm32f10x_i2c.c 0x00000000   Number         0  stm32f10x_i2c.o ABSOLUTE
    ..\..\Libraries\FWlib\src\stm32f10x_iwdg.c 0x00000000   Number         0  stm32f10x_iwdg.o ABSOLUTE
    ..\..\Libraries\FWlib\src\stm32f10x_pwr.c 0x00000000   Number         0  stm32f10x_pwr.o ABSOLUTE
    ..\..\Libraries\FWlib\src\stm32f10x_rcc.c 0x00000000   Number         0  stm32f10x_rcc.o ABSOLUTE
    ..\..\Libraries\FWlib\src\stm32f10x_rtc.c 0x00000000   Number         0  stm32f10x_rtc.o ABSOLUTE
    ..\..\Libraries\FWlib\src\stm32f10x_sdio.c 0x00000000   Number         0  stm32f10x_sdio.o ABSOLUTE
    ..\..\Libraries\FWlib\src\stm32f10x_spi.c 0x00000000   Number         0  stm32f10x_spi.o ABSOLUTE
    ..\..\Libraries\FWlib\src\stm32f10x_tim.c 0x00000000   Number         0  stm32f10x_tim.o ABSOLUTE
    ..\..\Libraries\FWlib\src\stm32f10x_usart.c 0x00000000   Number         0  stm32f10x_usart.o ABSOLUTE
    ..\..\Libraries\FWlib\src\stm32f10x_wwdg.c 0x00000000   Number         0  stm32f10x_wwdg.o ABSOLUTE
    ..\..\MQ-7\mq.c                          0x00000000   Number         0  mq.o ABSOLUTE
    ..\..\User\Common\Common.c               0x00000000   Number         0  common.o ABSOLUTE
    ..\..\User\DHT11\dht11.c                 0x00000000   Number         0  dht11.o ABSOLUTE
    ..\..\User\DS18B20\ds18b20.c             0x00000000   Number         0  ds18b20.o ABSOLUTE
    ..\..\User\ESP8266\esp8266.c             0x00000000   Number         0  esp8266.o ABSOLUTE
    ..\..\User\Send\send.c                   0x00000000   Number         0  send.o ABSOLUTE
    ..\..\User\SysTick\SysTick.c             0x00000000   Number         0  systick.o ABSOLUTE
    ..\..\User\USART\usart1.c                0x00000000   Number         0  usart1.o ABSOLUTE
    ..\..\User\main.c                        0x00000000   Number         0  main.o ABSOLUTE
    ..\..\User\stm32f10x_it.c                0x00000000   Number         0  stm32f10x_it.o ABSOLUTE
    ..\..\User\sys\sys.c                     0x00000000   Number         0  sys.o ABSOLUTE
    ..\\..\\Libraries\\CMSIS\\core_cm3.c     0x00000000   Number         0  core_cm3.o ABSOLUTE
    cdrcmple.s                               0x00000000   Number         0  cdrcmple.o ABSOLUTE
    cfrcmple.s                               0x00000000   Number         0  cfrcmple.o ABSOLUTE
    dc.s                                     0x00000000   Number         0  dc.o ABSOLUTE
    handlers.s                               0x00000000   Number         0  handlers.o ABSOLUTE
    init.s                                   0x00000000   Number         0  init.o ABSOLUTE
    RESET                                    0x08000000   Section      304  startup_stm32f10x_hd.o(RESET)
    .ARM.Collect$$$$00000000                 0x08000130   Section        0  entry.o(.ARM.Collect$$$$00000000)
    .ARM.Collect$$$$00000001                 0x08000130   Section        4  entry2.o(.ARM.Collect$$$$00000001)
    .ARM.Collect$$$$00000004                 0x08000134   Section        4  entry5.o(.ARM.Collect$$$$00000004)
    .ARM.Collect$$$$00000007                 0x08000138   Section        8  entry7.o(.ARM.Collect$$$$00000007)
    .ARM.Collect$$$$00002712                 0x08000140   Section        4  entry2.o(.ARM.Collect$$$$00002712)
    __lit__00000000                          0x08000140   Data           4  entry2.o(.ARM.Collect$$$$00002712)
    .text                                    0x08000144   Section       36  startup_stm32f10x_hd.o(.text)
    .text                                    0x08000168   Section      456  system_stm32f10x.o(.text)
    SetSysClockTo72                          0x08000169   Thumb Code   192  system_stm32f10x.o(.text)
    SetSysClock                              0x08000229   Thumb Code     8  system_stm32f10x.o(.text)
    .text                                    0x08000330   Section      224  misc.o(.text)
    .text                                    0x08000410   Section     1070  stm32f10x_adc.o(.text)
    .text                                    0x08000840   Section      840  stm32f10x_gpio.o(.text)
    .text                                    0x08000b88   Section      912  stm32f10x_rcc.o(.text)
    .text                                    0x08000f18   Section     1032  stm32f10x_usart.o(.text)
    .text                                    0x08001320   Section       72  main.o(.text)
    .text                                    0x08001368   Section      188  stm32f10x_it.o(.text)
    .text                                    0x08001424   Section      356  common.o(.text)
    itoa                                     0x08001425   Thumb Code    94  common.o(.text)
    .text                                    0x08001588   Section      652  ds18b20.o(.text)
    .text                                    0x08001814   Section     2020  esp8266.o(.text)
    ESP8266_USART_NVIC_Configuration         0x08001815   Thumb Code    40  esp8266.o(.text)
    ESP8266_USART_Config                     0x0800183d   Thumb Code   148  esp8266.o(.text)
    ESP8266_GPIO_Config                      0x080018d1   Thumb Code    64  esp8266.o(.text)
    .text                                    0x08001ff8   Section      172  systick.o(.text)
    .text                                    0x080020a4   Section      188  usart1.o(.text)
    .text                                    0x08002160   Section      340  dht11.o(.text)
    DHT11_GPIO_Config                        0x08002161   Thumb Code    38  dht11.o(.text)
    DHT11_Mode_IPU                           0x08002197   Thumb Code    24  dht11.o(.text)
    DHT11_Mode_Out_PP                        0x080021af   Thumb Code    30  dht11.o(.text)
    DHT11_ReadByte                           0x080021cd   Thumb Code    94  dht11.o(.text)
    .text                                    0x080022b4   Section      564  send.o(.text)
    .text                                    0x080024e8   Section      336  mq.o(.text)
    .text                                    0x08002638   Section       38  memseta.o(.text)
    .text                                    0x0800265e   Section       44  strstr.o(.text)
    .text                                    0x0800268a   Section      168  fadd.o(.text)
    _float_addcore                           0x0800268b   Thumb Code   122  fadd.o(.text)
    .text                                    0x08002732   Section      102  fmul.o(.text)
    .text                                    0x08002798   Section      232  dmul.o(.text)
    .text                                    0x08002880   Section       20  fflti.o(.text)
    .text                                    0x08002894   Section       10  ffltui.o(.text)
    .text                                    0x0800289e   Section       40  ffixui.o(.text)
    .text                                    0x080028c6   Section       36  f2d.o(.text)
    .text                                    0x080028ea   Section       58  d2f.o(.text)
    .text                                    0x08002924   Section       20  cfrcmple.o(.text)
    .text                                    0x08002938   Section       44  uidiv.o(.text)
    .text                                    0x08002964   Section       90  uldiv.o(.text)
    .text                                    0x080029be   Section        0  iusefp.o(.text)
    .text                                    0x080029be   Section       92  fepilogue.o(.text)
    .text                                    0x08002a1c   Section      200  depilogue.o(.text)
    .text                                    0x08002ae4   Section      414  dadd.o(.text)
    _double_addcore                          0x08002ae5   Thumb Code   270  dadd.o(.text)
    .text                                    0x08002c82   Section      248  ddiv.o(.text)
    .text                                    0x08002d7a   Section       50  dfixul.o(.text)
    .text                                    0x08002dac   Section       76  cdrcmple.o(.text)
    .text                                    0x08002df8   Section       36  init.o(.text)
    .text                                    0x08002e1c   Section       32  llshl.o(.text)
    .text                                    0x08002e3c   Section       30  llushr.o(.text)
    i.__0printf                              0x08002e5c   Section       32  printfa.o(i.__0printf)
    i.__0sprintf                             0x08002e7c   Section       40  printfa.o(i.__0sprintf)
    i.__scatterload_copy                     0x08002ea4   Section       14  handlers.o(i.__scatterload_copy)
    i.__scatterload_null                     0x08002eb2   Section        2  handlers.o(i.__scatterload_null)
    i.__scatterload_zeroinit                 0x08002eb4   Section       14  handlers.o(i.__scatterload_zeroinit)
    i._fp_digits                             0x08002ec4   Section      408  printfa.o(i._fp_digits)
    _fp_digits                               0x08002ec5   Thumb Code   372  printfa.o(i._fp_digits)
    i._printf_core                           0x0800305c   Section     1792  printfa.o(i._printf_core)
    _printf_core                             0x0800305d   Thumb Code  1780  printfa.o(i._printf_core)
    i._printf_post_padding                   0x0800375c   Section       36  printfa.o(i._printf_post_padding)
    _printf_post_padding                     0x0800375d   Thumb Code    36  printfa.o(i._printf_post_padding)
    i._printf_pre_padding                    0x08003780   Section       44  printfa.o(i._printf_pre_padding)
    _printf_pre_padding                      0x08003781   Thumb Code    44  printfa.o(i._printf_pre_padding)
    i._sputc                                 0x080037ac   Section       10  printfa.o(i._sputc)
    _sputc                                   0x080037ad   Thumb Code    10  printfa.o(i._sputc)
    .data                                    0x20000000   Section       20  system_stm32f10x.o(.data)
    .data                                    0x20000014   Section       20  stm32f10x_rcc.o(.data)
    APBAHBPrescTable                         0x20000014   Data          16  stm32f10x_rcc.o(.data)
    ADCPrescTable                            0x20000024   Data           4  stm32f10x_rcc.o(.data)
    .data                                    0x20000028   Section        4  systick.o(.data)
    TimingDelay                              0x20000028   Data           4  systick.o(.data)
    .data                                    0x2000002c   Section        1  send.o(.data)
    .data                                    0x20000030   Section        4  stdout.o(.data)
    .bss                                     0x20000034   Section     1026  esp8266.o(.bss)
    STACK                                    0x20000438   Section     1024  startup_stm32f10x_hd.o(STACK)

    Global Symbols

    Symbol Name                              Value     Ov Type        Size  Object(Section)

    BuildAttributes$$THM_ISAv4$P$D$K$B$S$PE$A:L22UL41UL21$X:L11$S22US41US21$IEEE1$IW$USESV6$~STKCKD$USESV7$~SHL$OSPACE$ROPI$EBA8$MICROLIB$REQ8$PRES8$EABIv2 0x00000000   Number         0  anon$$obj.o ABSOLUTE
    __ARM_use_no_argv                        0x00000000   Number         0  main.o ABSOLUTE
    _printf_a                                0x00000000   Number         0  stubs.o ABSOLUTE
    _printf_c                                0x00000000   Number         0  stubs.o ABSOLUTE
    _printf_charcount                        0x00000000   Number         0  stubs.o ABSOLUTE
    _printf_d                                0x00000000   Number         0  stubs.o ABSOLUTE
    _printf_e                                0x00000000   Number         0  stubs.o ABSOLUTE
    _printf_f                                0x00000000   Number         0  stubs.o ABSOLUTE
    _printf_flags                            0x00000000   Number         0  stubs.o ABSOLUTE
    _printf_fp_dec                           0x00000000   Number         0  stubs.o ABSOLUTE
    _printf_fp_hex                           0x00000000   Number         0  stubs.o ABSOLUTE
    _printf_g                                0x00000000   Number         0  stubs.o ABSOLUTE
    _printf_i                                0x00000000   Number         0  stubs.o ABSOLUTE
    _printf_int_dec                          0x00000000   Number         0  stubs.o ABSOLUTE
    _printf_l                                0x00000000   Number         0  stubs.o ABSOLUTE
    _printf_lc                               0x00000000   Number         0  stubs.o ABSOLUTE
    _printf_ll                               0x00000000   Number         0  stubs.o ABSOLUTE
    _printf_lld                              0x00000000   Number         0  stubs.o ABSOLUTE
    _printf_lli                              0x00000000   Number         0  stubs.o ABSOLUTE
    _printf_llo                              0x00000000   Number         0  stubs.o ABSOLUTE
    _printf_llu                              0x00000000   Number         0  stubs.o ABSOLUTE
    _printf_llx                              0x00000000   Number         0  stubs.o ABSOLUTE
    _printf_longlong_dec                     0x00000000   Number         0  stubs.o ABSOLUTE
    _printf_longlong_hex                     0x00000000   Number         0  stubs.o ABSOLUTE
    _printf_longlong_oct                     0x00000000   Number         0  stubs.o ABSOLUTE
    _printf_ls                               0x00000000   Number         0  stubs.o ABSOLUTE
    _printf_mbtowc                           0x00000000   Number         0  stubs.o ABSOLUTE
    _printf_n                                0x00000000   Number         0  stubs.o ABSOLUTE
    _printf_o                                0x00000000   Number         0  stubs.o ABSOLUTE
    _printf_p                                0x00000000   Number         0  stubs.o ABSOLUTE
    _printf_percent                          0x00000000   Number         0  stubs.o ABSOLUTE
    _printf_pre_padding                      0x00000000   Number         0  stubs.o ABSOLUTE
    _printf_return_value                     0x00000000   Number         0  stubs.o ABSOLUTE
    _printf_s                                0x00000000   Number         0  stubs.o ABSOLUTE
    _printf_sizespec                         0x00000000   Number         0  stubs.o ABSOLUTE
    _printf_str                              0x00000000   Number         0  stubs.o ABSOLUTE
    _printf_truncate_signed                  0x00000000   Number         0  stubs.o ABSOLUTE
    _printf_truncate_unsigned                0x00000000   Number         0  stubs.o ABSOLUTE
    _printf_u                                0x00000000   Number         0  stubs.o ABSOLUTE
    _printf_wc                               0x00000000   Number         0  stubs.o ABSOLUTE
    _printf_wctomb                           0x00000000   Number         0  stubs.o ABSOLUTE
    _printf_widthprec                        0x00000000   Number         0  stubs.o ABSOLUTE
    _printf_x                                0x00000000   Number         0  stubs.o ABSOLUTE
    __decompress                              - Undefined Weak Reference
    __Vectors_Size                           0x00000130   Number         0  startup_stm32f10x_hd.o ABSOLUTE
    __Vectors                                0x08000000   Data           4  startup_stm32f10x_hd.o(RESET)
    __Vectors_End                            0x08000130   Data           0  startup_stm32f10x_hd.o(RESET)
    __main                                   0x08000131   Thumb Code     0  entry.o(.ARM.Collect$$$$00000000)
    _main_stk                                0x08000131   Thumb Code     0  entry2.o(.ARM.Collect$$$$00000001)
    _main_scatterload                        0x08000135   Thumb Code     0  entry5.o(.ARM.Collect$$$$00000004)
    __main_after_scatterload                 0x08000139   Thumb Code     0  entry5.o(.ARM.Collect$$$$00000004)
    _main_init                               0x08000139   Thumb Code     0  entry7.o(.ARM.Collect$$$$00000007)
    Reset_Handler                            0x08000145   Thumb Code     8  startup_stm32f10x_hd.o(.text)
    ADC1_2_IRQHandler                        0x0800015f   Thumb Code     0  startup_stm32f10x_hd.o(.text)
    ADC3_IRQHandler                          0x0800015f   Thumb Code     0  startup_stm32f10x_hd.o(.text)
    CAN1_RX1_IRQHandler                      0x0800015f   Thumb Code     0  startup_stm32f10x_hd.o(.text)
    CAN1_SCE_IRQHandler                      0x0800015f   Thumb Code     0  startup_stm32f10x_hd.o(.text)
    DMA1_Channel1_IRQHandler                 0x0800015f   Thumb Code     0  startup_stm32f10x_hd.o(.text)
    DMA1_Channel2_IRQHandler                 0x0800015f   Thumb Code     0  startup_stm32f10x_hd.o(.text)
    DMA1_Channel3_IRQHandler                 0x0800015f   Thumb Code     0  startup_stm32f10x_hd.o(.text)
    DMA1_Channel4_IRQHandler                 0x0800015f   Thumb Code     0  startup_stm32f10x_hd.o(.text)
    DMA1_Channel5_IRQHandler                 0x0800015f   Thumb Code     0  startup_stm32f10x_hd.o(.text)
    DMA1_Channel6_IRQHandler                 0x0800015f   Thumb Code     0  startup_stm32f10x_hd.o(.text)
    DMA1_Channel7_IRQHandler                 0x0800015f   Thumb Code     0  startup_stm32f10x_hd.o(.text)
    DMA2_Channel1_IRQHandler                 0x0800015f   Thumb Code     0  startup_stm32f10x_hd.o(.text)
    DMA2_Channel2_IRQHandler                 0x0800015f   Thumb Code     0  startup_stm32f10x_hd.o(.text)
    DMA2_Channel3_IRQHandler                 0x0800015f   Thumb Code     0  startup_stm32f10x_hd.o(.text)
    DMA2_Channel4_5_IRQHandler               0x0800015f   Thumb Code     0  startup_stm32f10x_hd.o(.text)
    EXTI0_IRQHandler                         0x0800015f   Thumb Code     0  startup_stm32f10x_hd.o(.text)
    EXTI15_10_IRQHandler                     0x0800015f   Thumb Code     0  startup_stm32f10x_hd.o(.text)
    EXTI1_IRQHandler                         0x0800015f   Thumb Code     0  startup_stm32f10x_hd.o(.text)
    EXTI2_IRQHandler                         0x0800015f   Thumb Code     0  startup_stm32f10x_hd.o(.text)
    EXTI3_IRQHandler                         0x0800015f   Thumb Code     0  startup_stm32f10x_hd.o(.text)
    EXTI4_IRQHandler                         0x0800015f   Thumb Code     0  startup_stm32f10x_hd.o(.text)
    EXTI9_5_IRQHandler                       0x0800015f   Thumb Code     0  startup_stm32f10x_hd.o(.text)
    FLASH_IRQHandler                         0x0800015f   Thumb Code     0  startup_stm32f10x_hd.o(.text)
    FSMC_IRQHandler                          0x0800015f   Thumb Code     0  startup_stm32f10x_hd.o(.text)
    I2C1_ER_IRQHandler                       0x0800015f   Thumb Code     0  startup_stm32f10x_hd.o(.text)
    I2C1_EV_IRQHandler                       0x0800015f   Thumb Code     0  startup_stm32f10x_hd.o(.text)
    I2C2_ER_IRQHandler                       0x0800015f   Thumb Code     0  startup_stm32f10x_hd.o(.text)
    I2C2_EV_IRQHandler                       0x0800015f   Thumb Code     0  startup_stm32f10x_hd.o(.text)
    PVD_IRQHandler                           0x0800015f   Thumb Code     0  startup_stm32f10x_hd.o(.text)
    RCC_IRQHandler                           0x0800015f   Thumb Code     0  startup_stm32f10x_hd.o(.text)
    RTCAlarm_IRQHandler                      0x0800015f   Thumb Code     0  startup_stm32f10x_hd.o(.text)
    RTC_IRQHandler                           0x0800015f   Thumb Code     0  startup_stm32f10x_hd.o(.text)
    SDIO_IRQHandler                          0x0800015f   Thumb Code     0  startup_stm32f10x_hd.o(.text)
    SPI1_IRQHandler                          0x0800015f   Thumb Code     0  startup_stm32f10x_hd.o(.text)
    SPI2_IRQHandler                          0x0800015f   Thumb Code     0  startup_stm32f10x_hd.o(.text)
    SPI3_IRQHandler                          0x0800015f   Thumb Code     0  startup_stm32f10x_hd.o(.text)
    TAMPER_IRQHandler                        0x0800015f   Thumb Code     0  startup_stm32f10x_hd.o(.text)
    TIM1_BRK_IRQHandler                      0x0800015f   Thumb Code     0  startup_stm32f10x_hd.o(.text)
    TIM1_CC_IRQHandler                       0x0800015f   Thumb Code     0  startup_stm32f10x_hd.o(.text)
    TIM1_TRG_COM_IRQHandler                  0x0800015f   Thumb Code     0  startup_stm32f10x_hd.o(.text)
    TIM1_UP_IRQHandler                       0x0800015f   Thumb Code     0  startup_stm32f10x_hd.o(.text)
    TIM2_IRQHandler                          0x0800015f   Thumb Code     0  startup_stm32f10x_hd.o(.text)
    TIM3_IRQHandler                          0x0800015f   Thumb Code     0  startup_stm32f10x_hd.o(.text)
    TIM4_IRQHandler                          0x0800015f   Thumb Code     0  startup_stm32f10x_hd.o(.text)
    TIM5_IRQHandler                          0x0800015f   Thumb Code     0  startup_stm32f10x_hd.o(.text)
    TIM6_IRQHandler                          0x0800015f   Thumb Code     0  startup_stm32f10x_hd.o(.text)
    TIM7_IRQHandler                          0x0800015f   Thumb Code     0  startup_stm32f10x_hd.o(.text)
    TIM8_BRK_IRQHandler                      0x0800015f   Thumb Code     0  startup_stm32f10x_hd.o(.text)
    TIM8_CC_IRQHandler                       0x0800015f   Thumb Code     0  startup_stm32f10x_hd.o(.text)
    TIM8_TRG_COM_IRQHandler                  0x0800015f   Thumb Code     0  startup_stm32f10x_hd.o(.text)
    TIM8_UP_IRQHandler                       0x0800015f   Thumb Code     0  startup_stm32f10x_hd.o(.text)
    UART4_IRQHandler                         0x0800015f   Thumb Code     0  startup_stm32f10x_hd.o(.text)
    UART5_IRQHandler                         0x0800015f   Thumb Code     0  startup_stm32f10x_hd.o(.text)
    USART1_IRQHandler                        0x0800015f   Thumb Code     0  startup_stm32f10x_hd.o(.text)
    USART2_IRQHandler                        0x0800015f   Thumb Code     0  startup_stm32f10x_hd.o(.text)
    USBWakeUp_IRQHandler                     0x0800015f   Thumb Code     0  startup_stm32f10x_hd.o(.text)
    USB_HP_CAN1_TX_IRQHandler                0x0800015f   Thumb Code     0  startup_stm32f10x_hd.o(.text)
    USB_LP_CAN1_RX0_IRQHandler               0x0800015f   Thumb Code     0  startup_stm32f10x_hd.o(.text)
    WWDG_IRQHandler                          0x0800015f   Thumb Code     0  startup_stm32f10x_hd.o(.text)
    SystemInit                               0x08000231   Thumb Code    78  system_stm32f10x.o(.text)
    SystemCoreClockUpdate                    0x0800027f   Thumb Code   142  system_stm32f10x.o(.text)
    NVIC_PriorityGroupConfig                 0x08000331   Thumb Code    10  misc.o(.text)
    NVIC_Init                                0x0800033b   Thumb Code   102  misc.o(.text)
    NVIC_SetVectorTable                      0x080003a1   Thumb Code    14  misc.o(.text)
    NVIC_SystemLPConfig                      0x080003af   Thumb Code    38  misc.o(.text)
    SysTick_CLKSourceConfig                  0x080003d5   Thumb Code    40  misc.o(.text)
    ADC_DeInit                               0x08000411   Thumb Code    78  stm32f10x_adc.o(.text)
    ADC_Init                                 0x0800045f   Thumb Code    68  stm32f10x_adc.o(.text)
    ADC_StructInit                           0x080004a3   Thumb Code    18  stm32f10x_adc.o(.text)
    ADC_Cmd                                  0x080004b5   Thumb Code    22  stm32f10x_adc.o(.text)
    ADC_DMACmd                               0x080004cb   Thumb Code    22  stm32f10x_adc.o(.text)
    ADC_ITConfig                             0x080004e1   Thumb Code    24  stm32f10x_adc.o(.text)
    ADC_ResetCalibration                     0x080004f9   Thumb Code    10  stm32f10x_adc.o(.text)
    ADC_GetResetCalibrationStatus            0x08000503   Thumb Code    20  stm32f10x_adc.o(.text)
    ADC_StartCalibration                     0x08000517   Thumb Code    10  stm32f10x_adc.o(.text)
    ADC_GetCalibrationStatus                 0x08000521   Thumb Code    20  stm32f10x_adc.o(.text)
    ADC_SoftwareStartConvCmd                 0x08000535   Thumb Code    22  stm32f10x_adc.o(.text)
    ADC_GetSoftwareStartConvStatus           0x0800054b   Thumb Code    20  stm32f10x_adc.o(.text)
    ADC_DiscModeChannelCountConfig           0x0800055f   Thumb Code    22  stm32f10x_adc.o(.text)
    ADC_DiscModeCmd                          0x08000575   Thumb Code    22  stm32f10x_adc.o(.text)
    ADC_RegularChannelConfig                 0x0800058b   Thumb Code   180  stm32f10x_adc.o(.text)
    ADC_ExternalTrigConvCmd                  0x0800063f   Thumb Code    22  stm32f10x_adc.o(.text)
    ADC_GetConversionValue                   0x08000655   Thumb Code     8  stm32f10x_adc.o(.text)
    ADC_GetDualModeConversionValue           0x0800065d   Thumb Code     8  stm32f10x_adc.o(.text)
    ADC_AutoInjectedConvCmd                  0x08000665   Thumb Code    22  stm32f10x_adc.o(.text)
    ADC_InjectedDiscModeCmd                  0x0800067b   Thumb Code    22  stm32f10x_adc.o(.text)
    ADC_ExternalTrigInjectedConvConfig       0x08000691   Thumb Code    14  stm32f10x_adc.o(.text)
    ADC_ExternalTrigInjectedConvCmd          0x0800069f   Thumb Code    22  stm32f10x_adc.o(.text)
    ADC_SoftwareStartInjectedConvCmd         0x080006b5   Thumb Code    22  stm32f10x_adc.o(.text)
    ADC_GetSoftwareStartInjectedConvCmdStatus 0x080006cb   Thumb Code    20  stm32f10x_adc.o(.text)
    ADC_InjectedChannelConfig                0x080006df   Thumb Code   126  stm32f10x_adc.o(.text)
    ADC_InjectedSequencerLengthConfig        0x0800075d   Thumb Code    22  stm32f10x_adc.o(.text)
    ADC_SetInjectedOffset                    0x08000773   Thumb Code    14  stm32f10x_adc.o(.text)
    ADC_GetInjectedConversionValue           0x08000781   Thumb Code    20  stm32f10x_adc.o(.text)
    ADC_AnalogWatchdogCmd                    0x08000795   Thumb Code    14  stm32f10x_adc.o(.text)
    ADC_AnalogWatchdogThresholdsConfig       0x080007a3   Thumb Code     6  stm32f10x_adc.o(.text)
    ADC_AnalogWatchdogSingleChannelConfig    0x080007a9   Thumb Code    14  stm32f10x_adc.o(.text)
    ADC_TempSensorVrefintCmd                 0x080007b7   Thumb Code    38  stm32f10x_adc.o(.text)
    ADC_GetFlagStatus                        0x080007dd   Thumb Code    18  stm32f10x_adc.o(.text)
    ADC_ClearFlag                            0x080007ef   Thumb Code    34  stm32f10x_adc.o(.text)
    ADC_GetITStatus                          0x08000811   Thumb Code    36  stm32f10x_adc.o(.text)
    ADC_ClearITPendingBit                    0x08000835   Thumb Code    10  stm32f10x_adc.o(.text)
    GPIO_DeInit                              0x08000841   Thumb Code   172  stm32f10x_gpio.o(.text)
    GPIO_AFIODeInit                          0x080008ed   Thumb Code    20  stm32f10x_gpio.o(.text)
    GPIO_Init                                0x08000901   Thumb Code   268  stm32f10x_gpio.o(.text)
    GPIO_StructInit                          0x08000a0d   Thumb Code    16  stm32f10x_gpio.o(.text)
    GPIO_ReadInputDataBit                    0x08000a1d   Thumb Code    18  stm32f10x_gpio.o(.text)
    GPIO_ReadInputData                       0x08000a2f   Thumb Code     8  stm32f10x_gpio.o(.text)
    GPIO_ReadOutputDataBit                   0x08000a37   Thumb Code    18  stm32f10x_gpio.o(.text)
    GPIO_ReadOutputData                      0x08000a49   Thumb Code     8  stm32f10x_gpio.o(.text)
    GPIO_SetBits                             0x08000a51   Thumb Code     4  stm32f10x_gpio.o(.text)
    GPIO_ResetBits                           0x08000a55   Thumb Code     4  stm32f10x_gpio.o(.text)
    GPIO_WriteBit                            0x08000a59   Thumb Code    10  stm32f10x_gpio.o(.text)
    GPIO_Write                               0x08000a63   Thumb Code     4  stm32f10x_gpio.o(.text)
    GPIO_PinLockConfig                       0x08000a67   Thumb Code    18  stm32f10x_gpio.o(.text)
    GPIO_EventOutputConfig                   0x08000a79   Thumb Code    24  stm32f10x_gpio.o(.text)
    GPIO_EventOutputCmd                      0x08000a91   Thumb Code     6  stm32f10x_gpio.o(.text)
    GPIO_PinRemapConfig                      0x08000a97   Thumb Code   136  stm32f10x_gpio.o(.text)
    GPIO_EXTILineConfig                      0x08000b1f   Thumb Code    60  stm32f10x_gpio.o(.text)
    GPIO_ETH_MediaInterfaceConfig            0x08000b5b   Thumb Code     8  stm32f10x_gpio.o(.text)
    RCC_DeInit                               0x08000b89   Thumb Code    64  stm32f10x_rcc.o(.text)
    RCC_HSEConfig                            0x08000bc9   Thumb Code    70  stm32f10x_rcc.o(.text)
    RCC_GetFlagStatus                        0x08000c0f   Thumb Code    56  stm32f10x_rcc.o(.text)
    RCC_WaitForHSEStartUp                    0x08000c47   Thumb Code    48  stm32f10x_rcc.o(.text)
    RCC_AdjustHSICalibrationValue            0x08000c77   Thumb Code    18  stm32f10x_rcc.o(.text)
    RCC_HSICmd                               0x08000c89   Thumb Code     6  stm32f10x_rcc.o(.text)
    RCC_PLLConfig                            0x08000c8f   Thumb Code    22  stm32f10x_rcc.o(.text)
    RCC_PLLCmd                               0x08000ca5   Thumb Code     6  stm32f10x_rcc.o(.text)
    RCC_SYSCLKConfig                         0x08000cab   Thumb Code    16  stm32f10x_rcc.o(.text)
    RCC_GetSYSCLKSource                      0x08000cbb   Thumb Code    10  stm32f10x_rcc.o(.text)
    RCC_HCLKConfig                           0x08000cc5   Thumb Code    16  stm32f10x_rcc.o(.text)
    RCC_PCLK1Config                          0x08000cd5   Thumb Code    16  stm32f10x_rcc.o(.text)
    RCC_PCLK2Config                          0x08000ce5   Thumb Code    18  stm32f10x_rcc.o(.text)
    RCC_ITConfig                             0x08000cf7   Thumb Code    30  stm32f10x_rcc.o(.text)
    RCC_USBCLKConfig                         0x08000d15   Thumb Code     8  stm32f10x_rcc.o(.text)
    RCC_ADCCLKConfig                         0x08000d1d   Thumb Code    16  stm32f10x_rcc.o(.text)
    RCC_LSEConfig                            0x08000d2d   Thumb Code    50  stm32f10x_rcc.o(.text)
    RCC_LSICmd                               0x08000d5f   Thumb Code     6  stm32f10x_rcc.o(.text)
    RCC_RTCCLKConfig                         0x08000d65   Thumb Code    12  stm32f10x_rcc.o(.text)
    RCC_RTCCLKCmd                            0x08000d71   Thumb Code     8  stm32f10x_rcc.o(.text)
    RCC_GetClocksFreq                        0x08000d79   Thumb Code   194  stm32f10x_rcc.o(.text)
    RCC_AHBPeriphClockCmd                    0x08000e3b   Thumb Code    26  stm32f10x_rcc.o(.text)
    RCC_APB2PeriphClockCmd                   0x08000e55   Thumb Code    26  stm32f10x_rcc.o(.text)
    RCC_APB1PeriphClockCmd                   0x08000e6f   Thumb Code    26  stm32f10x_rcc.o(.text)
    RCC_APB2PeriphResetCmd                   0x08000e89   Thumb Code    26  stm32f10x_rcc.o(.text)
    RCC_APB1PeriphResetCmd                   0x08000ea3   Thumb Code    26  stm32f10x_rcc.o(.text)
    RCC_BackupResetCmd                       0x08000ebd   Thumb Code     8  stm32f10x_rcc.o(.text)
    RCC_ClockSecuritySystemCmd               0x08000ec5   Thumb Code     6  stm32f10x_rcc.o(.text)
    RCC_MCOConfig                            0x08000ecb   Thumb Code     6  stm32f10x_rcc.o(.text)
    RCC_ClearFlag                            0x08000ed1   Thumb Code    14  stm32f10x_rcc.o(.text)
    RCC_GetITStatus                          0x08000edf   Thumb Code    20  stm32f10x_rcc.o(.text)
    RCC_ClearITPendingBit                    0x08000ef3   Thumb Code     6  stm32f10x_rcc.o(.text)
    USART_DeInit                             0x08000f19   Thumb Code   134  stm32f10x_usart.o(.text)
    USART_Init                               0x08000f9f   Thumb Code   210  stm32f10x_usart.o(.text)
    USART_StructInit                         0x08001071   Thumb Code    24  stm32f10x_usart.o(.text)
    USART_ClockInit                          0x08001089   Thumb Code    32  stm32f10x_usart.o(.text)
    USART_ClockStructInit                    0x080010a9   Thumb Code    12  stm32f10x_usart.o(.text)
    USART_Cmd                                0x080010b5   Thumb Code    24  stm32f10x_usart.o(.text)
    USART_ITConfig                           0x080010cd   Thumb Code    72  stm32f10x_usart.o(.text)
    USART_DMACmd                             0x08001115   Thumb Code    24  stm32f10x_usart.o(.text)
    USART_SetAddress                         0x0800112d   Thumb Code    18  stm32f10x_usart.o(.text)
    USART_WakeUpConfig                       0x0800113f   Thumb Code    18  stm32f10x_usart.o(.text)
    USART_ReceiverWakeUpCmd                  0x08001151   Thumb Code    24  stm32f10x_usart.o(.text)
    USART_LINBreakDetectLengthConfig         0x08001169   Thumb Code    18  stm32f10x_usart.o(.text)
    USART_LINCmd                             0x0800117b   Thumb Code    24  stm32f10x_usart.o(.text)
    USART_SendData                           0x08001193   Thumb Code     8  stm32f10x_usart.o(.text)
    USART_ReceiveData                        0x0800119b   Thumb Code    10  stm32f10x_usart.o(.text)
    USART_SendBreak                          0x080011a5   Thumb Code    10  stm32f10x_usart.o(.text)
    USART_SetGuardTime                       0x080011af   Thumb Code    16  stm32f10x_usart.o(.text)
    USART_SetPrescaler                       0x080011bf   Thumb Code    16  stm32f10x_usart.o(.text)
    USART_SmartCardCmd                       0x080011cf   Thumb Code    24  stm32f10x_usart.o(.text)
    USART_SmartCardNACKCmd                   0x080011e7   Thumb Code    24  stm32f10x_usart.o(.text)
    USART_HalfDuplexCmd                      0x080011ff   Thumb Code    24  stm32f10x_usart.o(.text)
    USART_OverSampling8Cmd                   0x08001217   Thumb Code    22  stm32f10x_usart.o(.text)
    USART_OneBitMethodCmd                    0x0800122d   Thumb Code    24  stm32f10x_usart.o(.text)
    USART_IrDAConfig                         0x08001245   Thumb Code    18  stm32f10x_usart.o(.text)
    USART_IrDACmd                            0x08001257   Thumb Code    24  stm32f10x_usart.o(.text)
    USART_GetFlagStatus                      0x0800126f   Thumb Code    26  stm32f10x_usart.o(.text)
    USART_ClearFlag                          0x08001289   Thumb Code    18  stm32f10x_usart.o(.text)
    USART_GetITStatus                        0x0800129b   Thumb Code    84  stm32f10x_usart.o(.text)
    USART_ClearITPendingBit                  0x080012ef   Thumb Code    50  stm32f10x_usart.o(.text)
    main                                     0x08001321   Thumb Code    32  main.o(.text)
    NMI_Handler                              0x08001369   Thumb Code     2  stm32f10x_it.o(.text)
    HardFault_Handler                        0x0800136b   Thumb Code     4  stm32f10x_it.o(.text)
    MemManage_Handler                        0x0800136f   Thumb Code     4  stm32f10x_it.o(.text)
    BusFault_Handler                         0x08001373   Thumb Code     4  stm32f10x_it.o(.text)
    UsageFault_Handler                       0x08001377   Thumb Code     4  stm32f10x_it.o(.text)
    SVC_Handler                              0x0800137b   Thumb Code     2  stm32f10x_it.o(.text)
    DebugMon_Handler                         0x0800137d   Thumb Code     2  stm32f10x_it.o(.text)
    PendSV_Handler                           0x0800137f   Thumb Code     2  stm32f10x_it.o(.text)
    SysTick_Handler                          0x08001381   Thumb Code     8  stm32f10x_it.o(.text)
    USART3_IRQHandler                        0x08001389   Thumb Code   130  stm32f10x_it.o(.text)
    USART_printf                             0x08001483   Thumb Code   262  common.o(.text)
    DS18B20_Rst                              0x08001589   Thumb Code    60  ds18b20.o(.text)
    DS18B20_Check                            0x080015c5   Thumb Code   102  ds18b20.o(.text)
    DS18B20_Read_Bit                         0x0800162b   Thumb Code   110  ds18b20.o(.text)
    DS18B20_Read_Byte                        0x08001699   Thumb Code    34  ds18b20.o(.text)
    DS18B20_Write_Byte                       0x080016bb   Thumb Code   108  ds18b20.o(.text)
    DS18B20_Start                            0x08001727   Thumb Code    24  ds18b20.o(.text)
    DS18B20_Init                             0x0800173f   Thumb Code    54  ds18b20.o(.text)
    DS18B20_Get_Temp                         0x08001775   Thumb Code   134  ds18b20.o(.text)
    ESP8266_Init                             0x08001911   Thumb Code    32  esp8266.o(.text)
    ESP8266_Rst                              0x08001931   Thumb Code    30  esp8266.o(.text)
    ESP8266_Cmd                              0x0800194f   Thumb Code   186  esp8266.o(.text)
    ESP8266_AT_Test                          0x08001a09   Thumb Code    54  esp8266.o(.text)
    ESP8266_Net_Mode_Choose                  0x08001a3f   Thumb Code    68  esp8266.o(.text)
    ESP8266_JoinAP                           0x08001a83   Thumb Code    38  esp8266.o(.text)
    ESP8266_BuildAP                          0x08001aa9   Thumb Code    42  esp8266.o(.text)
    ESP8266_Enable_MultipleId                0x08001ad3   Thumb Code    42  esp8266.o(.text)
    ESP8266_Link_Server                      0x08001afd   Thumb Code   110  esp8266.o(.text)
    ESP8266_StartOrShutServer                0x08001b6b   Thumb Code   108  esp8266.o(.text)
    ESP8266_Get_LinkStatus                   0x08001bd7   Thumb Code    64  esp8266.o(.text)
    ESP8266_Get_IdLinkStatus                 0x08001c17   Thumb Code   474  esp8266.o(.text)
    ESP8266_Inquire_ApIp                     0x08001df1   Thumb Code    80  esp8266.o(.text)
    ESP8266_UnvarnishSend                    0x08001e41   Thumb Code    42  esp8266.o(.text)
    ESP8266_ExitUnvarnishSend                0x08001e6b   Thumb Code    24  esp8266.o(.text)
    ESP8266_SendString                       0x08001e83   Thumb Code   104  esp8266.o(.text)
    ESP8266_ReceiveString                    0x08001eeb   Thumb Code    92  esp8266.o(.text)
    SysTick_Init                             0x08001ff9   Thumb Code   102  systick.o(.text)
    Delay_us                                 0x0800205f   Thumb Code    32  systick.o(.text)
    TimingDelay_Decrement                    0x0800207f   Thumb Code    18  systick.o(.text)
    USARTx_Config                            0x080020a5   Thumb Code   120  usart1.o(.text)
    fputc                                    0x0800211d   Thumb Code    32  usart1.o(.text)
    fgetc                                    0x0800213d   Thumb Code    26  usart1.o(.text)
    DHT11_Init                               0x08002187   Thumb Code    16  dht11.o(.text)
    DHT11_Read_TempAndHumidity               0x0800222b   Thumb Code   134  dht11.o(.text)
    ESP8266_StaTcpClient_UnvarnishTest       0x080022b5   Thumb Code   282  send.o(.text)
    Adc_Init                                 0x080024e9   Thumb Code   132  mq.o(.text)
    Get_Adc                                  0x0800256d   Thumb Code    46  mq.o(.text)
    Get_Adc_Average                          0x0800259b   Thumb Code    46  mq.o(.text)
    Get_Adc_Convert                          0x080025c9   Thumb Code    92  mq.o(.text)
    __aeabi_memset                           0x08002639   Thumb Code    14  memseta.o(.text)
    __aeabi_memset4                          0x08002639   Thumb Code     0  memseta.o(.text)
    __aeabi_memset8                          0x08002639   Thumb Code     0  memseta.o(.text)
    __aeabi_memclr                           0x08002647   Thumb Code     4  memseta.o(.text)
    __aeabi_memclr4                          0x08002647   Thumb Code     0  memseta.o(.text)
    __aeabi_memclr8                          0x08002647   Thumb Code     0  memseta.o(.text)
    _memset$wrapper                          0x0800264b   Thumb Code    20  memseta.o(.text)
    strstr                                   0x0800265f   Thumb Code    44  strstr.o(.text)
    __aeabi_fadd                             0x08002705   Thumb Code    14  fadd.o(.text)
    __aeabi_fsub                             0x08002713   Thumb Code    14  fadd.o(.text)
    __aeabi_frsub                            0x08002721   Thumb Code    18  fadd.o(.text)
    __aeabi_fmul                             0x08002733   Thumb Code   102  fmul.o(.text)
    __aeabi_dmul                             0x08002799   Thumb Code   232  dmul.o(.text)
    __aeabi_i2f                              0x08002881   Thumb Code    20  fflti.o(.text)
    __aeabi_ui2f                             0x08002895   Thumb Code    10  ffltui.o(.text)
    __aeabi_f2uiz                            0x0800289f   Thumb Code    40  ffixui.o(.text)
    __aeabi_f2d                              0x080028c7   Thumb Code    36  f2d.o(.text)
    __aeabi_d2f                              0x080028eb   Thumb Code    58  d2f.o(.text)
    __aeabi_cfrcmple                         0x08002925   Thumb Code    20  cfrcmple.o(.text)
    __aeabi_uidiv                            0x08002939   Thumb Code     0  uidiv.o(.text)
    __aeabi_uidivmod                         0x08002939   Thumb Code    44  uidiv.o(.text)
    __aeabi_uldivmod                         0x08002965   Thumb Code    90  uldiv.o(.text)
    __I$use$fp                               0x080029bf   Thumb Code     0  iusefp.o(.text)
    _float_round                             0x080029bf   Thumb Code    18  fepilogue.o(.text)
    _float_epilogue                          0x080029d1   Thumb Code    74  fepilogue.o(.text)
    _double_round                            0x08002a1d   Thumb Code    54  depilogue.o(.text)
    _double_epilogue                         0x08002a53   Thumb Code   142  depilogue.o(.text)
    __aeabi_dadd                             0x08002bf3   Thumb Code    48  dadd.o(.text)
    __aeabi_dsub                             0x08002c23   Thumb Code    48  dadd.o(.text)
    __aeabi_drsub                            0x08002c53   Thumb Code    48  dadd.o(.text)
    __aeabi_ddiv                             0x08002c83   Thumb Code   248  ddiv.o(.text)
    __aeabi_d2ulz                            0x08002d7b   Thumb Code    50  dfixul.o(.text)
    __aeabi_cdrcmple                         0x08002dad   Thumb Code    74  cdrcmple.o(.text)
    __scatterload                            0x08002df9   Thumb Code    28  init.o(.text)
    __scatterload_rt2                        0x08002df9   Thumb Code     0  init.o(.text)
    __aeabi_llsl                             0x08002e1d   Thumb Code    32  llshl.o(.text)
    _ll_shift_l                              0x08002e1d   Thumb Code     0  llshl.o(.text)
    __aeabi_llsr                             0x08002e3d   Thumb Code    30  llushr.o(.text)
    _ll_ushift_r                             0x08002e3d   Thumb Code     0  llushr.o(.text)
    __0printf                                0x08002e5d   Thumb Code    22  printfa.o(i.__0printf)
    __1printf                                0x08002e5d   Thumb Code     0  printfa.o(i.__0printf)
    __2printf                                0x08002e5d   Thumb Code     0  printfa.o(i.__0printf)
    __c89printf                              0x08002e5d   Thumb Code     0  printfa.o(i.__0printf)
    printf                                   0x08002e5d   Thumb Code     0  printfa.o(i.__0printf)
    __0sprintf                               0x08002e7d   Thumb Code    34  printfa.o(i.__0sprintf)
    __1sprintf                               0x08002e7d   Thumb Code     0  printfa.o(i.__0sprintf)
    __2sprintf                               0x08002e7d   Thumb Code     0  printfa.o(i.__0sprintf)
    __c89sprintf                             0x08002e7d   Thumb Code     0  printfa.o(i.__0sprintf)
    sprintf                                  0x08002e7d   Thumb Code     0  printfa.o(i.__0sprintf)
    __scatterload_copy                       0x08002ea5   Thumb Code    14  handlers.o(i.__scatterload_copy)
    __scatterload_null                       0x08002eb3   Thumb Code     2  handlers.o(i.__scatterload_null)
    __scatterload_zeroinit                   0x08002eb5   Thumb Code    14  handlers.o(i.__scatterload_zeroinit)
    Region$$Table$$Base                      0x080037b8   Number         0  anon$$obj.o(Region$$Table)
    Region$$Table$$Limit                     0x080037d8   Number         0  anon$$obj.o(Region$$Table)
    SystemCoreClock                          0x20000000   Data           4  system_stm32f10x.o(.data)
    AHBPrescTable                            0x20000004   Data          16  system_stm32f10x.o(.data)
    ucTcpClosedFlag                          0x2000002c   Data           1  send.o(.data)
    __stdout                                 0x20000030   Data           4  stdout.o(.data)
    strEsp8266_Fram_Record                   0x20000034   Data        1026  esp8266.o(.bss)
    __initial_sp                             0x20000838   Data           0  startup_stm32f10x_hd.o(STACK)



==============================================================================

Memory Map of the image

  Image Entry point : 0x08000131

  Load Region LR_IROM1 (Base: 0x08000000, Size: 0x0000380c, Max: 0x00040000, ABSOLUTE)

    Execution Region ER_IROM1 (Base: 0x08000000, Size: 0x000037d8, Max: 0x00040000, ABSOLUTE)

    Base Addr    Size         Type   Attr      Idx    E Section Name        Object

    0x08000000   0x00000130   Data   RO            3    RESET               startup_stm32f10x_hd.o
    0x08000130   0x00000000   Code   RO          615  * .ARM.Collect$$$$00000000  entry.o(mc_w.l)
    0x08000130   0x00000004   Code   RO          901    .ARM.Collect$$$$00000001  entry2.o(mc_w.l)
    0x08000134   0x00000004   Code   RO          904    .ARM.Collect$$$$00000004  entry5.o(mc_w.l)
    0x08000138   0x00000008   Code   RO          905    .ARM.Collect$$$$00000007  entry7.o(mc_w.l)
    0x08000140   0x00000004   Code   RO          902    .ARM.Collect$$$$00002712  entry2.o(mc_w.l)
    0x08000144   0x00000024   Code   RO            4    .text               startup_stm32f10x_hd.o
    0x08000168   0x000001c8   Code   RO           24    .text               system_stm32f10x.o
    0x08000330   0x000000e0   Code   RO           67    .text               misc.o
    0x08000410   0x0000042e   Code   RO           83    .text               stm32f10x_adc.o
    0x0800083e   0x00000002   PAD
    0x08000840   0x00000348   Code   RO          248    .text               stm32f10x_gpio.o
    0x08000b88   0x00000390   Code   RO          305    .text               stm32f10x_rcc.o
    0x08000f18   0x00000408   Code   RO          376    .text               stm32f10x_usart.o
    0x08001320   0x00000048   Code   RO          403    .text               main.o
    0x08001368   0x000000bc   Code   RO          442    .text               stm32f10x_it.o
    0x08001424   0x00000164   Code   RO          471    .text               common.o
    0x08001588   0x0000028c   Code   RO          486    .text               ds18b20.o
    0x08001814   0x000007e4   Code   RO          519    .text               esp8266.o
    0x08001ff8   0x000000ac   Code   RO          537    .text               systick.o
    0x080020a4   0x000000bc   Code   RO          555    .text               usart1.o
    0x08002160   0x00000154   Code   RO          567    .text               dht11.o
    0x080022b4   0x00000234   Code   RO          582    .text               send.o
    0x080024e8   0x00000150   Code   RO          603    .text               mq.o
    0x08002638   0x00000026   Code   RO          618    .text               memseta.o(mc_w.l)
    0x0800265e   0x0000002c   Code   RO          620    .text               strstr.o(mc_w.l)
    0x0800268a   0x000000a8   Code   RO          883    .text               fadd.o(mf_w.l)
    0x08002732   0x00000066   Code   RO          885    .text               fmul.o(mf_w.l)
    0x08002798   0x000000e8   Code   RO          887    .text               dmul.o(mf_w.l)
    0x08002880   0x00000014   Code   RO          889    .text               fflti.o(mf_w.l)
    0x08002894   0x0000000a   Code   RO          891    .text               ffltui.o(mf_w.l)
    0x0800289e   0x00000028   Code   RO          893    .text               ffixui.o(mf_w.l)
    0x080028c6   0x00000024   Code   RO          895    .text               f2d.o(mf_w.l)
    0x080028ea   0x0000003a   Code   RO          897    .text               d2f.o(mf_w.l)
    0x08002924   0x00000014   Code   RO          899    .text               cfrcmple.o(mf_w.l)
    0x08002938   0x0000002c   Code   RO          907    .text               uidiv.o(mc_w.l)
    0x08002964   0x0000005a   Code   RO          909    .text               uldiv.o(mc_w.l)
    0x080029be   0x00000000   Code   RO          911    .text               iusefp.o(mc_w.l)
    0x080029be   0x0000005c   Code   RO          912    .text               fepilogue.o(mf_w.l)
    0x08002a1a   0x00000002   PAD
    0x08002a1c   0x000000c8   Code   RO          914    .text               depilogue.o(mf_w.l)
    0x08002ae4   0x0000019e   Code   RO          916    .text               dadd.o(mf_w.l)
    0x08002c82   0x000000f8   Code   RO          918    .text               ddiv.o(mf_w.l)
    0x08002d7a   0x00000032   Code   RO          920    .text               dfixul.o(mf_w.l)
    0x08002dac   0x0000004c   Code   RO          922    .text               cdrcmple.o(mf_w.l)
    0x08002df8   0x00000024   Code   RO          924    .text               init.o(mc_w.l)
    0x08002e1c   0x00000020   Code   RO          926    .text               llshl.o(mc_w.l)
    0x08002e3c   0x0000001e   Code   RO          928    .text               llushr.o(mc_w.l)
    0x08002e5a   0x00000002   PAD
    0x08002e5c   0x00000020   Code   RO          855    i.__0printf         printfa.o(mc_w.l)
    0x08002e7c   0x00000028   Code   RO          857    i.__0sprintf        printfa.o(mc_w.l)
    0x08002ea4   0x0000000e   Code   RO          932    i.__scatterload_copy  handlers.o(mc_w.l)
    0x08002eb2   0x00000002   Code   RO          933    i.__scatterload_null  handlers.o(mc_w.l)
    0x08002eb4   0x0000000e   Code   RO          934    i.__scatterload_zeroinit  handlers.o(mc_w.l)
    0x08002ec2   0x00000002   PAD
    0x08002ec4   0x00000198   Code   RO          862    i._fp_digits        printfa.o(mc_w.l)
    0x0800305c   0x00000700   Code   RO          863    i._printf_core      printfa.o(mc_w.l)
    0x0800375c   0x00000024   Code   RO          864    i._printf_post_padding  printfa.o(mc_w.l)
    0x08003780   0x0000002c   Code   RO          865    i._printf_pre_padding  printfa.o(mc_w.l)
    0x080037ac   0x0000000a   Code   RO          867    i._sputc            printfa.o(mc_w.l)
    0x080037b6   0x00000002   PAD
    0x080037b8   0x00000020   Data   RO          930    Region$$Table       anon$$obj.o


    Execution Region RW_IRAM1 (Base: 0x20000000, Size: 0x00000838, Max: 0x0000c000, ABSOLUTE)

    Base Addr    Size         Type   Attr      Idx    E Section Name        Object

    0x20000000   0x00000014   Data   RW           25    .data               system_stm32f10x.o
    0x20000014   0x00000014   Data   RW          306    .data               stm32f10x_rcc.o
    0x20000028   0x00000004   Data   RW          538    .data               systick.o
    0x2000002c   0x00000001   Data   RW          583    .data               send.o
    0x2000002d   0x00000003   PAD
    0x20000030   0x00000004   Data   RW          906    .data               stdout.o(mc_w.l)
    0x20000034   0x00000402   Zero   RW          520    .bss                esp8266.o
    0x20000436   0x00000002   PAD
    0x20000438   0x00000400   Zero   RW            1    STACK               startup_stm32f10x_hd.o


==============================================================================

Image component sizes


      Code (inc. data)   RO Data    RW Data    ZI Data      Debug   Object Name

       356          0          0          0          0       2087   common.o
         0          0          0          0          0       4216   core_cm3.o
       340          4          0          0          0       2536   dht11.o
       652         26          0          0          0       2142   ds18b20.o
      2020        522          0          0       1026       8381   esp8266.o
        72         40          0          0          0       1623   main.o
       224         20          0          0          0       1761   misc.o
       336         20          0          0          0       1283   mq.o
       564        282          0          1          0       1483   send.o
        36          8        304          0       1024        532   startup_stm32f10x_hd.o
      1070         28          0          0          0      19881   stm32f10x_adc.o
       840         38          0          0          0       5641   stm32f10x_gpio.o
       188         26          0          0          0       1480   stm32f10x_it.o
       912         32          0         20          0       8756   stm32f10x_rcc.o
      1032         20          0          0          0       8396   stm32f10x_usart.o
       456         36          0         20          0     229711   system_stm32f10x.o
       172         20          0          4          0      16485   systick.o
       188         10          0          0          0        988   usart1.o

    ----------------------------------------------------------------------
      9460       1132        336         48       2052     317382   Object Totals
         0          0         32          0          0          0   (incl. Generated)
         2          0          0          3          2          0   (incl. Padding)

    ----------------------------------------------------------------------

      Code (inc. data)   RO Data    RW Data    ZI Data      Debug   Library Member Name

        76          2          0          0          0         68   cdrcmple.o
        20          0          0          0          0         68   cfrcmple.o
        58          0          0          0          0         96   d2f.o
       414          0          0          0          0        184   dadd.o
       248          0          0          0          0         96   ddiv.o
       200          4          0          0          0        136   depilogue.o
        50          0          0          0          0         68   dfixul.o
       232          0          0          0          0         96   dmul.o
         0          0          0          0          0          0   entry.o
         8          4          0          0          0          0   entry2.o
         4          0          0          0          0          0   entry5.o
         8          4          0          0          0          0   entry7.o
        36          0          0          0          0         68   f2d.o
       168          0          0          0          0        144   fadd.o
        92          0          0          0          0        152   fepilogue.o
        40          0          0          0          0         68   ffixui.o
        20          0          0          0          0         68   fflti.o
        10          0          0          0          0         68   ffltui.o
       102          0          0          0          0         76   fmul.o
        30          0          0          0          0          0   handlers.o
        36          8          0          0          0         68   init.o
         0          0          0          0          0          0   iusefp.o
        32          0          0          0          0         68   llshl.o
        30          0          0          0          0         68   llushr.o
        38          0          0          0          0        108   memseta.o
      2362        108          0          0          0        592   printfa.o
         0          0          0          4          0          0   stdout.o
        44          0          0          0          0         76   strstr.o
        44          0          0          0          0         76   uidiv.o
        90          0          0          0          0         88   uldiv.o

    ----------------------------------------------------------------------
      4500        130          0          4          0       2600   Library Totals
         8          0          0          0          0          0   (incl. Padding)

    ----------------------------------------------------------------------

      Code (inc. data)   RO Data    RW Data    ZI Data      Debug   Library Name

      2726        124          0          4          0       1144   mc_w.l
      1766          6          0          0          0       1456   mf_w.l

    ----------------------------------------------------------------------
      4500        130          0          4          0       2600   Library Totals

    ----------------------------------------------------------------------

==============================================================================


      Code (inc. data)   RO Data    RW Data    ZI Data      Debug   

     13960       1262        336         52       2052     317332   Grand Totals
     13960       1262        336         52       2052     317332   ELF Image Totals
     13960       1262        336         52          0          0   ROM Totals

==============================================================================

    Total RO  Size (Code + RO Data)                14296 (  13.96kB)
    Total RW  Size (RW Data + ZI Data)              2104 (   2.05kB)
    Total ROM Size (Code + RO Data + RW Data)      14348 (  14.01kB)

==============================================================================

