<html>
<body>
<pre>
<h1>礦ision Build Log</h1>
<h2>Project:</h2>
F:\毕设\感知层设计\Code\WIFI\Project\RVMDK（uv4）\WIFI.uvproj
Project File Date:  04/24/2017

<h2>Output:</h2>
Build target 'LYG'
assembling startup_stm32f10x_hd.s...
compiling core_cm3.c...
compiling system_stm32f10x.c...
compiling misc.c...
compiling stm32f10x_adc.c...
compiling stm32f10x_bkp.c...
compiling stm32f10x_can.c...
compiling stm32f10x_cec.c...
compiling stm32f10x_crc.c...
compiling stm32f10x_dac.c...
compiling stm32f10x_dbgmcu.c...
compiling stm32f10x_dma.c...
compiling stm32f10x_exti.c...
compiling stm32f10x_flash.c...
compiling stm32f10x_fsmc.c...
compiling stm32f10x_gpio.c...
compiling stm32f10x_i2c.c...
compiling stm32f10x_iwdg.c...
compiling stm32f10x_pwr.c...
compiling stm32f10x_rcc.c...
compiling stm32f10x_rtc.c...
compiling stm32f10x_sdio.c...
compiling stm32f10x_spi.c...
compiling stm32f10x_tim.c...
compiling stm32f10x_usart.c...
compiling stm32f10x_wwdg.c...
compiling main.c...
compiling stm32f10x_it.c...
compiling Common.c...
compiling ds18b20.c...
..\..\User\DS18B20\ds18b20.c(178): warning:  #225-D: the format string ends before this argument
compiling sys.c...
compiling esp8266.c...
compiling SysTick.c...
compiling usart1.c...
compiling dht11.c...
compiling send.c...
compiling mq.c...
linking...
Program Size: Code=14364 RO-data=336 RW-data=52 ZI-data=2156  
FromELF: creating hex file...
"..\..\Output\LYG.axf" - 0 Error(s), 1 Warning(s).
